Component: ARM Compiler 5.06 update 1 (build 61) Tool: armlink [4d35a8]

==============================================================================

Section Cross References

    main.o(i.main) refers to misc.o(i.NVIC_PriorityGroupConfig) for NVIC_PriorityGroupConfig
    main.o(i.main) refers to delay.o(i.delay_init) for delay_init
    main.o(i.main) refers to usart.o(i.u485_init) for u485_init
    main.o(i.main) refers to timer.o(i.TIM3_Int_Init) for TIM3_Int_Init
    main.o(i.main) refers to crc.o(i.crc_init) for crc_init
    main.o(i.main) refers to motor.o(i.motor_init) for motor_init
    main.o(i.main) refers to current.o(i.adc_init) for adc_init
    main.o(i.main) refers to mos.o(i.mos_init) for mos_init
    main.o(i.main) refers to lswitch.o(i.lmtswitch_init) for lmtswitch_init
    main.o(i.main) refers to delay.o(i.delay_ms) for delay_ms
    main.o(i.main) refers to wdg.o(i.IWDG_Config) for IWDG_Config
    main.o(i.main) refers to current.o(i.Get_ADC_Value) for Get_ADC_Value
    main.o(i.main) refers to u485.o(i.u485_tick) for u485_tick
    main.o(i.main) refers to lswitch.o(i.lmtswitch_dect) for lmtswitch_dect
    main.o(i.main) refers to wdg.o(i.IWDG_Feed) for IWDG_Feed
    main.o(i.main) refers to motor.o(i.motor_chk) for motor_chk
    main.o(i.main) refers to main.o(.data) for ST_CURRENT
    system_stm32f10x.o(i.SetSysClock) refers to system_stm32f10x.o(i.SetSysClockTo72) for SetSysClockTo72
    system_stm32f10x.o(i.SystemCoreClockUpdate) refers to system_stm32f10x.o(.data) for SystemCoreClock
    system_stm32f10x.o(i.SystemInit) refers to system_stm32f10x.o(i.SetSysClock) for SetSysClock
    delay.o(i.delay_init) refers to misc.o(i.SysTick_CLKSourceConfig) for SysTick_CLKSourceConfig
    delay.o(i.delay_init) refers to system_stm32f10x.o(.data) for SystemCoreClock
    delay.o(i.delay_init) refers to delay.o(.data) for fac_us
    delay.o(i.delay_ms) refers to delay.o(.data) for fac_ms
    delay.o(i.delay_us) refers to delay.o(.data) for fac_us
    usart.o(i.USART1_IRQHandler) refers to stm32f10x_usart.o(i.USART_GetITStatus) for USART_GetITStatus
    usart.o(i.USART1_IRQHandler) refers to stm32f10x_usart.o(i.USART_ReceiveData) for USART_ReceiveData
    usart.o(i.USART1_IRQHandler) refers to u485.o(i.u485_queue_init) for u485_queue_init
    usart.o(i.USART1_IRQHandler) refers to usart.o(.bss) for Q_485
    usart.o(i.Usart_SendByte) refers to stm32f10x_usart.o(i.USART_SendData) for USART_SendData
    usart.o(i.Usart_SendByte) refers to stm32f10x_usart.o(i.USART_GetFlagStatus) for USART_GetFlagStatus
    usart.o(i.Usart_SendString) refers to usart.o(i.Usart_SendByte) for Usart_SendByte
    usart.o(i.u485_init) refers to stm32f10x_rcc.o(i.RCC_APB2PeriphClockCmd) for RCC_APB2PeriphClockCmd
    usart.o(i.u485_init) refers to stm32f10x_gpio.o(i.GPIO_Init) for GPIO_Init
    usart.o(i.u485_init) refers to stm32f10x_gpio.o(i.GPIO_ResetBits) for GPIO_ResetBits
    usart.o(i.u485_init) refers to misc.o(i.NVIC_Init) for NVIC_Init
    usart.o(i.u485_init) refers to stm32f10x_usart.o(i.USART_Init) for USART_Init
    usart.o(i.u485_init) refers to stm32f10x_usart.o(i.USART_ITConfig) for USART_ITConfig
    usart.o(i.u485_init) refers to stm32f10x_usart.o(i.USART_Cmd) for USART_Cmd
    startup_stm32f10x_hd.o(RESET) refers to startup_stm32f10x_hd.o(STACK) for __initial_sp
    startup_stm32f10x_hd.o(RESET) refers to startup_stm32f10x_hd.o(.text) for Reset_Handler
    startup_stm32f10x_hd.o(RESET) refers to stm32f10x_it.o(i.NMI_Handler) for NMI_Handler
    startup_stm32f10x_hd.o(RESET) refers to stm32f10x_it.o(i.HardFault_Handler) for HardFault_Handler
    startup_stm32f10x_hd.o(RESET) refers to stm32f10x_it.o(i.MemManage_Handler) for MemManage_Handler
    startup_stm32f10x_hd.o(RESET) refers to stm32f10x_it.o(i.BusFault_Handler) for BusFault_Handler
    startup_stm32f10x_hd.o(RESET) refers to stm32f10x_it.o(i.UsageFault_Handler) for UsageFault_Handler
    startup_stm32f10x_hd.o(RESET) refers to stm32f10x_it.o(i.SVC_Handler) for SVC_Handler
    startup_stm32f10x_hd.o(RESET) refers to stm32f10x_it.o(i.DebugMon_Handler) for DebugMon_Handler
    startup_stm32f10x_hd.o(RESET) refers to stm32f10x_it.o(i.PendSV_Handler) for PendSV_Handler
    startup_stm32f10x_hd.o(RESET) refers to stm32f10x_it.o(i.SysTick_Handler) for SysTick_Handler
    startup_stm32f10x_hd.o(RESET) refers to timer.o(i.TIM3_IRQHandler) for TIM3_IRQHandler
    startup_stm32f10x_hd.o(RESET) refers to timer.o(i.TIM4_IRQHandler) for TIM4_IRQHandler
    startup_stm32f10x_hd.o(RESET) refers to usart.o(i.USART1_IRQHandler) for USART1_IRQHandler
    startup_stm32f10x_hd.o(.text) refers to system_stm32f10x.o(i.SystemInit) for SystemInit
    startup_stm32f10x_hd.o(.text) refers to entry.o(.ARM.Collect$$$$00000000) for __main
    stm32f10x_adc.o(i.ADC_DeInit) refers to stm32f10x_rcc.o(i.RCC_APB2PeriphResetCmd) for RCC_APB2PeriphResetCmd
    stm32f10x_dac.o(i.DAC_DeInit) refers to stm32f10x_rcc.o(i.RCC_APB1PeriphResetCmd) for RCC_APB1PeriphResetCmd
[...]
    ../clib/microlib/init/entry.s            0x00000000   Number         0  entry10b.o ABSOLUTE
    ../clib/microlib/init/entry.s            0x00000000   Number         0  entry10a.o ABSOLUTE
    ../clib/microlib/init/entry.s            0x00000000   Number         0  entry9b.o ABSOLUTE
    ../clib/microlib/init/entry.s            0x00000000   Number         0  entry9a.o ABSOLUTE
    ../clib/microlib/init/entry.s            0x00000000   Number         0  entry8a.o ABSOLUTE
    ../clib/microlib/init/entry.s            0x00000000   Number         0  entry7b.o ABSOLUTE
    ../clib/microlib/longlong.c              0x00000000   Number         0  llshl.o ABSOLUTE
    ../clib/microlib/longlong.c              0x00000000   Number         0  llushr.o ABSOLUTE
    ../clib/microlib/longlong.c              0x00000000   Number         0  llsshr.o ABSOLUTE
    ../clib/microlib/printf/printf.c         0x00000000   Number         0  printf1.o ABSOLUTE
    ../clib/microlib/printf/printf.c         0x00000000   Number         0  printf6.o ABSOLUTE
    ../clib/microlib/printf/printf.c         0x00000000   Number         0  printf0.o ABSOLUTE
    ../clib/microlib/printf/printf.c         0x00000000   Number         0  printfb.o ABSOLUTE
    ../clib/microlib/printf/printf.c         0x00000000   Number         0  printfa.o ABSOLUTE
    ../clib/microlib/printf/printf.c         0x00000000   Number         0  printf7.o ABSOLUTE
    ../clib/microlib/printf/printf.c         0x00000000   Number         0  printf5.o ABSOLUTE
    ../clib/microlib/printf/printf.c         0x00000000   Number         0  printf4.o ABSOLUTE
    ../clib/microlib/printf/printf.c         0x00000000   Number         0  printf3.o ABSOLUTE
    ../clib/microlib/printf/printf.c         0x00000000   Number         0  printf2.o ABSOLUTE
    ../clib/microlib/printf/printf.c         0x00000000   Number         0  printf8.o ABSOLUTE
    ../clib/microlib/printf/stubs.s          0x00000000   Number         0  stubs.o ABSOLUTE
    ../clib/microlib/string/strcmp.c         0x00000000   Number         0  strcmp.o ABSOLUTE
    ../clib/microlib/string/strtok.c         0x00000000   Number         0  strtok_r.o ABSOLUTE
    ../clib/microlib/string/strtok.c         0x00000000   Number         0  strtok.o ABSOLUTE
    ../clib/microlib/stubs.s                 0x00000000   Number         0  iusefp.o ABSOLUTE
    ../clib/microlib/stubs.s                 0x00000000   Number         0  useno.o ABSOLUTE
    ../fplib/microlib/fpadd.c                0x00000000   Number         0  dadd.o ABSOLUTE
    ../fplib/microlib/fpdiv.c                0x00000000   Number         0  ddiv.o ABSOLUTE
    ../fplib/microlib/fpepilogue.c           0x00000000   Number         0  depilogue.o ABSOLUTE
    ../fplib/microlib/fpfix.c                0x00000000   Number         0  dfixul.o ABSOLUTE
    ../fplib/microlib/fpmul.c                0x00000000   Number         0  dmul.o ABSOLUTE
    ..\CORE\core_cm3.c                       0x00000000   Number         0  core_cm3.o ABSOLUTE
    ..\CORE\startup_stm32f10x_hd.s           0x00000000   Number         0  startup_stm32f10x_hd.o ABSOLUTE
    ..\HARDWARE\crc.c                        0x00000000   Number         0  crc.o ABSOLUTE
    ..\HARDWARE\current.c                    0x00000000   Number         0  current.o ABSOLUTE
    ..\HARDWARE\dma.c                        0x00000000   Number         0  dma.o ABSOLUTE
    ..\HARDWARE\lswitch.c                    0x00000000   Number         0  lswitch.o ABSOLUTE
    ..\HARDWARE\mos.c                        0x00000000   Number         0  mos.o ABSOLUTE
    ..\HARDWARE\motor.c                      0x00000000   Number         0  motor.o ABSOLUTE
    ..\HARDWARE\timer.c                      0x00000000   Number         0  timer.o ABSOLUTE
    ..\HARDWARE\u485.c                       0x00000000   Number         0  u485.o ABSOLUTE
    ..\HARDWARE\wdg.c                        0x00000000   Number         0  wdg.o ABSOLUTE
    ..\STM32F10x_FWLib\src\misc.c            0x00000000   Number         0  misc.o ABSOLUTE
    ..\STM32F10x_FWLib\src\stm32f10x_adc.c   0x00000000   Number         0  stm32f10x_adc.o ABSOLUTE
    ..\STM32F10x_FWLib\src\stm32f10x_crc.c   0x00000000   Number         0  stm32f10x_crc.o ABSOLUTE
    ..\STM32F10x_FWLib\src\stm32f10x_dac.c   0x00000000   Number         0  stm32f10x_dac.o ABSOLUTE
    ..\STM32F10x_FWLib\src\stm32f10x_dbgmcu.c 0x00000000   Number         0  stm32f10x_dbgmcu.o ABSOLUTE
    ..\STM32F10x_FWLib\src\stm32f10x_dma.c   0x00000000   Number         0  stm32f10x_dma.o ABSOLUTE
    ..\STM32F10x_FWLib\src\stm32f10x_gpio.c  0x00000000   Number         0  stm32f10x_gpio.o ABSOLUTE
    ..\STM32F10x_FWLib\src\stm32f10x_iwdg.c  0x00000000   Number         0  stm32f10x_iwdg.o ABSOLUTE
    ..\STM32F10x_FWLib\src\stm32f10x_rcc.c   0x00000000   Number         0  stm32f10x_rcc.o ABSOLUTE
    ..\STM32F10x_FWLib\src\stm32f10x_tim.c   0x00000000   Number         0  stm32f10x_tim.o ABSOLUTE
    ..\STM32F10x_FWLib\src\stm32f10x_usart.c 0x00000000   Number         0  stm32f10x_usart.o ABSOLUTE
    ..\STM32F10x_FWLib\src\stm32f10x_wwdg.c  0x00000000   Number         0  stm32f10x_wwdg.o ABSOLUTE
    ..\SYSTEM\delay\delay.c                  0x00000000   Number         0  delay.o ABSOLUTE
    ..\SYSTEM\sys\sys.c                      0x00000000   Number         0  sys.o ABSOLUTE
    ..\SYSTEM\usart\usart.c                  0x00000000   Number         0  usart.o ABSOLUTE
    ..\\CORE\\core_cm3.c                     0x00000000   Number         0  core_cm3.o ABSOLUTE
    ..\\SYSTEM\\sys\\sys.c                   0x00000000   Number         0  sys.o ABSOLUTE
    cdrcmple.s                               0x00000000   Number         0  cdrcmple.o ABSOLUTE
    dc.s                                     0x00000000   Number         0  dc.o ABSOLUTE
    handlers.s                               0x00000000   Number         0  handlers.o ABSOLUTE
    init.s                                   0x00000000   Number         0  init.o ABSOLUTE
    main.c                                   0x00000000   Number         0  main.o ABSOLUTE
    stm32f10x_it.c                           0x00000000   Number         0  stm32f10x_it.o ABSOLUTE
    system_stm32f10x.c                       0x00000000   Number         0  system_stm32f10x.o ABSOLUTE
    RESET                                    0x08003000   Section      304  startup_stm32f10x_hd.o(RESET)
    .ARM.Collect$$$$00000000                 0x08003130   Section        0  entry.o(.ARM.Collect$$$$00000000)
    .ARM.Collect$$$$00000001                 0x08003130   Section        4  entry2.o(.ARM.Collect$$$$00000001)
    .ARM.Collect$$$$00000004                 0x08003134   Section        4  entry5.o(.ARM.Collect$$$$00000004)
    .ARM.Collect$$$$00000008                 0x08003138   Section        0  entry7b.o(.ARM.Collect$$$$00000008)
    .ARM.Collect$$$$0000000A                 0x08003138   Section        0  entry8b.o(.ARM.Collect$$$$0000000A)
    .ARM.Collect$$$$0000000B                 0x08003138   Section        8  entry9a.o(.ARM.Collect$$$$0000000B)
    .ARM.Collect$$$$0000000D                 0x08003140   Section        0  entry10a.o(.ARM.Collect$$$$0000000D)
    .ARM.Collect$$$$0000000F                 0x08003140   Section        0  entry11a.o(.ARM.Collect$$$$0000000F)
    .ARM.Collect$$$$00002712                 0x08003140   Section        4  entry2.o(.ARM.Collect$$$$00002712)
    __lit__00000000                          0x08003140   Data           4  entry2.o(.ARM.Collect$$$$00002712)
    .text                                    0x08003144   Section       36  startup_stm32f10x_hd.o(.text)
    .text                                    0x08003168   Section        0  strcmp.o(.text)
    .text                                    0x08003184   Section        0  strtok.o(.text)
    .text                                    0x080031c8   Section        0  uldiv.o(.text)
    .text                                    0x0800322c   Section       36  init.o(.text)
    .text                                    0x08003250   Section        0  llshl.o(.text)
    .text                                    0x0800326e   Section        0  llushr.o(.text)
    i.ADC_Cmd                                0x0800328e   Section        0  stm32f10x_adc.o(i.ADC_Cmd)
    i.ADC_DeInit                             0x080032a4   Section        0  stm32f10x_adc.o(i.ADC_DeInit)
    i.ADC_GetCalibrationStatus               0x08003300   Section        0  stm32f10x_adc.o(i.ADC_GetCalibrationStatus)
    i.ADC_GetConversionValue                 0x08003314   Section        0  stm32f10x_adc.o(i.ADC_GetConversionValue)
    i.ADC_GetFlagStatus                      0x0800331c   Section        0  stm32f10x_adc.o(i.ADC_GetFlagStatus)
    i.ADC_GetResetCalibrationStatus          0x0800332e   Section        0  stm32f10x_adc.o(i.ADC_GetResetCalibrationStatus)
    i.ADC_Init                               0x08003344   Section        0  stm32f10x_adc.o(i.ADC_Init)
    i.ADC_RegularChannelConfig               0x08003394   Section        0  stm32f10x_adc.o(i.ADC_RegularChannelConfig)
    i.ADC_ResetCalibration                   0x0800344c   Section        0  stm32f10x_adc.o(i.ADC_ResetCalibration)
    i.ADC_SoftwareStartConvCmd               0x08003456   Section        0  stm32f10x_adc.o(i.ADC_SoftwareStartConvCmd)
    i.ADC_StartCalibration                   0x0800346c   Section        0  stm32f10x_adc.o(i.ADC_StartCalibration)
    i.BusFault_Handler                       0x08003476   Section        0  stm32f10x_it.o(i.BusFault_Handler)
    i.CRC_ResetDR                            0x0800347c   Section        0  stm32f10x_crc.o(i.CRC_ResetDR)
    i.DebugMon_Handler                       0x08003488   Section        0  stm32f10x_it.o(i.DebugMon_Handler)
    i.GPIO_Init                              0x0800348a   Section        0  stm32f10x_gpio.o(i.GPIO_Init)
    i.GPIO_PinRemapConfig                    0x080035a0   Section        0  stm32f10x_gpio.o(i.GPIO_PinRemapConfig)
    i.GPIO_ResetBits                         0x08003630   Section        0  stm32f10x_gpio.o(i.GPIO_ResetBits)
    i.Get_ADC_Value                          0x08003634   Section        0  current.o(i.Get_ADC_Value)
    i.HardFault_Handler                      0x08003688   Section        0  stm32f10x_it.o(i.HardFault_Handler)
    i.IWDG_Config                            0x0800368c   Section        0  wdg.o(i.IWDG_Config)
    i.IWDG_Enable                            0x080036bc   Section        0  stm32f10x_iwdg.o(i.IWDG_Enable)
    i.IWDG_Feed                              0x080036cc   Section        0  wdg.o(i.IWDG_Feed)
    i.IWDG_ReloadCounter                     0x080036d4   Section        0  stm32f10x_iwdg.o(i.IWDG_ReloadCounter)
    i.IWDG_SetPrescaler                      0x080036e4   Section        0  stm32f10x_iwdg.o(i.IWDG_SetPrescaler)
    i.IWDG_SetReload                         0x080036f0   Section        0  stm32f10x_iwdg.o(i.IWDG_SetReload)
    i.IWDG_WriteAccessCmd                    0x080036fc   Section        0  stm32f10x_iwdg.o(i.IWDG_WriteAccessCmd)
    i.MemManage_Handler                      0x08003708   Section        0  stm32f10x_it.o(i.MemManage_Handler)
    i.NMI_Handler                            0x0800370c   Section        0  stm32f10x_it.o(i.NMI_Handler)
    i.NVIC_Init                              0x08003710   Section        0  misc.o(i.NVIC_Init)
    i.NVIC_PriorityGroupConfig               0x08003780   Section        0  misc.o(i.NVIC_PriorityGroupConfig)
    i.PendSV_Handler                         0x08003794   Section        0  stm32f10x_it.o(i.PendSV_Handler)
    i.RCC_ADCCLKConfig                       0x08003798   Section        0  stm32f10x_rcc.o(i.RCC_ADCCLKConfig)
    i.RCC_AHBPeriphClockCmd                  0x080037b0   Section        0  stm32f10x_rcc.o(i.RCC_AHBPeriphClockCmd)
    i.RCC_APB1PeriphClockCmd                 0x080037d0   Section        0  stm32f10x_rcc.o(i.RCC_APB1PeriphClockCmd)
    i.RCC_APB2PeriphClockCmd                 0x080037f0   Section        0  stm32f10x_rcc.o(i.RCC_APB2PeriphClockCmd)
    i.RCC_APB2PeriphResetCmd                 0x08003810   Section        0  stm32f10x_rcc.o(i.RCC_APB2PeriphResetCmd)
    i.RCC_ClearFlag                          0x08003830   Section        0  stm32f10x_rcc.o(i.RCC_ClearFlag)
    i.RCC_GetClocksFreq                      0x08003844   Section        0  stm32f10x_rcc.o(i.RCC_GetClocksFreq)
    i.RCC_GetFlagStatus                      0x08003918   Section        0  stm32f10x_rcc.o(i.RCC_GetFlagStatus)
    i.SVC_Handler                            0x08003954   Section        0  stm32f10x_it.o(i.SVC_Handler)
    i.SetSysClock                            0x08003956   Section        0  system_stm32f10x.o(i.SetSysClock)
    SetSysClock                              0x08003957   Thumb Code     8  system_stm32f10x.o(i.SetSysClock)
    i.SetSysClockTo72                        0x08003960   Section        0  system_stm32f10x.o(i.SetSysClockTo72)
    SetSysClockTo72                          0x08003961   Thumb Code   214  system_stm32f10x.o(i.SetSysClockTo72)
    i.SysTick_CLKSourceConfig                0x08003a40   Section        0  misc.o(i.SysTick_CLKSourceConfig)
    i.SysTick_Handler                        0x08003a68   Section        0  stm32f10x_it.o(i.SysTick_Handler)
    i.SystemInit                             0x08003a6c   Section        0  system_stm32f10x.o(i.SystemInit)
    i.TIM3_IRQHandler                        0x08003acc   Section        0  timer.o(i.TIM3_IRQHandler)
    i.TIM3_Int_Init                          0x08004530   Section        0  timer.o(i.TIM3_Int_Init)
    i.TIM4_IRQHandler                        0x08004590   Section        0  timer.o(i.TIM4_IRQHandler)
    i.TIM_ClearITPendingBit                  0x080045bc   Section        0  stm32f10x_tim.o(i.TIM_ClearITPendingBit)
    i.TIM_Cmd                                0x080045c2   Section        0  stm32f10x_tim.o(i.TIM_Cmd)
    i.TIM_GetITStatus                        0x080045da   Section        0  stm32f10x_tim.o(i.TIM_GetITStatus)
    i.TIM_ITConfig                           0x080045fc   Section        0  stm32f10x_tim.o(i.TIM_ITConfig)
    i.TIM_TimeBaseInit                       0x08004610   Section        0  stm32f10x_tim.o(i.TIM_TimeBaseInit)
    i.USART1_IRQHandler                      0x080046b4   Section        0  usart.o(i.USART1_IRQHandler)
    i.USART_Cmd                              0x08004750   Section        0  stm32f10x_usart.o(i.USART_Cmd)
    i.USART_GetITStatus                      0x08004768   Section        0  stm32f10x_usart.o(i.USART_GetITStatus)
    i.USART_ITConfig                         0x080047bc   Section        0  stm32f10x_usart.o(i.USART_ITConfig)
    i.USART_Init                             0x08004808   Section        0  stm32f10x_usart.o(i.USART_Init)
    i.USART_ReceiveData                      0x080048e0   Section        0  stm32f10x_usart.o(i.USART_ReceiveData)
    i.UsageFault_Handler                     0x080048ea   Section        0  stm32f10x_it.o(i.UsageFault_Handler)
    i.__0printf$5                            0x080048f0   Section        0  printf5.o(i.__0printf$5)
    i.__0snprintf$5                          0x08004910   Section        0  printf5.o(i.__0snprintf$5)
    i.__scatterload_copy                     0x08004938   Section       14  handlers.o(i.__scatterload_copy)
    i.__scatterload_null                     0x08004946   Section        2  handlers.o(i.__scatterload_null)
    i.__scatterload_zeroinit                 0x08004948   Section       14  handlers.o(i.__scatterload_zeroinit)
    i._printf_core                           0x08004958   Section        0  printf5.o(i._printf_core)
    _printf_core                             0x08004959   Thumb Code   658  printf5.o(i._printf_core)
    i._snputc                                0x08004c18   Section        0  printf5.o(i._snputc)
    _snputc                                  0x08004c19   Thumb Code    22  printf5.o(i._snputc)
    i.adc_init                               0x08004c30   Section        0  current.o(i.adc_init)
    i.bufclr                                 0x08004cbc   Section        0  u485.o(i.bufclr)
    i.crc_calculate                          0x08004cd4   Section        0  crc.o(i.crc_calculate)
    i.crc_init                               0x08004d04   Section        0  crc.o(i.crc_init)
    i.decode_hexword                         0x08004d10   Section        0  u485.o(i.decode_hexword)
    i.delay_init                             0x08004d98   Section        0  delay.o(i.delay_init)
    i.delay_ms                               0x08004ddc   Section        0  delay.o(i.delay_ms)
    i.delay_us                               0x08004e28   Section        0  delay.o(i.delay_us)
    i.fputc                                  0x08004e74   Section        0  usart.o(i.fputc)
    i.lmtswitch_dect                         0x08004e90   Section        0  lswitch.o(i.lmtswitch_dect)
    i.lmtswitch_init                         0x08005d5c   Section        0  lswitch.o(i.lmtswitch_init)
    i.main                                   0x08005e5c   Section        0  main.o(i.main)
    i.mos_init                               0x08005ed0   Section        0  mos.o(i.mos_init)
    i.motor1                                 0x08005efc   Section        0  motor.o(i.motor1)
    i.motor10                                0x08005f14   Section        0  motor.o(i.motor10)
    i.motor11                                0x08005f2c   Section        0  motor.o(i.motor11)
    i.motor12                                0x08005f44   Section        0  motor.o(i.motor12)
    i.motor13                                0x08005f5c   Section        0  motor.o(i.motor13)
    i.motor14                                0x08005f74   Section        0  motor.o(i.motor14)
    i.motor15                                0x08005f8c   Section        0  motor.o(i.motor15)
    i.motor16                                0x08005fa4   Section        0  motor.o(i.motor16)
    i.motor17                                0x08005fbc   Section        0  motor.o(i.motor17)
    i.motor18                                0x08005fd4   Section        0  motor.o(i.motor18)
    i.motor19                                0x08005fec   Section        0  motor.o(i.motor19)
    i.motor2                                 0x08006004   Section        0  motor.o(i.motor2)
    i.motor20                                0x0800601c   Section        0  motor.o(i.motor20)
    i.motor21                                0x08006034   Section        0  motor.o(i.motor21)
    i.motor22                                0x0800604c   Section        0  motor.o(i.motor22)
    i.motor23                                0x08006064   Section        0  motor.o(i.motor23)
    i.motor24                                0x0800607c   Section        0  motor.o(i.motor24)
    i.motor25                                0x08006094   Section        0  motor.o(i.motor25)
    i.motor26                                0x080060ac   Section        0  motor.o(i.motor26)
    i.motor27                                0x080060c4   Section        0  motor.o(i.motor27)
    i.motor28                                0x080060dc   Section        0  motor.o(i.motor28)
    i.motor29                                0x080060f4   Section        0  motor.o(i.motor29)
    i.motor3                                 0x0800610c   Section        0  motor.o(i.motor3)
    i.motor30                                0x08006124   Section        0  motor.o(i.motor30)
    i.motor31                                0x0800613c   Section        0  motor.o(i.motor31)
    i.motor32                                0x08006154   Section        0  motor.o(i.motor32)
    i.motor33                                0x0800616c   Section        0  motor.o(i.motor33)
    i.motor34                                0x08006184   Section        0  motor.o(i.motor34)
    i.motor35                                0x0800619c   Section        0  motor.o(i.motor35)
    i.motor36                                0x080061b4   Section        0  motor.o(i.motor36)
    i.motor4                                 0x080061cc   Section        0  motor.o(i.motor4)
    i.motor5                                 0x080061e4   Section        0  motor.o(i.motor5)
    i.motor6                                 0x080061fc   Section        0  motor.o(i.motor6)
    i.motor7                                 0x08006214   Section        0  motor.o(i.motor7)
    i.motor8                                 0x0800622c   Section        0  motor.o(i.motor8)
    i.motor9                                 0x08006244   Section        0  motor.o(i.motor9)
    i.motor_chk                              0x0800625c   Section        0  motor.o(i.motor_chk)
    i.motor_close                            0x080063d0   Section        0  motor.o(i.motor_close)
    i.motor_function                         0x08006498   Section        0  motor.o(i.motor_function)
    i.motor_init                             0x080065c8   Section        0  motor.o(i.motor_init)
    i.motor_overtime_print                   0x080066a4   Section        0  u485.o(i.motor_overtime_print)
    i.motor_start_manage                     0x08006808   Section        0  motor.o(i.motor_start_manage)
    i.readS0                                 0x08006b14   Section        0  lswitch.o(i.readS0)
    i.readS1                                 0x08006b20   Section        0  lswitch.o(i.readS1)
    i.readS10                                0x08006b2c   Section        0  lswitch.o(i.readS10)
    i.readS11                                0x08006b38   Section        0  lswitch.o(i.readS11)
    i.readS12                                0x08006b44   Section        0  lswitch.o(i.readS12)
    i.readS13                                0x08006b50   Section        0  lswitch.o(i.readS13)
    i.readS14                                0x08006b5c   Section        0  lswitch.o(i.readS14)
    i.readS15                                0x08006b68   Section        0  lswitch.o(i.readS15)
    i.readS16                                0x08006b74   Section        0  lswitch.o(i.readS16)
    i.readS17                                0x08006b80   Section        0  lswitch.o(i.readS17)
    i.readS18                                0x08006b8c   Section        0  lswitch.o(i.readS18)
    i.readS19                                0x08006b98   Section        0  lswitch.o(i.readS19)
    i.readS2                                 0x08006ba4   Section        0  lswitch.o(i.readS2)
    i.readS20                                0x08006bb0   Section        0  lswitch.o(i.readS20)
    i.readS21                                0x08006bbc   Section        0  lswitch.o(i.readS21)
    i.readS22                                0x08006bc8   Section        0  lswitch.o(i.readS22)
    i.readS23                                0x08006bd4   Section        0  lswitch.o(i.readS23)
    i.readS24                                0x08006be0   Section        0  lswitch.o(i.readS24)
    i.readS25                                0x08006bec   Section        0  lswitch.o(i.readS25)
    i.readS26                                0x08006bf8   Section        0  lswitch.o(i.readS26)
    i.readS27                                0x08006c04   Section        0  lswitch.o(i.readS27)
    i.readS28                                0x08006c10   Section        0  lswitch.o(i.readS28)
    i.readS29                                0x08006c1c   Section        0  lswitch.o(i.readS29)
    i.readS3                                 0x08006c28   Section        0  lswitch.o(i.readS3)
    i.readS30                                0x08006c34   Section        0  lswitch.o(i.readS30)
    i.readS31                                0x08006c40   Section        0  lswitch.o(i.readS31)
    i.readS32                                0x08006c4c   Section        0  lswitch.o(i.readS32)
    i.readS33                                0x08006c58   Section        0  lswitch.o(i.readS33)
    i.readS34                                0x08006c64   Section        0  lswitch.o(i.readS34)
    i.readS35                                0x08006c70   Section        0  lswitch.o(i.readS35)
    i.readS4                                 0x08006c7c   Section        0  lswitch.o(i.readS4)
    i.readS5                                 0x08006c88   Section        0  lswitch.o(i.readS5)
    i.readS6                                 0x08006c94   Section        0  lswitch.o(i.readS6)
    i.readS7                                 0x08006ca0   Section        0  lswitch.o(i.readS7)
    i.readS8                                 0x08006cac   Section        0  lswitch.o(i.readS8)
    i.readS9                                 0x08006cb8   Section        0  lswitch.o(i.readS9)
    i.s_in                                   0x08006cc4   Section        0  lswitch.o(i.s_in)
    i.u485_init                              0x08006df4   Section        0  usart.o(i.u485_init)
    i.u485_process                           0x08006ec8   Section        0  u485.o(i.u485_process)
    i.u485_process_in                        0x0800766c   Section        0  u485.o(i.u485_process_in)
    i.u485_queue_init                        0x080077d0   Section        0  u485.o(i.u485_queue_init)
    i.u485_tick                              0x08007808   Section        0  u485.o(i.u485_tick)
    i.u485_tx_off                            0x08007950   Section        0  u485.o(i.u485_tx_off)
    i.u485_tx_on                             0x0800795c   Section        0  u485.o(i.u485_tx_on)
    .data                                    0x20000000   Section        2  main.o(.data)
    .data                                    0x20000004   Section       20  system_stm32f10x.o(.data)
    .data                                    0x20000018   Section        4  delay.o(.data)
    fac_us                                   0x20000018   Data           1  delay.o(.data)
    fac_ms                                   0x2000001a   Data           2  delay.o(.data)
    .data                                    0x2000001c   Section        4  usart.o(.data)
    .data                                    0x20000020   Section       20  stm32f10x_rcc.o(.data)
    APBAHBPrescTable                         0x20000020   Data          16  stm32f10x_rcc.o(.data)
    ADCPrescTable                            0x20000030   Data           4  stm32f10x_rcc.o(.data)
    .data                                    0x20000034   Section       76  lswitch.o(.data)
    motor_start_num1                         0x20000037   Data           1  lswitch.o(.data)
    lock1                                    0x20000038   Data           1  lswitch.o(.data)
    lock2                                    0x20000039   Data           1  lswitch.o(.data)
    lock3                                    0x2000003a   Data           1  lswitch.o(.data)
    lock4                                    0x2000003b   Data           1  lswitch.o(.data)
    lock5                                    0x2000003c   Data           1  lswitch.o(.data)
    lock6                                    0x2000003d   Data           1  lswitch.o(.data)
    lock7                                    0x2000003e   Data           1  lswitch.o(.data)
    lock8                                    0x2000003f   Data           1  lswitch.o(.data)
    lock9                                    0x20000040   Data           1  lswitch.o(.data)
    lock10                                   0x20000041   Data           1  lswitch.o(.data)
    lock11                                   0x20000042   Data           1  lswitch.o(.data)
    lock12                                   0x20000043   Data           1  lswitch.o(.data)
    lock13                                   0x20000044   Data           1  lswitch.o(.data)
    lock14                                   0x20000045   Data           1  lswitch.o(.data)
    lock15                                   0x20000046   Data           1  lswitch.o(.data)
    lock16                                   0x20000047   Data           1  lswitch.o(.data)
    lock17                                   0x20000048   Data           1  lswitch.o(.data)
    lock18                                   0x20000049   Data           1  lswitch.o(.data)
    lock19                                   0x2000004a   Data           1  lswitch.o(.data)
    lock20                                   0x2000004b   Data           1  lswitch.o(.data)
    lock21                                   0x2000004c   Data           1  lswitch.o(.data)
    lock22                                   0x2000004d   Data           1  lswitch.o(.data)
    lock23                                   0x2000004e   Data           1  lswitch.o(.data)
    lock24                                   0x2000004f   Data           1  lswitch.o(.data)
    lock25                                   0x20000050   Data           1  lswitch.o(.data)
    lock26                                   0x20000051   Data           1  lswitch.o(.data)
    lock27                                   0x20000052   Data           1  lswitch.o(.data)
    lock28                                   0x20000053   Data           1  lswitch.o(.data)
    lock29                                   0x20000054   Data           1  lswitch.o(.data)
    lock30                                   0x20000055   Data           1  lswitch.o(.data)
    lock31                                   0x20000056   Data           1  lswitch.o(.data)
    lock32                                   0x20000057   Data           1  lswitch.o(.data)
    lock33                                   0x20000058   Data           1  lswitch.o(.data)
    lock34                                   0x20000059   Data           1  lswitch.o(.data)
    lock35                                   0x2000005a   Data           1  lswitch.o(.data)
    lock36                                   0x2000005b   Data           1  lswitch.o(.data)
    S1_count                                 0x2000005c   Data           1  lswitch.o(.data)
    S2_count                                 0x2000005d   Data           1  lswitch.o(.data)
    S3_count                                 0x2000005e   Data           1  lswitch.o(.data)
    S4_count                                 0x2000005f   Data           1  lswitch.o(.data)
    S5_count                                 0x20000060   Data           1  lswitch.o(.data)
    S6_count                                 0x20000061   Data           1  lswitch.o(.data)
    S7_count                                 0x20000062   Data           1  lswitch.o(.data)
    S8_count                                 0x20000063   Data           1  lswitch.o(.data)
    S9_count                                 0x20000064   Data           1  lswitch.o(.data)
    S10_count                                0x20000065   Data           1  lswitch.o(.data)
    S11_count                                0x20000066   Data           1  lswitch.o(.data)
    S12_count                                0x20000067   Data           1  lswitch.o(.data)
    S13_count                                0x20000068   Data           1  lswitch.o(.data)
    S14_count                                0x20000069   Data           1  lswitch.o(.data)
    S15_count                                0x2000006a   Data           1  lswitch.o(.data)
    S16_count                                0x2000006b   Data           1  lswitch.o(.data)
    S17_count                                0x2000006c   Data           1  lswitch.o(.data)
    S18_count                                0x2000006d   Data           1  lswitch.o(.data)
    S19_count                                0x2000006e   Data           1  lswitch.o(.data)
    S20_count                                0x2000006f   Data           1  lswitch.o(.data)
    S21_count                                0x20000070   Data           1  lswitch.o(.data)
    S22_count                                0x20000071   Data           1  lswitch.o(.data)
    S23_count                                0x20000072   Data           1  lswitch.o(.data)
    S24_count                                0x20000073   Data           1  lswitch.o(.data)
    S25_count                                0x20000074   Data           1  lswitch.o(.data)
    S26_count                                0x20000075   Data           1  lswitch.o(.data)
    S27_count                                0x20000076   Data           1  lswitch.o(.data)
    S28_count                                0x20000077   Data           1  lswitch.o(.data)
    S29_count                                0x20000078   Data           1  lswitch.o(.data)
    S30_count                                0x20000079   Data           1  lswitch.o(.data)
    S31_count                                0x2000007a   Data           1  lswitch.o(.data)
    S32_count                                0x2000007b   Data           1  lswitch.o(.data)
    S33_count                                0x2000007c   Data           1  lswitch.o(.data)
    S34_count                                0x2000007d   Data           1  lswitch.o(.data)
    S35_count                                0x2000007e   Data           1  lswitch.o(.data)
    S36_count                                0x2000007f   Data           1  lswitch.o(.data)
    .data                                    0x20000080   Section       10  u485.o(.data)
    .data                                    0x2000008a   Section       59  timer.o(.data)
    j                                        0x2000008b   Data           1  timer.o(.data)
    i                                        0x2000008c   Data           2  timer.o(.data)
    count1                                   0x2000008e   Data           2  timer.o(.data)
    count2                                   0x20000090   Data           2  timer.o(.data)
    count3                                   0x20000092   Data           2  timer.o(.data)
    count4                                   0x20000094   Data           2  timer.o(.data)
    count5                                   0x20000096   Data           2  timer.o(.data)
    count6                                   0x20000098   Data           2  timer.o(.data)
    count7                                   0x2000009a   Data           2  timer.o(.data)
    count8                                   0x2000009c   Data           2  timer.o(.data)
    count9                                   0x2000009e   Data           2  timer.o(.data)
    count10                                  0x200000a0   Data           2  timer.o(.data)
    count11                                  0x200000a2   Data           2  timer.o(.data)
    count12                                  0x200000a4   Data           2  timer.o(.data)
    count13                                  0x200000a6   Data           2  timer.o(.data)
    count14                                  0x200000a8   Data           2  timer.o(.data)
    count15                                  0x200000aa   Data           2  timer.o(.data)
    count16                                  0x200000ac   Data           2  timer.o(.data)
    count17                                  0x200000ae   Data           2  timer.o(.data)
    count18                                  0x200000b0   Data           2  timer.o(.data)
    count19                                  0x200000b2   Data           1  timer.o(.data)
    count20                                  0x200000b3   Data           1  timer.o(.data)
    count21                                  0x200000b4   Data           1  timer.o(.data)
    count22                                  0x200000b5   Data           1  timer.o(.data)
    count23                                  0x200000b6   Data           1  timer.o(.data)
    count24                                  0x200000b7   Data           1  timer.o(.data)
    count25                                  0x200000b8   Data           1  timer.o(.data)
    count26                                  0x200000b9   Data           1  timer.o(.data)
    count27                                  0x200000ba   Data           1  timer.o(.data)
    count28                                  0x200000bb   Data           1  timer.o(.data)
    count29                                  0x200000bc   Data           1  timer.o(.data)
    count30                                  0x200000bd   Data           1  timer.o(.data)
    count31                                  0x200000be   Data           1  timer.o(.data)
    count32                                  0x200000bf   Data           1  timer.o(.data)
    count33                                  0x200000c0   Data           1  timer.o(.data)
    count34                                  0x200000c1   Data           1  timer.o(.data)
    count35                                  0x200000c2   Data           1  timer.o(.data)
    count36                                  0x200000c3   Data           1  timer.o(.data)
    i                                        0x200000c4   Data           1  timer.o(.data)
    .data                                    0x200000c8   Section        4  strtok.o(.data)
    state                                    0x200000c8   Data           4  strtok.o(.data)
    .bss                                     0x200000cc   Section      104  usart.o(.bss)
    .bss                                     0x20000134   Section      144  lswitch.o(.bss)
    .bss                                     0x200001c4   Section      208  motor.o(.bss)
    .bss                                     0x20000294   Section      340  u485.o(.bss)
    .bss                                     0x200003e8   Section       36  timer.o(.bss)
    STACK                                    0x20000410   Section     1024  startup_stm32f10x_hd.o(STACK)

    Global Symbols

    Symbol Name                              Value     Ov Type        Size  Object(Section)

    BuildAttributes$$THM_ISAv4$P$D$K$B$S$PE$A:L22UL41UL21$X:L11$S22US41US21$IEEE1$IW$USESV6$~STKCKD$USESV7$~SHL$OSPACE$ROPI$EBA8$MICROLIB$REQ8$PRES8$EABIv2 0x00000000   Number         0  anon$$obj.o ABSOLUTE
    __ARM_use_no_argv                        0x00000000   Number         0  main.o ABSOLUTE
    __use_no_errno                           0x00000000   Number         0  useno.o ABSOLUTE
    __use_no_exception_handling              0x00000000   Number         0  useno.o ABSOLUTE
    __use_no_fp                              0x00000000   Number         0  useno.o ABSOLUTE
    __use_no_heap                            0x00000000   Number         0  useno.o ABSOLUTE
    __use_no_heap_region                     0x00000000   Number         0  useno.o ABSOLUTE
    __use_no_semihosting                     0x00000000   Number         0  useno.o ABSOLUTE
    __use_no_semihosting_swi                 0x00000000   Number         0  useno.o ABSOLUTE
    __use_no_signal_handling                 0x00000000   Number         0  useno.o ABSOLUTE
    _printf_a                                0x00000000   Number         0  stubs.o ABSOLUTE
    _printf_c                                0x00000000   Number         0  stubs.o ABSOLUTE
    _printf_charcount                        0x00000000   Number         0  stubs.o ABSOLUTE
    _printf_d                                0x00000000   Number         0  stubs.o ABSOLUTE
    _printf_e                                0x00000000   Number         0  stubs.o ABSOLUTE
    _printf_f                                0x00000000   Number         0  stubs.o ABSOLUTE
    _printf_flags                            0x00000000   Number         0  stubs.o ABSOLUTE
    _printf_fp_dec                           0x00000000   Number         0  stubs.o ABSOLUTE
    _printf_fp_hex                           0x00000000   Number         0  stubs.o ABSOLUTE
    _printf_g                                0x00000000   Number         0  stubs.o ABSOLUTE
    _printf_i                                0x00000000   Number         0  stubs.o ABSOLUTE
    _printf_int_dec                          0x00000000   Number         0  stubs.o ABSOLUTE
    _printf_l                                0x00000000   Number         0  stubs.o ABSOLUTE
    _printf_lc                               0x00000000   Number         0  stubs.o ABSOLUTE
    _printf_ll                               0x00000000   Number         0  stubs.o ABSOLUTE
    _printf_lld                              0x00000000   Number         0  stubs.o ABSOLUTE
    _printf_lli                              0x00000000   Number         0  stubs.o ABSOLUTE
    _printf_llo                              0x00000000   Number         0  stubs.o ABSOLUTE
    _printf_llu                              0x00000000   Number         0  stubs.o ABSOLUTE
    _printf_llx                              0x00000000   Number         0  stubs.o ABSOLUTE
    _printf_longlong_dec                     0x00000000   Number         0  stubs.o ABSOLUTE
    _printf_longlong_hex                     0x00000000   Number         0  stubs.o ABSOLUTE
    _printf_longlong_oct                     0x00000000   Number         0  stubs.o ABSOLUTE
    _printf_ls                               0x00000000   Number         0  stubs.o ABSOLUTE
    _printf_mbtowc                           0x00000000   Number         0  stubs.o ABSOLUTE
    _printf_n                                0x00000000   Number         0  stubs.o ABSOLUTE
    _printf_o                                0x00000000   Number         0  stubs.o ABSOLUTE
    _printf_p                                0x00000000   Number         0  stubs.o ABSOLUTE
    _printf_percent                          0x00000000   Number         0  stubs.o ABSOLUTE
    _printf_pre_padding                      0x00000000   Number         0  stubs.o ABSOLUTE
    _printf_return_value                     0x00000000   Number         0  stubs.o ABSOLUTE
    _printf_s                                0x00000000   Number         0  stubs.o ABSOLUTE
    _printf_sizespec                         0x00000000   Number         0  stubs.o ABSOLUTE
    _printf_str                              0x00000000   Number         0  stubs.o ABSOLUTE
    _printf_truncate_signed                  0x00000000   Number         0  stubs.o ABSOLUTE
    _printf_truncate_unsigned                0x00000000   Number         0  stubs.o ABSOLUTE
    _printf_u                                0x00000000   Number         0  stubs.o ABSOLUTE
    _printf_wc                               0x00000000   Number         0  stubs.o ABSOLUTE
    _printf_wctomb                           0x00000000   Number         0  stubs.o ABSOLUTE
    _printf_widthprec                        0x00000000   Number         0  stubs.o ABSOLUTE
    _printf_x                                0x00000000   Number         0  stubs.o ABSOLUTE
    __cpp_initialize__aeabi_                  - Undefined Weak Reference
    __cxa_finalize                            - Undefined Weak Reference
    __decompress                              - Undefined Weak Reference
    _clock_init                               - Undefined Weak Reference
    _microlib_exit                            - Undefined Weak Reference
    __Vectors_Size                           0x00000130   Number         0  startup_stm32f10x_hd.o ABSOLUTE
    __Vectors                                0x08003000   Data           4  startup_stm32f10x_hd.o(RESET)
    __Vectors_End                            0x08003130   Data           0  startup_stm32f10x_hd.o(RESET)
    __main                                   0x08003131   Thumb Code     0  entry.o(.ARM.Collect$$$$00000000)
    _main_stk                                0x08003131   Thumb Code     0  entry2.o(.ARM.Collect$$$$00000001)
    _main_scatterload                        0x08003135   Thumb Code     0  entry5.o(.ARM.Collect$$$$00000004)
    __main_after_scatterload                 0x08003139   Thumb Code     0  entry5.o(.ARM.Collect$$$$00000004)
    _main_clock                              0x08003139   Thumb Code     0  entry7b.o(.ARM.Collect$$$$00000008)
    _main_cpp_init                           0x08003139   Thumb Code     0  entry8b.o(.ARM.Collect$$$$0000000A)
    _main_init                               0x08003139   Thumb Code     0  entry9a.o(.ARM.Collect$$$$0000000B)
    __rt_final_cpp                           0x08003141   Thumb Code     0  entry10a.o(.ARM.Collect$$$$0000000D)
    __rt_final_exit                          0x08003141   Thumb Code     0  entry11a.o(.ARM.Collect$$$$0000000F)
    Reset_Handler                            0x08003145   Thumb Code     8  startup_stm32f10x_hd.o(.text)
    ADC1_2_IRQHandler                        0x0800315f   Thumb Code     0  startup_stm32f10x_hd.o(.text)
    ADC3_IRQHandler                          0x0800315f   Thumb Code     0  startup_stm32f10x_hd.o(.text)
    CAN1_RX1_IRQHandler                      0x0800315f   Thumb Code     0  startup_stm32f10x_hd.o(.text)
    CAN1_SCE_IRQHandler                      0x0800315f   Thumb Code     0  startup_stm32f10x_hd.o(.text)
    DMA1_Channel1_IRQHandler                 0x0800315f   Thumb Code     0  startup_stm32f10x_hd.o(.text)
    DMA1_Channel2_IRQHandler                 0x0800315f   Thumb Code     0  startup_stm32f10x_hd.o(.text)
    DMA1_Channel3_IRQHandler                 0x0800315f   Thumb Code     0  startup_stm32f10x_hd.o(.text)
    DMA1_Channel4_IRQHandler                 0x0800315f   Thumb Code     0  startup_stm32f10x_hd.o(.text)
    DMA1_Channel5_IRQHandler                 0x0800315f   Thumb Code     0  startup_stm32f10x_hd.o(.text)
    DMA1_Channel6_IRQHandler                 0x0800315f   Thumb Code     0  startup_stm32f10x_hd.o(.text)
    DMA1_Channel7_IRQHandler                 0x0800315f   Thumb Code     0  startup_stm32f10x_hd.o(.text)
    DMA2_Channel1_IRQHandler                 0x0800315f   Thumb Code     0  startup_stm32f10x_hd.o(.text)
    DMA2_Channel2_IRQHandler                 0x0800315f   Thumb Code     0  startup_stm32f10x_hd.o(.text)
    DMA2_Channel3_IRQHandler                 0x0800315f   Thumb Code     0  startup_stm32f10x_hd.o(.text)
    DMA2_Channel4_5_IRQHandler               0x0800315f   Thumb Code     0  startup_stm32f10x_hd.o(.text)
    EXTI0_IRQHandler                         0x0800315f   Thumb Code     0  startup_stm32f10x_hd.o(.text)
    EXTI15_10_IRQHandler                     0x0800315f   Thumb Code     0  startup_stm32f10x_hd.o(.text)
    EXTI1_IRQHandler                         0x0800315f   Thumb Code     0  startup_stm32f10x_hd.o(.text)
    EXTI2_IRQHandler                         0x0800315f   Thumb Code     0  startup_stm32f10x_hd.o(.text)
    EXTI3_IRQHandler                         0x0800315f   Thumb Code     0  startup_stm32f10x_hd.o(.text)
    EXTI4_IRQHandler                         0x0800315f   Thumb Code     0  startup_stm32f10x_hd.o(.text)
    EXTI9_5_IRQHandler                       0x0800315f   Thumb Code     0  startup_stm32f10x_hd.o(.text)
    FLASH_IRQHandler                         0x0800315f   Thumb Code     0  startup_stm32f10x_hd.o(.text)
    FSMC_IRQHandler                          0x0800315f   Thumb Code     0  startup_stm32f10x_hd.o(.text)
    I2C1_ER_IRQHandler                       0x0800315f   Thumb Code     0  startup_stm32f10x_hd.o(.text)
    I2C1_EV_IRQHandler                       0x0800315f   Thumb Code     0  startup_stm32f10x_hd.o(.text)
    I2C2_ER_IRQHandler                       0x0800315f   Thumb Code     0  startup_stm32f10x_hd.o(.text)
    I2C2_EV_IRQHandler                       0x0800315f   Thumb Code     0  startup_stm32f10x_hd.o(.text)
    PVD_IRQHandler                           0x0800315f   Thumb Code     0  startup_stm32f10x_hd.o(.text)
    RCC_IRQHandler                           0x0800315f   Thumb Code     0  startup_stm32f10x_hd.o(.text)
    RTCAlarm_IRQHandler                      0x0800315f   Thumb Code     0  startup_stm32f10x_hd.o(.text)
    RTC_IRQHandler                           0x0800315f   Thumb Code     0  startup_stm32f10x_hd.o(.text)
    SDIO_IRQHandler                          0x0800315f   Thumb Code     0  startup_stm32f10x_hd.o(.text)
    SPI1_IRQHandler                          0x0800315f   Thumb Code     0  startup_stm32f10x_hd.o(.text)
    SPI2_IRQHandler                          0x0800315f   Thumb Code     0  startup_stm32f10x_hd.o(.text)
    SPI3_IRQHandler                          0x0800315f   Thumb Code     0  startup_stm32f10x_hd.o(.text)
    TAMPER_IRQHandler                        0x0800315f   Thumb Code     0  startup_stm32f10x_hd.o(.text)
    TIM1_BRK_IRQHandler                      0x0800315f   Thumb Code     0  startup_stm32f10x_hd.o(.text)
    TIM1_CC_IRQHandler                       0x0800315f   Thumb Code     0  startup_stm32f10x_hd.o(.text)
    TIM1_TRG_COM_IRQHandler                  0x0800315f   Thumb Code     0  startup_stm32f10x_hd.o(.text)
    TIM1_UP_IRQHandler                       0x0800315f   Thumb Code     0  startup_stm32f10x_hd.o(.text)
    TIM2_IRQHandler                          0x0800315f   Thumb Code     0  startup_stm32f10x_hd.o(.text)
    TIM5_IRQHandler                          0x0800315f   Thumb Code     0  startup_stm32f10x_hd.o(.text)
    TIM6_IRQHandler                          0x0800315f   Thumb Code     0  startup_stm32f10x_hd.o(.text)
    TIM7_IRQHandler                          0x0800315f   Thumb Code     0  startup_stm32f10x_hd.o(.text)
    TIM8_BRK_IRQHandler                      0x0800315f   Thumb Code     0  startup_stm32f10x_hd.o(.text)
    TIM8_CC_IRQHandler                       0x0800315f   Thumb Code     0  startup_stm32f10x_hd.o(.text)
    TIM8_TRG_COM_IRQHandler                  0x0800315f   Thumb Code     0  startup_stm32f10x_hd.o(.text)
    TIM8_UP_IRQHandler                       0x0800315f   Thumb Code     0  startup_stm32f10x_hd.o(.text)
    UART4_IRQHandler                         0x0800315f   Thumb Code     0  startup_stm32f10x_hd.o(.text)
    UART5_IRQHandler                         0x0800315f   Thumb Code     0  startup_stm32f10x_hd.o(.text)
    USART2_IRQHandler                        0x0800315f   Thumb Code     0  startup_stm32f10x_hd.o(.text)
    USART3_IRQHandler                        0x0800315f   Thumb Code     0  startup_stm32f10x_hd.o(.text)
    USBWakeUp_IRQHandler                     0x0800315f   Thumb Code     0  startup_stm32f10x_hd.o(.text)
    USB_HP_CAN1_TX_IRQHandler                0x0800315f   Thumb Code     0  startup_stm32f10x_hd.o(.text)
    USB_LP_CAN1_RX0_IRQHandler               0x0800315f   Thumb Code     0  startup_stm32f10x_hd.o(.text)
    WWDG_IRQHandler                          0x0800315f   Thumb Code     0  startup_stm32f10x_hd.o(.text)
    strcmp                                   0x08003169   Thumb Code    28  strcmp.o(.text)
    strtok                                   0x08003185   Thumb Code    62  strtok.o(.text)
    __aeabi_uldivmod                         0x080031c9   Thumb Code    98  uldiv.o(.text)
    __scatterload                            0x0800322d   Thumb Code    28  init.o(.text)
    __scatterload_rt2                        0x0800322d   Thumb Code     0  init.o(.text)
    __aeabi_llsl                             0x08003251   Thumb Code    30  llshl.o(.text)
    _ll_shift_l                              0x08003251   Thumb Code     0  llshl.o(.text)
    __aeabi_llsr                             0x0800326f   Thumb Code    32  llushr.o(.text)
    _ll_ushift_r                             0x0800326f   Thumb Code     0  llushr.o(.text)
    ADC_Cmd                                  0x0800328f   Thumb Code    22  stm32f10x_adc.o(i.ADC_Cmd)
    ADC_DeInit                               0x080032a5   Thumb Code    78  stm32f10x_adc.o(i.ADC_DeInit)
    ADC_GetCalibrationStatus                 0x08003301   Thumb Code    20  stm32f10x_adc.o(i.ADC_GetCalibrationStatus)
    ADC_GetConversionValue                   0x08003315   Thumb Code     8  stm32f10x_adc.o(i.ADC_GetConversionValue)
    ADC_GetFlagStatus                        0x0800331d   Thumb Code    18  stm32f10x_adc.o(i.ADC_GetFlagStatus)
    ADC_GetResetCalibrationStatus            0x0800332f   Thumb Code    20  stm32f10x_adc.o(i.ADC_GetResetCalibrationStatus)
    ADC_Init                                 0x08003345   Thumb Code    70  stm32f10x_adc.o(i.ADC_Init)
    ADC_RegularChannelConfig                 0x08003395   Thumb Code   184  stm32f10x_adc.o(i.ADC_RegularChannelConfig)
    ADC_ResetCalibration                     0x0800344d   Thumb Code    10  stm32f10x_adc.o(i.ADC_ResetCalibration)
    ADC_SoftwareStartConvCmd                 0x08003457   Thumb Code    22  stm32f10x_adc.o(i.ADC_SoftwareStartConvCmd)
    ADC_StartCalibration                     0x0800346d   Thumb Code    10  stm32f10x_adc.o(i.ADC_StartCalibration)
    BusFault_Handler                         0x08003477   Thumb Code     4  stm32f10x_it.o(i.BusFault_Handler)
    CRC_ResetDR                              0x0800347d   Thumb Code     8  stm32f10x_crc.o(i.CRC_ResetDR)
    DebugMon_Handler                         0x08003489   Thumb Code     2  stm32f10x_it.o(i.DebugMon_Handler)
    GPIO_Init                                0x0800348b   Thumb Code   278  stm32f10x_gpio.o(i.GPIO_Init)
    GPIO_PinRemapConfig                      0x080035a1   Thumb Code   138  stm32f10x_gpio.o(i.GPIO_PinRemapConfig)
    GPIO_ResetBits                           0x08003631   Thumb Code     4  stm32f10x_gpio.o(i.GPIO_ResetBits)
    Get_ADC_Value                            0x08003635   Thumb Code    80  current.o(i.Get_ADC_Value)
    HardFault_Handler                        0x08003689   Thumb Code     4  stm32f10x_it.o(i.HardFault_Handler)
    IWDG_Config                              0x0800368d   Thumb Code    48  wdg.o(i.IWDG_Config)
    IWDG_Enable                              0x080036bd   Thumb Code    10  stm32f10x_iwdg.o(i.IWDG_Enable)
    IWDG_Feed                                0x080036cd   Thumb Code     8  wdg.o(i.IWDG_Feed)
    IWDG_ReloadCounter                       0x080036d5   Thumb Code    10  stm32f10x_iwdg.o(i.IWDG_ReloadCounter)
    IWDG_SetPrescaler                        0x080036e5   Thumb Code     6  stm32f10x_iwdg.o(i.IWDG_SetPrescaler)
    IWDG_SetReload                           0x080036f1   Thumb Code     6  stm32f10x_iwdg.o(i.IWDG_SetReload)
    IWDG_WriteAccessCmd                      0x080036fd   Thumb Code     6  stm32f10x_iwdg.o(i.IWDG_WriteAccessCmd)
    MemManage_Handler                        0x08003709   Thumb Code     4  stm32f10x_it.o(i.MemManage_Handler)
    NMI_Handler                              0x0800370d   Thumb Code     2  stm32f10x_it.o(i.NMI_Handler)
    NVIC_Init                                0x08003711   Thumb Code   100  misc.o(i.NVIC_Init)
    NVIC_PriorityGroupConfig                 0x08003781   Thumb Code    10  misc.o(i.NVIC_PriorityGroupConfig)
    PendSV_Handler                           0x08003795   Thumb Code     2  stm32f10x_it.o(i.PendSV_Handler)
    RCC_ADCCLKConfig                         0x08003799   Thumb Code    18  stm32f10x_rcc.o(i.RCC_ADCCLKConfig)
    RCC_AHBPeriphClockCmd                    0x080037b1   Thumb Code    26  stm32f10x_rcc.o(i.RCC_AHBPeriphClockCmd)
    RCC_APB1PeriphClockCmd                   0x080037d1   Thumb Code    26  stm32f10x_rcc.o(i.RCC_APB1PeriphClockCmd)
    RCC_APB2PeriphClockCmd                   0x080037f1   Thumb Code    26  stm32f10x_rcc.o(i.RCC_APB2PeriphClockCmd)
    RCC_APB2PeriphResetCmd                   0x08003811   Thumb Code    26  stm32f10x_rcc.o(i.RCC_APB2PeriphResetCmd)
    RCC_ClearFlag                            0x08003831   Thumb Code    14  stm32f10x_rcc.o(i.RCC_ClearFlag)
    RCC_GetClocksFreq                        0x08003845   Thumb Code   192  stm32f10x_rcc.o(i.RCC_GetClocksFreq)
    RCC_GetFlagStatus                        0x08003919   Thumb Code    56  stm32f10x_rcc.o(i.RCC_GetFlagStatus)
    SVC_Handler                              0x08003955   Thumb Code     2  stm32f10x_it.o(i.SVC_Handler)
    SysTick_CLKSourceConfig                  0x08003a41   Thumb Code    40  misc.o(i.SysTick_CLKSourceConfig)
    SysTick_Handler                          0x08003a69   Thumb Code     2  stm32f10x_it.o(i.SysTick_Handler)
    SystemInit                               0x08003a6d   Thumb Code    76  system_stm32f10x.o(i.SystemInit)
    TIM3_IRQHandler                          0x08003acd   Thumb Code  2610  timer.o(i.TIM3_IRQHandler)
    TIM3_Int_Init                            0x08004531   Thumb Code    90  timer.o(i.TIM3_Int_Init)
    TIM4_IRQHandler                          0x08004591   Thumb Code    34  timer.o(i.TIM4_IRQHandler)
    TIM_ClearITPendingBit                    0x080045bd   Thumb Code     6  stm32f10x_tim.o(i.TIM_ClearITPendingBit)
    TIM_Cmd                                  0x080045c3   Thumb Code    24  stm32f10x_tim.o(i.TIM_Cmd)
    TIM_GetITStatus                          0x080045db   Thumb Code    34  stm32f10x_tim.o(i.TIM_GetITStatus)
    TIM_ITConfig                             0x080045fd   Thumb Code    18  stm32f10x_tim.o(i.TIM_ITConfig)
    TIM_TimeBaseInit                         0x08004611   Thumb Code   122  stm32f10x_tim.o(i.TIM_TimeBaseInit)
    USART1_IRQHandler                        0x080046b5   Thumb Code   146  usart.o(i.USART1_IRQHandler)
    USART_Cmd                                0x08004751   Thumb Code    24  stm32f10x_usart.o(i.USART_Cmd)
    USART_GetITStatus                        0x08004769   Thumb Code    84  stm32f10x_usart.o(i.USART_GetITStatus)
    USART_ITConfig                           0x080047bd   Thumb Code    74  stm32f10x_usart.o(i.USART_ITConfig)
    USART_Init                               0x08004809   Thumb Code   210  stm32f10x_usart.o(i.USART_Init)
    USART_ReceiveData                        0x080048e1   Thumb Code    10  stm32f10x_usart.o(i.USART_ReceiveData)
    UsageFault_Handler                       0x080048eb   Thumb Code     4  stm32f10x_it.o(i.UsageFault_Handler)
    __0printf$5                              0x080048f1   Thumb Code    22  printf5.o(i.__0printf$5)
    __1printf$5                              0x080048f1   Thumb Code     0  printf5.o(i.__0printf$5)
    __2printf                                0x080048f1   Thumb Code     0  printf5.o(i.__0printf$5)
    __0snprintf$5                            0x08004911   Thumb Code    36  printf5.o(i.__0snprintf$5)
    __1snprintf$5                            0x08004911   Thumb Code     0  printf5.o(i.__0snprintf$5)
    __2snprintf                              0x08004911   Thumb Code     0  printf5.o(i.__0snprintf$5)
    __scatterload_copy                       0x08004939   Thumb Code    14  handlers.o(i.__scatterload_copy)
    __scatterload_null                       0x08004947   Thumb Code     2  handlers.o(i.__scatterload_null)
    __scatterload_zeroinit                   0x08004949   Thumb Code    14  handlers.o(i.__scatterload_zeroinit)
    adc_init                                 0x08004c31   Thumb Code   132  current.o(i.adc_init)
    bufclr                                   0x08004cbd   Thumb Code    20  u485.o(i.bufclr)
    crc_calculate                            0x08004cd5   Thumb Code    42  crc.o(i.crc_calculate)
    crc_init                                 0x08004d05   Thumb Code    12  crc.o(i.crc_init)
    decode_hexword                           0x08004d11   Thumb Code   134  u485.o(i.decode_hexword)
    delay_init                               0x08004d99   Thumb Code    50  delay.o(i.delay_init)
    delay_ms                                 0x08004ddd   Thumb Code    72  delay.o(i.delay_ms)
    delay_us                                 0x08004e29   Thumb Code    72  delay.o(i.delay_us)
    fputc                                    0x08004e75   Thumb Code    24  usart.o(i.fputc)
    lmtswitch_dect                           0x08004e91   Thumb Code  3676  lswitch.o(i.lmtswitch_dect)
    lmtswitch_init                           0x08005d5d   Thumb Code   236  lswitch.o(i.lmtswitch_init)
    main                                     0x08005e5d   Thumb Code   106  main.o(i.main)
    mos_init                                 0x08005ed1   Thumb Code    40  mos.o(i.mos_init)
    motor1                                   0x08005efd   Thumb Code    20  motor.o(i.motor1)
    motor10                                  0x08005f15   Thumb Code    20  motor.o(i.motor10)
    motor11                                  0x08005f2d   Thumb Code    20  motor.o(i.motor11)
    motor12                                  0x08005f45   Thumb Code    20  motor.o(i.motor12)
    motor13                                  0x08005f5d   Thumb Code    20  motor.o(i.motor13)
    motor14                                  0x08005f75   Thumb Code    20  motor.o(i.motor14)
    motor15                                  0x08005f8d   Thumb Code    20  motor.o(i.motor15)
    motor16                                  0x08005fa5   Thumb Code    20  motor.o(i.motor16)
    motor17                                  0x08005fbd   Thumb Code    20  motor.o(i.motor17)
    motor18                                  0x08005fd5   Thumb Code    20  motor.o(i.motor18)
    motor19                                  0x08005fed   Thumb Code    20  motor.o(i.motor19)
    motor2                                   0x08006005   Thumb Code    20  motor.o(i.motor2)
    motor20                                  0x0800601d   Thumb Code    20  motor.o(i.motor20)
    motor21                                  0x08006035   Thumb Code    20  motor.o(i.motor21)
    motor22                                  0x0800604d   Thumb Code    20  motor.o(i.motor22)
    motor23                                  0x08006065   Thumb Code    20  motor.o(i.motor23)
    motor24                                  0x0800607d   Thumb Code    20  motor.o(i.motor24)
    motor25                                  0x08006095   Thumb Code    20  motor.o(i.motor25)
    motor26                                  0x080060ad   Thumb Code    20  motor.o(i.motor26)
    motor27                                  0x080060c5   Thumb Code    20  motor.o(i.motor27)
    motor28                                  0x080060dd   Thumb Code    20  motor.o(i.motor28)
    motor29                                  0x080060f5   Thumb Code    20  motor.o(i.motor29)
    motor3                                   0x0800610d   Thumb Code    20  motor.o(i.motor3)
    motor30                                  0x08006125   Thumb Code    20  motor.o(i.motor30)
    motor31                                  0x0800613d   Thumb Code    20  motor.o(i.motor31)
    motor32                                  0x08006155   Thumb Code    20  motor.o(i.motor32)
    motor33                                  0x0800616d   Thumb Code    20  motor.o(i.motor33)
    motor34                                  0x08006185   Thumb Code    20  motor.o(i.motor34)
    motor35                                  0x0800619d   Thumb Code    20  motor.o(i.motor35)
    motor36                                  0x080061b5   Thumb Code    20  motor.o(i.motor36)
    motor4                                   0x080061cd   Thumb Code    20  motor.o(i.motor4)
    motor5                                   0x080061e5   Thumb Code    20  motor.o(i.motor5)
    motor6                                   0x080061fd   Thumb Code    20  motor.o(i.motor6)
    motor7                                   0x08006215   Thumb Code    20  motor.o(i.motor7)
    motor8                                   0x0800622d   Thumb Code    20  motor.o(i.motor8)
    motor9                                   0x08006245   Thumb Code    20  motor.o(i.motor9)
    motor_chk                                0x0800625d   Thumb Code   290  motor.o(i.motor_chk)
    motor_close                              0x080063d1   Thumb Code   178  motor.o(i.motor_close)
    motor_function                           0x08006499   Thumb Code   156  motor.o(i.motor_function)
    motor_init                               0x080065c9   Thumb Code   198  motor.o(i.motor_init)
    motor_overtime_print                     0x080066a5   Thumb Code   262  u485.o(i.motor_overtime_print)
    motor_start_manage                       0x08006809   Thumb Code   754  motor.o(i.motor_start_manage)
    readS0                                   0x08006b15   Thumb Code     8  lswitch.o(i.readS0)
    readS1                                   0x08006b21   Thumb Code     8  lswitch.o(i.readS1)
    readS10                                  0x08006b2d   Thumb Code     8  lswitch.o(i.readS10)
    readS11                                  0x08006b39   Thumb Code     8  lswitch.o(i.readS11)
    readS12                                  0x08006b45   Thumb Code     8  lswitch.o(i.readS12)
    readS13                                  0x08006b51   Thumb Code     8  lswitch.o(i.readS13)
    readS14                                  0x08006b5d   Thumb Code     8  lswitch.o(i.readS14)
    readS15                                  0x08006b69   Thumb Code     8  lswitch.o(i.readS15)
    readS16                                  0x08006b75   Thumb Code     8  lswitch.o(i.readS16)
    readS17                                  0x08006b81   Thumb Code     8  lswitch.o(i.readS17)
    readS18                                  0x08006b8d   Thumb Code     8  lswitch.o(i.readS18)
    readS19                                  0x08006b99   Thumb Code     8  lswitch.o(i.readS19)
    readS2                                   0x08006ba5   Thumb Code     8  lswitch.o(i.readS2)
    readS20                                  0x08006bb1   Thumb Code     8  lswitch.o(i.readS20)
    readS21                                  0x08006bbd   Thumb Code     8  lswitch.o(i.readS21)
    readS22                                  0x08006bc9   Thumb Code     8  lswitch.o(i.readS22)
    readS23                                  0x08006bd5   Thumb Code     8  lswitch.o(i.readS23)
    readS24                                  0x08006be1   Thumb Code     8  lswitch.o(i.readS24)
    readS25                                  0x08006bed   Thumb Code     8  lswitch.o(i.readS25)
    readS26                                  0x08006bf9   Thumb Code     8  lswitch.o(i.readS26)
    readS27                                  0x08006c05   Thumb Code     8  lswitch.o(i.readS27)
    readS28                                  0x08006c11   Thumb Code     8  lswitch.o(i.readS28)
    readS29                                  0x08006c1d   Thumb Code     8  lswitch.o(i.readS29)
    readS3                                   0x08006c29   Thumb Code     8  lswitch.o(i.readS3)
    readS30                                  0x08006c35   Thumb Code     8  lswitch.o(i.readS30)
    readS31                                  0x08006c41   Thumb Code     8  lswitch.o(i.readS31)
    readS32                                  0x08006c4d   Thumb Code     8  lswitch.o(i.readS32)
    readS33                                  0x08006c59   Thumb Code     8  lswitch.o(i.readS33)
    readS34                                  0x08006c65   Thumb Code     8  lswitch.o(i.readS34)
    readS35                                  0x08006c71   Thumb Code     8  lswitch.o(i.readS35)
    readS4                                   0x08006c7d   Thumb Code     8  lswitch.o(i.readS4)
    readS5                                   0x08006c89   Thumb Code     8  lswitch.o(i.readS5)
    readS6                                   0x08006c95   Thumb Code     8  lswitch.o(i.readS6)
    readS7                                   0x08006ca1   Thumb Code     8  lswitch.o(i.readS7)
    readS8                                   0x08006cad   Thumb Code     8  lswitch.o(i.readS8)
    readS9                                   0x08006cb9   Thumb Code     8  lswitch.o(i.readS9)
    s_in                                     0x08006cc5   Thumb Code   156  lswitch.o(i.s_in)
    u485_init                                0x08006df5   Thumb Code   198  usart.o(i.u485_init)
    u485_process                             0x08006ec9   Thumb Code  1840  u485.o(i.u485_process)
    u485_process_in                          0x0800766d   Thumb Code   266  u485.o(i.u485_process_in)
    u485_queue_init                          0x080077d1   Thumb Code    52  u485.o(i.u485_queue_init)
    u485_tick                                0x08007809   Thumb Code   290  u485.o(i.u485_tick)
    u485_tx_off                              0x08007951   Thumb Code     8  u485.o(i.u485_tx_off)
    u485_tx_on                               0x0800795d   Thumb Code     8  u485.o(i.u485_tx_on)
    Region$$Table$$Base                      0x08007968   Number         0  anon$$obj.o(Region$$Table)
    Region$$Table$$Limit                     0x08007988   Number         0  anon$$obj.o(Region$$Table)
    ST_CURRENT                               0x20000000   Data           2  main.o(.data)
    SystemCoreClock                          0x20000004   Data           4  system_stm32f10x.o(.data)
    AHBPrescTable                            0x20000008   Data          16  system_stm32f10x.o(.data)
    __stdout                                 0x2000001c   Data           4  usart.o(.data)
    aaa1                                     0x20000034   Data           1  lswitch.o(.data)
    aaa2                                     0x20000035   Data           1  lswitch.o(.data)
    aaa3                                     0x20000036   Data           1  lswitch.o(.data)
    CRCValue                                 0x20000080   Data           4  u485.o(.data)
    CRC_4                                    0x20000084   Data           1  u485.o(.data)
    CRC_3                                    0x20000085   Data           1  u485.o(.data)
    CRC_2                                    0x20000086   Data           1  u485.o(.data)
    CRC_1                                    0x20000087   Data           1  u485.o(.data)
    motor_start_num                          0x20000088   Data           1  u485.o(.data)
    push_flag                                0x20000089   Data           1  u485.o(.data)
    Timeup_Flag                              0x2000008a   Data           1  timer.o(.data)
    Q_485                                    0x200000cc   Data         104  usart.o(.bss)
    readS                                    0x20000134   Data         144  lswitch.o(.bss)
    str_chk                                  0x200001c4   Data          25  motor.o(.bss)
    mrm                                      0x200001dd   Data          36  motor.o(.bss)
    motorchk                                 0x20000204   Data         144  motor.o(.bss)
    sendbuf                                  0x20000294   Data          50  u485.o(.bss)
    M_list                                   0x200002c6   Data          11  u485.o(.bss)
    M_test                                   0x200002d1   Data          37  u485.o(.bss)
    CHK_Motor                                0x200002f6   Data          41  u485.o(.bss)
    buffer_table                             0x20000320   Data         200  u485.o(.bss)
    OTPTF_Table                              0x200003e8   Data          36  timer.o(.bss)
    __initial_sp                             0x20000810   Data           0  startup_stm32f10x_hd.o(STACK)



==============================================================================

Memory Map of the image

  Image Entry point : 0x08003131

  Load Region LR_IROM1 (Base: 0x08003000, Size: 0x00004a54, Max: 0x0007d000, ABSOLUTE)

    Execution Region ER_IROM1 (Base: 0x08003000, Size: 0x00004988, Max: 0x0007d000, ABSOLUTE)

    Base Addr    Size         Type   Attr      Idx    E Section Name        Object

    0x08003000   0x00000130   Data   RO          399    RESET               startup_stm32f10x_hd.o
    0x08003130   0x00000000   Code   RO         2745  * .ARM.Collect$$$$00000000  mc_w.l(entry.o)
    0x08003130   0x00000004   Code   RO         3017    .ARM.Collect$$$$00000001  mc_w.l(entry2.o)
    0x08003134   0x00000004   Code   RO         3020    .ARM.Collect$$$$00000004  mc_w.l(entry5.o)
    0x08003138   0x00000000   Code   RO         3022    .ARM.Collect$$$$00000008  mc_w.l(entry7b.o)
    0x08003138   0x00000000   Code   RO         3024    .ARM.Collect$$$$0000000A  mc_w.l(entry8b.o)
    0x08003138   0x00000008   Code   RO         3025    .ARM.Collect$$$$0000000B  mc_w.l(entry9a.o)
    0x08003140   0x00000000   Code   RO         3027    .ARM.Collect$$$$0000000D  mc_w.l(entry10a.o)
    0x08003140   0x00000000   Code   RO         3029    .ARM.Collect$$$$0000000F  mc_w.l(entry11a.o)
    0x08003140   0x00000004   Code   RO         3018    .ARM.Collect$$$$00002712  mc_w.l(entry2.o)
    0x08003144   0x00000024   Code   RO          400    .text               startup_stm32f10x_hd.o
    0x08003168   0x0000001c   Code   RO         2748    .text               mc_w.l(strcmp.o)
    0x08003184   0x00000044   Code   RO         2750    .text               mc_w.l(strtok.o)
    0x080031c8   0x00000062   Code   RO         3033    .text               mc_w.l(uldiv.o)
    0x0800322a   0x00000002   PAD
    0x0800322c   0x00000024   Code   RO         3046    .text               mc_w.l(init.o)
    0x08003250   0x0000001e   Code   RO         3048    .text               mc_w.l(llshl.o)
    0x0800326e   0x00000020   Code   RO         3050    .text               mc_w.l(llushr.o)
    0x0800328e   0x00000016   Code   RO          446    i.ADC_Cmd           stm32f10x_adc.o
    0x080032a4   0x0000005c   Code   RO          448    i.ADC_DeInit        stm32f10x_adc.o
    0x08003300   0x00000014   Code   RO          454    i.ADC_GetCalibrationStatus  stm32f10x_adc.o
    0x08003314   0x00000008   Code   RO          455    i.ADC_GetConversionValue  stm32f10x_adc.o
    0x0800331c   0x00000012   Code   RO          457    i.ADC_GetFlagStatus  stm32f10x_adc.o
    0x0800332e   0x00000014   Code   RO          460    i.ADC_GetResetCalibrationStatus  stm32f10x_adc.o
    0x08003342   0x00000002   PAD
    0x08003344   0x00000050   Code   RO          464    i.ADC_Init          stm32f10x_adc.o
    0x08003394   0x000000b8   Code   RO          468    i.ADC_RegularChannelConfig  stm32f10x_adc.o
    0x0800344c   0x0000000a   Code   RO          469    i.ADC_ResetCalibration  stm32f10x_adc.o
    0x08003456   0x00000016   Code   RO          471    i.ADC_SoftwareStartConvCmd  stm32f10x_adc.o
    0x0800346c   0x0000000a   Code   RO          473    i.ADC_StartCalibration  stm32f10x_adc.o
    0x08003476   0x00000004   Code   RO          152    i.BusFault_Handler  stm32f10x_it.o
    0x0800347a   0x00000002   PAD
    0x0800347c   0x0000000c   Code   RO          666    i.CRC_ResetDR       stm32f10x_crc.o
    0x08003488   0x00000002   Code   RO          153    i.DebugMon_Handler  stm32f10x_it.o
    0x0800348a   0x00000116   Code   RO          884    i.GPIO_Init         stm32f10x_gpio.o
    0x080035a0   0x00000090   Code   RO          886    i.GPIO_PinRemapConfig  stm32f10x_gpio.o
    0x08003630   0x00000004   Code   RO          891    i.GPIO_ResetBits    stm32f10x_gpio.o
    0x08003634   0x00000054   Code   RO         2267    i.Get_ADC_Value     current.o
    0x08003688   0x00000004   Code   RO          154    i.HardFault_Handler  stm32f10x_it.o
    0x0800368c   0x00000030   Code   RO         2727    i.IWDG_Config       wdg.o
    0x080036bc   0x00000010   Code   RO          992    i.IWDG_Enable       stm32f10x_iwdg.o
    0x080036cc   0x00000008   Code   RO         2728    i.IWDG_Feed         wdg.o
    0x080036d4   0x00000010   Code   RO          994    i.IWDG_ReloadCounter  stm32f10x_iwdg.o
    0x080036e4   0x0000000c   Code   RO          995    i.IWDG_SetPrescaler  stm32f10x_iwdg.o
    0x080036f0   0x0000000c   Code   RO          996    i.IWDG_SetReload    stm32f10x_iwdg.o
    0x080036fc   0x0000000c   Code   RO          997    i.IWDG_WriteAccessCmd  stm32f10x_iwdg.o
    0x08003708   0x00000004   Code   RO          155    i.MemManage_Handler  stm32f10x_it.o
    0x0800370c   0x00000002   Code   RO          156    i.NMI_Handler       stm32f10x_it.o
    0x0800370e   0x00000002   PAD
    0x08003710   0x00000070   Code   RO          404    i.NVIC_Init         misc.o
    0x08003780   0x00000014   Code   RO          405    i.NVIC_PriorityGroupConfig  misc.o
    0x08003794   0x00000002   Code   RO          157    i.PendSV_Handler    stm32f10x_it.o
    0x08003796   0x00000002   PAD
    0x08003798   0x00000018   Code   RO         1034    i.RCC_ADCCLKConfig  stm32f10x_rcc.o
    0x080037b0   0x00000020   Code   RO         1035    i.RCC_AHBPeriphClockCmd  stm32f10x_rcc.o
    0x080037d0   0x00000020   Code   RO         1036    i.RCC_APB1PeriphClockCmd  stm32f10x_rcc.o
    0x080037f0   0x00000020   Code   RO         1038    i.RCC_APB2PeriphClockCmd  stm32f10x_rcc.o
    0x08003810   0x00000020   Code   RO         1039    i.RCC_APB2PeriphResetCmd  stm32f10x_rcc.o
    0x08003830   0x00000014   Code   RO         1042    i.RCC_ClearFlag     stm32f10x_rcc.o
    0x08003844   0x000000d4   Code   RO         1046    i.RCC_GetClocksFreq  stm32f10x_rcc.o
    0x08003918   0x0000003c   Code   RO         1047    i.RCC_GetFlagStatus  stm32f10x_rcc.o
    0x08003954   0x00000002   Code   RO          158    i.SVC_Handler       stm32f10x_it.o
    0x08003956   0x00000008   Code   RO          241    i.SetSysClock       system_stm32f10x.o
    0x0800395e   0x00000002   PAD
    0x08003960   0x000000e0   Code   RO          242    i.SetSysClockTo72   system_stm32f10x.o
    0x08003a40   0x00000028   Code   RO          408    i.SysTick_CLKSourceConfig  misc.o
    0x08003a68   0x00000002   Code   RO          159    i.SysTick_Handler   stm32f10x_it.o
    0x08003a6a   0x00000002   PAD
    0x08003a6c   0x00000060   Code   RO          244    i.SystemInit        system_stm32f10x.o
    0x08003acc   0x00000a64   Code   RO         2638    i.TIM3_IRQHandler   timer.o
    0x08004530   0x00000060   Code   RO         2639    i.TIM3_Int_Init     timer.o
    0x08004590   0x0000002c   Code   RO         2640    i.TIM4_IRQHandler   timer.o
    0x080045bc   0x00000006   Code   RO         1245    i.TIM_ClearITPendingBit  stm32f10x_tim.o
    0x080045c2   0x00000018   Code   RO         1250    i.TIM_Cmd           stm32f10x_tim.o
    0x080045da   0x00000022   Code   RO         1271    i.TIM_GetITStatus   stm32f10x_tim.o
    0x080045fc   0x00000012   Code   RO         1275    i.TIM_ITConfig      stm32f10x_tim.o
    0x0800460e   0x00000002   PAD
    0x08004610   0x000000a4   Code   RO         1321    i.TIM_TimeBaseInit  stm32f10x_tim.o
    0x080046b4   0x0000009c   Code   RO          330    i.USART1_IRQHandler  usart.o
    0x08004750   0x00000018   Code   RO         1786    i.USART_Cmd         stm32f10x_usart.o
    0x08004768   0x00000054   Code   RO         1790    i.USART_GetITStatus  stm32f10x_usart.o
    0x080047bc   0x0000004a   Code   RO         1792    i.USART_ITConfig    stm32f10x_usart.o
    0x08004806   0x00000002   PAD
    0x08004808   0x000000d8   Code   RO         1793    i.USART_Init        stm32f10x_usart.o
    0x080048e0   0x0000000a   Code   RO         1800    i.USART_ReceiveData  stm32f10x_usart.o
    0x080048ea   0x00000004   Code   RO          160    i.UsageFault_Handler  stm32f10x_it.o
    0x080048ee   0x00000002   PAD
    0x080048f0   0x00000020   Code   RO         2889    i.__0printf$5       mc_w.l(printf5.o)
    0x08004910   0x00000028   Code   RO         2890    i.__0snprintf$5     mc_w.l(printf5.o)
    0x08004938   0x0000000e   Code   RO         3058    i.__scatterload_copy  mc_w.l(handlers.o)
    0x08004946   0x00000002   Code   RO         3059    i.__scatterload_null  mc_w.l(handlers.o)
    0x08004948   0x0000000e   Code   RO         3060    i.__scatterload_zeroinit  mc_w.l(handlers.o)
    0x08004956   0x00000002   PAD
    0x08004958   0x000002c0   Code   RO         2896    i._printf_core      mc_w.l(printf5.o)
    0x08004c18   0x00000016   Code   RO         2897    i._snputc           mc_w.l(printf5.o)
    0x08004c2e   0x00000002   PAD
    0x08004c30   0x0000008c   Code   RO         2268    i.adc_init          current.o
    0x08004cbc   0x00000018   Code   RO         2543    i.bufclr            u485.o
    0x08004cd4   0x00000030   Code   RO         2709    i.crc_calculate     crc.o
    0x08004d04   0x0000000c   Code   RO         2710    i.crc_init          crc.o
    0x08004d10   0x00000086   Code   RO         2546    i.decode_hexword    u485.o
    0x08004d96   0x00000002   PAD
    0x08004d98   0x00000044   Code   RO          275    i.delay_init        delay.o
    0x08004ddc   0x0000004c   Code   RO          276    i.delay_ms          delay.o
    0x08004e28   0x0000004c   Code   RO          277    i.delay_us          delay.o
    0x08004e74   0x0000001c   Code   RO          334    i.fputc             usart.o
    0x08004e90   0x00000ecc   Code   RO         2016    i.lmtswitch_dect    lswitch.o
    0x08005d5c   0x00000100   Code   RO         2017    i.lmtswitch_init    lswitch.o
    0x08005e5c   0x00000074   Code   RO            1    i.main              main.o
    0x08005ed0   0x0000002c   Code   RO         2675    i.mos_init          mos.o
    0x08005efc   0x00000018   Code   RO         2285    i.motor1            motor.o
    0x08005f14   0x00000018   Code   RO         2286    i.motor10           motor.o
    0x08005f2c   0x00000018   Code   RO         2287    i.motor11           motor.o
    0x08005f44   0x00000018   Code   RO         2288    i.motor12           motor.o
    0x08005f5c   0x00000018   Code   RO         2289    i.motor13           motor.o
    0x08005f74   0x00000018   Code   RO         2290    i.motor14           motor.o
    0x08005f8c   0x00000018   Code   RO         2291    i.motor15           motor.o
    0x08005fa4   0x00000018   Code   RO         2292    i.motor16           motor.o
    0x08005fbc   0x00000018   Code   RO         2293    i.motor17           motor.o
    0x08005fd4   0x00000018   Code   RO         2294    i.motor18           motor.o
    0x08005fec   0x00000018   Code   RO         2295    i.motor19           motor.o
    0x08006004   0x00000018   Code   RO         2296    i.motor2            motor.o
    0x0800601c   0x00000018   Code   RO         2297    i.motor20           motor.o
    0x08006034   0x00000018   Code   RO         2298    i.motor21           motor.o
    0x0800604c   0x00000018   Code   RO         2299    i.motor22           motor.o
    0x08006064   0x00000018   Code   RO         2300    i.motor23           motor.o
    0x0800607c   0x00000018   Code   RO         2301    i.motor24           motor.o
    0x08006094   0x00000018   Code   RO         2302    i.motor25           motor.o
    0x080060ac   0x00000018   Code   RO         2303    i.motor26           motor.o
    0x080060c4   0x00000018   Code   RO         2304    i.motor27           motor.o
    0x080060dc   0x00000018   Code   RO         2305    i.motor28           motor.o
    0x080060f4   0x00000018   Code   RO         2306    i.motor29           motor.o
    0x0800610c   0x00000018   Code   RO         2307    i.motor3            motor.o
    0x08006124   0x00000018   Code   RO         2308    i.motor30           motor.o
    0x0800613c   0x00000018   Code   RO         2309    i.motor31           motor.o
    0x08006154   0x00000018   Code   RO         2310    i.motor32           motor.o
    0x0800616c   0x00000018   Code   RO         2311    i.motor33           motor.o
    0x08006184   0x00000018   Code   RO         2312    i.motor34           motor.o
    0x0800619c   0x00000018   Code   RO         2313    i.motor35           motor.o
    0x080061b4   0x00000018   Code   RO         2314    i.motor36           motor.o
    0x080061cc   0x00000018   Code   RO         2315    i.motor4            motor.o
    0x080061e4   0x00000018   Code   RO         2316    i.motor5            motor.o
    0x080061fc   0x00000018   Code   RO         2317    i.motor6            motor.o
    0x08006214   0x00000018   Code   RO         2318    i.motor7            motor.o
    0x0800622c   0x00000018   Code   RO         2319    i.motor8            motor.o
    0x08006244   0x00000018   Code   RO         2320    i.motor9            motor.o
    0x0800625c   0x00000174   Code   RO         2321    i.motor_chk         motor.o
    0x080063d0   0x000000c8   Code   RO         2322    i.motor_close       motor.o
    0x08006498   0x00000130   Code   RO         2323    i.motor_function    motor.o
    0x080065c8   0x000000dc   Code   RO         2324    i.motor_init        motor.o
    0x080066a4   0x00000164   Code   RO         2547    i.motor_overtime_print  u485.o
    0x08006808   0x0000030c   Code   RO         2325    i.motor_start_manage  motor.o
    0x08006b14   0x0000000c   Code   RO         2018    i.readS0            lswitch.o
    0x08006b20   0x0000000c   Code   RO         2019    i.readS1            lswitch.o
    0x08006b2c   0x0000000c   Code   RO         2020    i.readS10           lswitch.o
    0x08006b38   0x0000000c   Code   RO         2021    i.readS11           lswitch.o
    0x08006b44   0x0000000c   Code   RO         2022    i.readS12           lswitch.o
    0x08006b50   0x0000000c   Code   RO         2023    i.readS13           lswitch.o
    0x08006b5c   0x0000000c   Code   RO         2024    i.readS14           lswitch.o
    0x08006b68   0x0000000c   Code   RO         2025    i.readS15           lswitch.o
    0x08006b74   0x0000000c   Code   RO         2026    i.readS16           lswitch.o
    0x08006b80   0x0000000c   Code   RO         2027    i.readS17           lswitch.o
    0x08006b8c   0x0000000c   Code   RO         2028    i.readS18           lswitch.o
    0x08006b98   0x0000000c   Code   RO         2029    i.readS19           lswitch.o
    0x08006ba4   0x0000000c   Code   RO         2030    i.readS2            lswitch.o
    0x08006bb0   0x0000000c   Code   RO         2031    i.readS20           lswitch.o
    0x08006bbc   0x0000000c   Code   RO         2032    i.readS21           lswitch.o
    0x08006bc8   0x0000000c   Code   RO         2033    i.readS22           lswitch.o
    0x08006bd4   0x0000000c   Code   RO         2034    i.readS23           lswitch.o
    0x08006be0   0x0000000c   Code   RO         2035    i.readS24           lswitch.o
    0x08006bec   0x0000000c   Code   RO         2036    i.readS25           lswitch.o
    0x08006bf8   0x0000000c   Code   RO         2037    i.readS26           lswitch.o
    0x08006c04   0x0000000c   Code   RO         2038    i.readS27           lswitch.o
    0x08006c10   0x0000000c   Code   RO         2039    i.readS28           lswitch.o
    0x08006c1c   0x0000000c   Code   RO         2040    i.readS29           lswitch.o
    0x08006c28   0x0000000c   Code   RO         2041    i.readS3            lswitch.o
    0x08006c34   0x0000000c   Code   RO         2042    i.readS30           lswitch.o
    0x08006c40   0x0000000c   Code   RO         2043    i.readS31           lswitch.o
    0x08006c4c   0x0000000c   Code   RO         2044    i.readS32           lswitch.o
    0x08006c58   0x0000000c   Code   RO         2045    i.readS33           lswitch.o
    0x08006c64   0x0000000c   Code   RO         2046    i.readS34           lswitch.o
    0x08006c70   0x0000000c   Code   RO         2047    i.readS35           lswitch.o
    0x08006c7c   0x0000000c   Code   RO         2048    i.readS4            lswitch.o
    0x08006c88   0x0000000c   Code   RO         2049    i.readS5            lswitch.o
    0x08006c94   0x0000000c   Code   RO         2050    i.readS6            lswitch.o
    0x08006ca0   0x0000000c   Code   RO         2051    i.readS7            lswitch.o
    0x08006cac   0x0000000c   Code   RO         2052    i.readS8            lswitch.o
    0x08006cb8   0x0000000c   Code   RO         2053    i.readS9            lswitch.o
    0x08006cc4   0x00000130   Code   RO         2054    i.s_in              lswitch.o
    0x08006df4   0x000000d4   Code   RO          335    i.u485_init         usart.o
    0x08006ec8   0x000007a4   Code   RO         2549    i.u485_process      u485.o
    0x0800766c   0x00000164   Code   RO         2550    i.u485_process_in   u485.o
    0x080077d0   0x00000038   Code   RO         2551    i.u485_queue_init   u485.o
    0x08007808   0x00000148   Code   RO         2552    i.u485_tick         u485.o
    0x08007950   0x0000000c   Code   RO         2553    i.u485_tx_off       u485.o
    0x0800795c   0x0000000c   Code   RO         2554    i.u485_tx_on        u485.o
    0x08007968   0x00000020   Data   RO         3056    Region$$Table       anon$$obj.o


    Execution Region RW_IRAM1 (Base: 0x20000000, Size: 0x00000810, Max: 0x00010000, ABSOLUTE)

    Base Addr    Size         Type   Attr      Idx    E Section Name        Object

    0x20000000   0x00000002   Data   RW            2    .data               main.o
    0x20000002   0x00000002   PAD
    0x20000004   0x00000014   Data   RW          245    .data               system_stm32f10x.o
    0x20000018   0x00000004   Data   RW          278    .data               delay.o
    0x2000001c   0x00000004   Data   RW          337    .data               usart.o
    0x20000020   0x00000014   Data   RW         1066    .data               stm32f10x_rcc.o
    0x20000034   0x0000004c   Data   RW         2056    .data               lswitch.o
    0x20000080   0x0000000a   Data   RW         2556    .data               u485.o
    0x2000008a   0x0000003b   Data   RW         2643    .data               timer.o
    0x200000c5   0x00000003   PAD
    0x200000c8   0x00000004   Data   RW         2751    .data               mc_w.l(strtok.o)
    0x200000cc   0x00000068   Zero   RW          336    .bss                usart.o
    0x20000134   0x00000090   Zero   RW         2055    .bss                lswitch.o
    0x200001c4   0x000000d0   Zero   RW         2326    .bss                motor.o
    0x20000294   0x00000154   Zero   RW         2555    .bss                u485.o
    0x200003e8   0x00000024   Zero   RW         2642    .bss                timer.o
    0x2000040c   0x00000004   PAD
    0x20000410   0x00000400   Zero   RW          397    STACK               startup_stm32f10x_hd.o


==============================================================================

Image component sizes


      Code (inc. data)   RO Data    RW Data    ZI Data      Debug   Object Name

        60          6          0          0          0       1007   crc.o
       224         12          0          0          0       1199   current.o
       220         26          0          4          0       1611   delay.o
      4780        790          0         76        144      21138   lswitch.o
       116         10          0          2          0     263653   main.o
       172         22          0          0          0       1949   misc.o
        44          4          0          0          0        447   mos.o
      2740        482          0          0        208      22027   motor.o
        36          8        304          0       1024        772   startup_stm32f10x_hd.o
       486         24          0          0          0       8278   stm32f10x_adc.o
        12          4          0          0          0        430   stm32f10x_crc.o
       426          6          0          0          0       3231   stm32f10x_gpio.o
        26          0          0          0          0       3462   stm32f10x_it.o
        68         30          0          0          0       2350   stm32f10x_iwdg.o
       444         60          0         20          0       6986   stm32f10x_rcc.o
       246         42          0          0          0       3386   stm32f10x_tim.o
       408          6          0          0          0       4838   stm32f10x_usart.o
         0          0          0          0          0         32   sys.o
       328         30          0         20          0       1957   system_stm32f10x.o
      2800        282          0         59         36       4486   timer.o
      3234        586          0         10        340      22740   u485.o
       396         28          0          4        104       4200   usart.o
        56          0          0          0          0        938   wdg.o

    ----------------------------------------------------------------------
     17342       2458        336        200       1860     381117   Object Totals
         0          0         32          0          0          0   (incl. Generated)
        20          0          0          5          4          0   (incl. Padding)

    ----------------------------------------------------------------------

      Code (inc. data)   RO Data    RW Data    ZI Data      Debug   Library Member Name

         0          0          0          0          0          0   entry.o
         0          0          0          0          0          0   entry10a.o
         0          0          0          0          0          0   entry11a.o
         8          4          0          0          0          0   entry2.o
         4          0          0          0          0          0   entry5.o
         0          0          0          0          0          0   entry7b.o
         0          0          0          0          0          0   entry8b.o
         8          4          0          0          0          0   entry9a.o
        30          0          0          0          0          0   handlers.o
        36          8          0          0          0         68   init.o
        30          0          0          0          0         68   llshl.o
        32          0          0          0          0         68   llushr.o
       798         60          0          0          0        336   printf5.o
        28          0          0          0          0         76   strcmp.o
        68          6          0          4          0         80   strtok.o
        98          0          0          0          0         92   uldiv.o

    ----------------------------------------------------------------------
      1146         82          0          4          0        788   Library Totals
         6          0          0          0          0          0   (incl. Padding)

    ----------------------------------------------------------------------

      Code (inc. data)   RO Data    RW Data    ZI Data      Debug   Library Name

      1140         82          0          4          0        788   mc_w.l

    ----------------------------------------------------------------------
      1146         82          0          4          0        788   Library Totals

    ----------------------------------------------------------------------

==============================================================================


      Code (inc. data)   RO Data    RW Data    ZI Data      Debug   

     18488       2540        336        204       1860     373581   Grand Totals
     18488       2540        336        204       1860     373581   ELF Image Totals
     18488       2540        336        204          0          0   ROM Totals

==============================================================================

    Total RO  Size (Code + RO Data)                18824 (  18.38kB)
    Total RW  Size (RW Data + ZI Data)              2064 (   2.02kB)
    Total ROM Size (Code + RO Data + RW Data)      19028 (  18.58kB)

==============================================================================

