<html>
<body>
<pre>
<h1>µVision Build Log</h1>
<h2>Tool Versions:</h2>
IDE-Version: ¦ÌVision V5.17.0.0
Copyright (C) 2015 ARM Ltd and ARM Germany GmbH. All rights reserved.
License Information: aa ruijunfeng105@163.com, aaa, LIC=UJWBS-L3Q4T-4SUY4-FI58V-F98M3-97GMN
 
Tool Versions:
Toolchain:       MDK-ARM Standard  Version: 5.17
Toolchain Path:  C:\Keil_v5\ARM\ARMCC\Bin
C Compiler:      Armcc.exe V5.06 update 1 (build 61)
Assembler:       Armasm.exe V5.06 update 1 (build 61)
Linker/Locator:  ArmLink.exe V5.06 update 1 (build 61)
Library Manager: ArmAr.exe V5.06 update 1 (build 61)
Hex Converter:   FromElf.exe V5.06 update 1 (build 61)
CPU DLL:         SARMCM3.DLL V5.17
Dialog DLL:      DCM.DLL V1.13.4.0
Target DLL:      STLink\ST-LINKIII-KEIL_SWO.dll V2.0.18.0
Dialog DLL:      TCM.DLL V1.14.6.0
 
<h2>Project:</h2>
E:\fusion\2019Project\Y1B\Y1B_v3.0\USER\Template.uvprojx
Project File Date:  07/17/2019

<h2>Output:</h2>
*** Using Compiler 'V5.06 update 1 (build 61)', folder: 'C:\Keil_v5\ARM\ARMCC\Bin'
Rebuild target 'Template'
compiling core_cm3.c...
assembling startup_stm32f10x_hd.s...
compiling stm32f10x_it.c...
compiling delay.c...
compiling system_stm32f10x.c...
compiling main.c...
compiling usart.c...
..\SYSTEM\usart\usart.c(102): warning:  #550-D: variable "clr" was set but never used
  	u8 Res,clr;
..\SYSTEM\usart\usart.c: 1 warning, 0 errors
compiling sys.c...
compiling misc.c...
compiling stm32f10x_dbgmcu.c...
compiling stm32f10x_crc.c...
compiling stm32f10x_dac.c...
compiling stm32f10x_gpio.c...
compiling stm32f10x_dma.c...
compiling stm32f10x_adc.c...
compiling stm32f10x_iwdg.c...
compiling stm32f10x_usart.c...
compiling stm32f10x_wwdg.c...
compiling stm32f10x_rcc.c...
compiling current.c...
compiling stm32f10x_tim.c...
compiling lswitch.c...
..\HARDWARE\lswitch.c(371): warning:  #177-D: variable "motor_start_num1" was declared but never referenced
  	static u8 motor_start_num1;
..\HARDWARE\lswitch.c: 1 warning, 0 errors
compiling mos.c...
compiling dma.c...
compiling crc.c...
compiling wdg.c...
compiling timer.c...
compiling u485.c...
compiling motor.c...
linking...
Program Size: Code=18488 RO-data=336 RW-data=204 ZI-data=1860  
FromELF: creating hex file...
After Build - User command #1: fromelf.exe --bin -o "..\OBJ\Template.bin" "..\OBJ\Template.axf"
"..\OBJ\Template.axf" - 0 Error(s), 2 Warning(s).

<h2>Collection of Component include folders:</h2>
  E:\fusion\2019Project\Y1B\Y1B_v3.0\USER\RTE
  C:\Keil_v5\ARM\PACK\Keil\STM32F1xx_DFP\2.3.0\Device\Include

<h2>Collection of Component Files used:</h2>
Build Time Elapsed:  00:00:04
</pre>
</body>
</html>
