<!doctype html public "-//w3c//dtd html 4.0 transitional//en">
<html><head>
<title>Static Call Graph - [..\OBJ\Template.axf]</title></head>
<body><HR>
<H1>Static Call Graph for image ..\OBJ\Template.axf</H1><HR>
<BR><P>#&#060CALLGRAPH&#062# ARM Linker, 5060061: Last Updated: Tue Jan 14 13:44:44 2020
<BR><P>
<H3>Maximum Stack Usage =        176 bytes + Unknown(Cycles, Untraceable Function Pointers)</H3><H3>
Call chain for Maximum Stack Depth:</H3>
main &rArr; u485_tick &rArr; u485_process &rArr; u485_process_in &rArr; __2snprintf
<P>
<H3>
Mutually Recursive functions
</H3> <LI><a href="#[1c]">ADC1_2_IRQHandler</a>&nbsp;&nbsp;&nbsp;&rArr;&nbsp;&nbsp;&nbsp;<a href="#[1c]">ADC1_2_IRQHandler</a><BR>
</UL>
<P>
<H3>
Function Pointers
</H3><UL>
 <LI><a href="#[1c]">ADC1_2_IRQHandler</a> from startup_stm32f10x_hd.o(.text) referenced from startup_stm32f10x_hd.o(RESET)
 <LI><a href="#[39]">ADC3_IRQHandler</a> from startup_stm32f10x_hd.o(.text) referenced from startup_stm32f10x_hd.o(RESET)
 <LI><a href="#[4]">BusFault_Handler</a> from stm32f10x_it.o(i.BusFault_Handler) referenced from startup_stm32f10x_hd.o(RESET)
 <LI><a href="#[1f]">CAN1_RX1_IRQHandler</a> from startup_stm32f10x_hd.o(.text) referenced from startup_stm32f10x_hd.o(RESET)
 <LI><a href="#[20]">CAN1_SCE_IRQHandler</a> from startup_stm32f10x_hd.o(.text) referenced from startup_stm32f10x_hd.o(RESET)
 <LI><a href="#[15]">DMA1_Channel1_IRQHandler</a> from startup_stm32f10x_hd.o(.text) referenced from startup_stm32f10x_hd.o(RESET)
 <LI><a href="#[16]">DMA1_Channel2_IRQHandler</a> from startup_stm32f10x_hd.o(.text) referenced from startup_stm32f10x_hd.o(RESET)
 <LI><a href="#[17]">DMA1_Channel3_IRQHandler</a> from startup_stm32f10x_hd.o(.text) referenced from startup_stm32f10x_hd.o(RESET)
 <LI><a href="#[18]">DMA1_Channel4_IRQHandler</a> from startup_stm32f10x_hd.o(.text) referenced from startup_stm32f10x_hd.o(RESET)
 <LI><a href="#[19]">DMA1_Channel5_IRQHandler</a> from startup_stm32f10x_hd.o(.text) referenced from startup_stm32f10x_hd.o(RESET)
 <LI><a href="#[1a]">DMA1_Channel6_IRQHandler</a> from startup_stm32f10x_hd.o(.text) referenced from startup_stm32f10x_hd.o(RESET)
 <LI><a href="#[1b]">DMA1_Channel7_IRQHandler</a> from startup_stm32f10x_hd.o(.text) referenced from startup_stm32f10x_hd.o(RESET)
 <LI><a href="#[42]">DMA2_Channel1_IRQHandler</a> from startup_stm32f10x_hd.o(.text) referenced from startup_stm32f10x_hd.o(RESET)
 <LI><a href="#[43]">DMA2_Channel2_IRQHandler</a> from startup_stm32f10x_hd.o(.text) referenced from startup_stm32f10x_hd.o(RESET)
 <LI><a href="#[44]">DMA2_Channel3_IRQHandler</a> from startup_stm32f10x_hd.o(.text) referenced from startup_stm32f10x_hd.o(RESET)
 <LI><a href="#[45]">DMA2_Channel4_5_IRQHandler</a> from startup_stm32f10x_hd.o(.text) referenced from startup_stm32f10x_hd.o(RESET)
 <LI><a href="#[7]">DebugMon_Handler</a> from stm32f10x_it.o(i.DebugMon_Handler) referenced from startup_stm32f10x_hd.o(RESET)
 <LI><a href="#[10]">EXTI0_IRQHandler</a> from startup_stm32f10x_hd.o(.text) referenced from startup_stm32f10x_hd.o(RESET)
 <LI><a href="#[32]">EXTI15_10_IRQHandler</a> from startup_stm32f10x_hd.o(.text) referenced from startup_stm32f10x_hd.o(RESET)
 <LI><a href="#[11]">EXTI1_IRQHandler</a> from startup_stm32f10x_hd.o(.text) referenced from startup_stm32f10x_hd.o(RESET)
 <LI><a href="#[12]">EXTI2_IRQHandler</a> from startup_stm32f10x_hd.o(.text) referenced from startup_stm32f10x_hd.o(RESET)
 <LI><a href="#[13]">EXTI3_IRQHandler</a> from startup_stm32f10x_hd.o(.text) referenced from startup_stm32f10x_hd.o(RESET)
 <LI><a href="#[14]">EXTI4_IRQHandler</a> from startup_stm32f10x_hd.o(.text) referenced from startup_stm32f10x_hd.o(RESET)
 <LI><a href="#[21]">EXTI9_5_IRQHandler</a> from startup_stm32f10x_hd.o(.text) referenced from startup_stm32f10x_hd.o(RESET)
 <LI><a href="#[e]">FLASH_IRQHandler</a> from startup_stm32f10x_hd.o(.text) referenced from startup_stm32f10x_hd.o(RESET)
 <LI><a href="#[3a]">FSMC_IRQHandler</a> from startup_stm32f10x_hd.o(.text) referenced from startup_stm32f10x_hd.o(RESET)
 <LI><a href="#[2]">HardFault_Handler</a> from stm32f10x_it.o(i.HardFault_Handler) referenced from startup_stm32f10x_hd.o(RESET)
 <LI><a href="#[2a]">I2C1_ER_IRQHandler</a> from startup_stm32f10x_hd.o(.text) referenced from startup_stm32f10x_hd.o(RESET)
 <LI><a href="#[29]">I2C1_EV_IRQHandler</a> from startup_stm32f10x_hd.o(.text) referenced from startup_stm32f10x_hd.o(RESET)
 <LI><a href="#[2c]">I2C2_ER_IRQHandler</a> from startup_stm32f10x_hd.o(.text) referenced from startup_stm32f10x_hd.o(RESET)
 <LI><a href="#[2b]">I2C2_EV_IRQHandler</a> from startup_stm32f10x_hd.o(.text) referenced from startup_stm32f10x_hd.o(RESET)
 <LI><a href="#[3]">MemManage_Handler</a> from stm32f10x_it.o(i.MemManage_Handler) referenced from startup_stm32f10x_hd.o(RESET)
 <LI><a href="#[1]">NMI_Handler</a> from stm32f10x_it.o(i.NMI_Handler) referenced from startup_stm32f10x_hd.o(RESET)
 <LI><a href="#[b]">PVD_IRQHandler</a> from startup_stm32f10x_hd.o(.text) referenced from startup_stm32f10x_hd.o(RESET)
 <LI><a href="#[8]">PendSV_Handler</a> from stm32f10x_it.o(i.PendSV_Handler) referenced from startup_stm32f10x_hd.o(RESET)
 <LI><a href="#[f]">RCC_IRQHandler</a> from startup_stm32f10x_hd.o(.text) referenced from startup_stm32f10x_hd.o(RESET)
 <LI><a href="#[33]">RTCAlarm_IRQHandler</a> from startup_stm32f10x_hd.o(.text) referenced from startup_stm32f10x_hd.o(RESET)
 <LI><a href="#[d]">RTC_IRQHandler</a> from startup_stm32f10x_hd.o(.text) referenced from startup_stm32f10x_hd.o(RESET)
 <LI><a href="#[0]">Reset_Handler</a> from startup_stm32f10x_hd.o(.text) referenced from startup_stm32f10x_hd.o(RESET)
 <LI><a href="#[3b]">SDIO_IRQHandler</a> from startup_stm32f10x_hd.o(.text) referenced from startup_stm32f10x_hd.o(RESET)
 <LI><a href="#[2d]">SPI1_IRQHandler</a> from startup_stm32f10x_hd.o(.text) referenced from startup_stm32f10x_hd.o(RESET)
 <LI><a href="#[2e]">SPI2_IRQHandler</a> from startup_stm32f10x_hd.o(.text) referenced from startup_stm32f10x_hd.o(RESET)
 <LI><a href="#[3d]">SPI3_IRQHandler</a> from startup_stm32f10x_hd.o(.text) referenced from startup_stm32f10x_hd.o(RESET)
 <LI><a href="#[6]">SVC_Handler</a> from stm32f10x_it.o(i.SVC_Handler) referenced from startup_stm32f10x_hd.o(RESET)
 <LI><a href="#[9]">SysTick_Handler</a> from stm32f10x_it.o(i.SysTick_Handler) referenced from startup_stm32f10x_hd.o(RESET)
 <LI><a href="#[47]">SystemInit</a> from system_stm32f10x.o(i.SystemInit) referenced from startup_stm32f10x_hd.o(.text)
 <LI><a href="#[c]">TAMPER_IRQHandler</a> from startup_stm32f10x_hd.o(.text) referenced from startup_stm32f10x_hd.o(RESET)
 <LI><a href="#[22]">TIM1_BRK_IRQHandler</a> from startup_stm32f10x_hd.o(.text) referenced from startup_stm32f10x_hd.o(RESET)
 <LI><a href="#[25]">TIM1_CC_IRQHandler</a> from startup_stm32f10x_hd.o(.text) referenced from startup_stm32f10x_hd.o(RESET)
 <LI><a href="#[24]">TIM1_TRG_COM_IRQHandler</a> from startup_stm32f10x_hd.o(.text) referenced from startup_stm32f10x_hd.o(RESET)
 <LI><a href="#[23]">TIM1_UP_IRQHandler</a> from startup_stm32f10x_hd.o(.text) referenced from startup_stm32f10x_hd.o(RESET)
 <LI><a href="#[26]">TIM2_IRQHandler</a> from startup_stm32f10x_hd.o(.text) referenced from startup_stm32f10x_hd.o(RESET)
 <LI><a href="#[27]">TIM3_IRQHandler</a> from timer.o(i.TIM3_IRQHandler) referenced from startup_stm32f10x_hd.o(RESET)
 <LI><a href="#[28]">TIM4_IRQHandler</a> from timer.o(i.TIM4_IRQHandler) referenced from startup_stm32f10x_hd.o(RESET)
 <LI><a href="#[3c]">TIM5_IRQHandler</a> from startup_stm32f10x_hd.o(.text) referenced from startup_stm32f10x_hd.o(RESET)
 <LI><a href="#[40]">TIM6_IRQHandler</a> from startup_stm32f10x_hd.o(.text) referenced from startup_stm32f10x_hd.o(RESET)
 <LI><a href="#[41]">TIM7_IRQHandler</a> from startup_stm32f10x_hd.o(.text) referenced from startup_stm32f10x_hd.o(RESET)
 <LI><a href="#[35]">TIM8_BRK_IRQHandler</a> from startup_stm32f10x_hd.o(.text) referenced from startup_stm32f10x_hd.o(RESET)
 <LI><a href="#[38]">TIM8_CC_IRQHandler</a> from startup_stm32f10x_hd.o(.text) referenced from startup_stm32f10x_hd.o(RESET)
 <LI><a href="#[37]">TIM8_TRG_COM_IRQHandler</a> from startup_stm32f10x_hd.o(.text) referenced from startup_stm32f10x_hd.o(RESET)
 <LI><a href="#[36]">TIM8_UP_IRQHandler</a> from startup_stm32f10x_hd.o(.text) referenced from startup_stm32f10x_hd.o(RESET)
 <LI><a href="#[3e]">UART4_IRQHandler</a> from startup_stm32f10x_hd.o(.text) referenced from startup_stm32f10x_hd.o(RESET)
 <LI><a href="#[3f]">UART5_IRQHandler</a> from startup_stm32f10x_hd.o(.text) referenced from startup_stm32f10x_hd.o(RESET)
 <LI><a href="#[2f]">USART1_IRQHandler</a> from usart.o(i.USART1_IRQHandler) referenced from startup_stm32f10x_hd.o(RESET)
 <LI><a href="#[30]">USART2_IRQHandler</a> from startup_stm32f10x_hd.o(.text) referenced from startup_stm32f10x_hd.o(RESET)
 <LI><a href="#[31]">USART3_IRQHandler</a> from startup_stm32f10x_hd.o(.text) referenced from startup_stm32f10x_hd.o(RESET)
 <LI><a href="#[34]">USBWakeUp_IRQHandler</a> from startup_stm32f10x_hd.o(.text) referenced from startup_stm32f10x_hd.o(RESET)
 <LI><a href="#[1d]">USB_HP_CAN1_TX_IRQHandler</a> from startup_stm32f10x_hd.o(.text) referenced from startup_stm32f10x_hd.o(RESET)
 <LI><a href="#[1e]">USB_LP_CAN1_RX0_IRQHandler</a> from startup_stm32f10x_hd.o(.text) referenced from startup_stm32f10x_hd.o(RESET)
 <LI><a href="#[5]">UsageFault_Handler</a> from stm32f10x_it.o(i.UsageFault_Handler) referenced from startup_stm32f10x_hd.o(RESET)
 <LI><a href="#[a]">WWDG_IRQHandler</a> from startup_stm32f10x_hd.o(.text) referenced from startup_stm32f10x_hd.o(RESET)
 <LI><a href="#[48]">__main</a> from entry.o(.ARM.Collect$$$$00000000) referenced from startup_stm32f10x_hd.o(.text)
 <LI><a href="#[4a]">_snputc</a> from printf5.o(i._snputc) referenced from printf5.o(i.__0snprintf$5)
 <LI><a href="#[49]">fputc</a> from usart.o(i.fputc) referenced from printf5.o(i.__0printf$5)
 <LI><a href="#[46]">main</a> from main.o(i.main) referenced from entry9a.o(.ARM.Collect$$$$0000000B)
 <LI><a href="#[4b]">motor1</a> from motor.o(i.motor1) referenced from motor.o(i.motor_function)
 <LI><a href="#[54]">motor10</a> from motor.o(i.motor10) referenced from motor.o(i.motor_function)
 <LI><a href="#[55]">motor11</a> from motor.o(i.motor11) referenced from motor.o(i.motor_function)
 <LI><a href="#[56]">motor12</a> from motor.o(i.motor12) referenced from motor.o(i.motor_function)
 <LI><a href="#[57]">motor13</a> from motor.o(i.motor13) referenced from motor.o(i.motor_function)
 <LI><a href="#[58]">motor14</a> from motor.o(i.motor14) referenced from motor.o(i.motor_function)
 <LI><a href="#[59]">motor15</a> from motor.o(i.motor15) referenced from motor.o(i.motor_function)
 <LI><a href="#[5a]">motor16</a> from motor.o(i.motor16) referenced from motor.o(i.motor_function)
 <LI><a href="#[5b]">motor17</a> from motor.o(i.motor17) referenced from motor.o(i.motor_function)
 <LI><a href="#[5c]">motor18</a> from motor.o(i.motor18) referenced from motor.o(i.motor_function)
 <LI><a href="#[5d]">motor19</a> from motor.o(i.motor19) referenced from motor.o(i.motor_function)
 <LI><a href="#[4c]">motor2</a> from motor.o(i.motor2) referenced from motor.o(i.motor_function)
 <LI><a href="#[5e]">motor20</a> from motor.o(i.motor20) referenced from motor.o(i.motor_function)
 <LI><a href="#[5f]">motor21</a> from motor.o(i.motor21) referenced from motor.o(i.motor_function)
 <LI><a href="#[60]">motor22</a> from motor.o(i.motor22) referenced from motor.o(i.motor_function)
 <LI><a href="#[61]">motor23</a> from motor.o(i.motor23) referenced from motor.o(i.motor_function)
 <LI><a href="#[62]">motor24</a> from motor.o(i.motor24) referenced from motor.o(i.motor_function)
 <LI><a href="#[63]">motor25</a> from motor.o(i.motor25) referenced from motor.o(i.motor_function)
 <LI><a href="#[64]">motor26</a> from motor.o(i.motor26) referenced from motor.o(i.motor_function)
 <LI><a href="#[65]">motor27</a> from motor.o(i.motor27) referenced from motor.o(i.motor_function)
 <LI><a href="#[66]">motor28</a> from motor.o(i.motor28) referenced from motor.o(i.motor_function)
 <LI><a href="#[67]">motor29</a> from motor.o(i.motor29) referenced from motor.o(i.motor_function)
 <LI><a href="#[4d]">motor3</a> from motor.o(i.motor3) referenced from motor.o(i.motor_function)
 <LI><a href="#[68]">motor30</a> from motor.o(i.motor30) referenced from motor.o(i.motor_function)
 <LI><a href="#[69]">motor31</a> from motor.o(i.motor31) referenced from motor.o(i.motor_function)
 <LI><a href="#[6a]">motor32</a> from motor.o(i.motor32) referenced from motor.o(i.motor_function)
 <LI><a href="#[6b]">motor33</a> from motor.o(i.motor33) referenced from motor.o(i.motor_function)
 <LI><a href="#[6c]">motor34</a> from motor.o(i.motor34) referenced from motor.o(i.motor_function)
 <LI><a href="#[6d]">motor35</a> from motor.o(i.motor35) referenced from motor.o(i.motor_function)
 <LI><a href="#[6e]">motor36</a> from motor.o(i.motor36) referenced from motor.o(i.motor_function)
 <LI><a href="#[4e]">motor4</a> from motor.o(i.motor4) referenced from motor.o(i.motor_function)
 <LI><a href="#[4f]">motor5</a> from motor.o(i.motor5) referenced from motor.o(i.motor_function)
 <LI><a href="#[50]">motor6</a> from motor.o(i.motor6) referenced from motor.o(i.motor_function)
 <LI><a href="#[51]">motor7</a> from motor.o(i.motor7) referenced from motor.o(i.motor_function)
 <LI><a href="#[52]">motor8</a> from motor.o(i.motor8) referenced from motor.o(i.motor_function)
 <LI><a href="#[53]">motor9</a> from motor.o(i.motor9) referenced from motor.o(i.motor_function)
 <LI><a href="#[6f]">readS0</a> from lswitch.o(i.readS0) referenced from lswitch.o(i.s_in)
 <LI><a href="#[70]">readS1</a> from lswitch.o(i.readS1) referenced from lswitch.o(i.s_in)
 <LI><a href="#[79]">readS10</a> from lswitch.o(i.readS10) referenced from lswitch.o(i.s_in)
 <LI><a href="#[7a]">readS11</a> from lswitch.o(i.readS11) referenced from lswitch.o(i.s_in)
 <LI><a href="#[7b]">readS12</a> from lswitch.o(i.readS12) referenced from lswitch.o(i.s_in)
 <LI><a href="#[7c]">readS13</a> from lswitch.o(i.readS13) referenced from lswitch.o(i.s_in)
 <LI><a href="#[7d]">readS14</a> from lswitch.o(i.readS14) referenced from lswitch.o(i.s_in)
 <LI><a href="#[7e]">readS15</a> from lswitch.o(i.readS15) referenced from lswitch.o(i.s_in)
 <LI><a href="#[7f]">readS16</a> from lswitch.o(i.readS16) referenced from lswitch.o(i.s_in)
 <LI><a href="#[80]">readS17</a> from lswitch.o(i.readS17) referenced from lswitch.o(i.s_in)
 <LI><a href="#[81]">readS18</a> from lswitch.o(i.readS18) referenced from lswitch.o(i.s_in)
 <LI><a href="#[82]">readS19</a> from lswitch.o(i.readS19) referenced from lswitch.o(i.s_in)
 <LI><a href="#[71]">readS2</a> from lswitch.o(i.readS2) referenced from lswitch.o(i.s_in)
 <LI><a href="#[83]">readS20</a> from lswitch.o(i.readS20) referenced from lswitch.o(i.s_in)
 <LI><a href="#[84]">readS21</a> from lswitch.o(i.readS21) referenced from lswitch.o(i.s_in)
 <LI><a href="#[85]">readS22</a> from lswitch.o(i.readS22) referenced from lswitch.o(i.s_in)
 <LI><a href="#[86]">readS23</a> from lswitch.o(i.readS23) referenced from lswitch.o(i.s_in)
 <LI><a href="#[87]">readS24</a> from lswitch.o(i.readS24) referenced from lswitch.o(i.s_in)
 <LI><a href="#[88]">readS25</a> from lswitch.o(i.readS25) referenced from lswitch.o(i.s_in)
 <LI><a href="#[89]">readS26</a> from lswitch.o(i.readS26) referenced from lswitch.o(i.s_in)
 <LI><a href="#[8a]">readS27</a> from lswitch.o(i.readS27) referenced from lswitch.o(i.s_in)
 <LI><a href="#[8b]">readS28</a> from lswitch.o(i.readS28) referenced from lswitch.o(i.s_in)
 <LI><a href="#[8c]">readS29</a> from lswitch.o(i.readS29) referenced from lswitch.o(i.s_in)
 <LI><a href="#[72]">readS3</a> from lswitch.o(i.readS3) referenced from lswitch.o(i.s_in)
 <LI><a href="#[8d]">readS30</a> from lswitch.o(i.readS30) referenced from lswitch.o(i.s_in)
 <LI><a href="#[8e]">readS31</a> from lswitch.o(i.readS31) referenced from lswitch.o(i.s_in)
 <LI><a href="#[8f]">readS32</a> from lswitch.o(i.readS32) referenced from lswitch.o(i.s_in)
 <LI><a href="#[90]">readS33</a> from lswitch.o(i.readS33) referenced from lswitch.o(i.s_in)
 <LI><a href="#[91]">readS34</a> from lswitch.o(i.readS34) referenced from lswitch.o(i.s_in)
 <LI><a href="#[92]">readS35</a> from lswitch.o(i.readS35) referenced from lswitch.o(i.s_in)
 <LI><a href="#[73]">readS4</a> from lswitch.o(i.readS4) referenced from lswitch.o(i.s_in)
 <LI><a href="#[74]">readS5</a> from lswitch.o(i.readS5) referenced from lswitch.o(i.s_in)
 <LI><a href="#[75]">readS6</a> from lswitch.o(i.readS6) referenced from lswitch.o(i.s_in)
 <LI><a href="#[76]">readS7</a> from lswitch.o(i.readS7) referenced from lswitch.o(i.s_in)
 <LI><a href="#[77]">readS8</a> from lswitch.o(i.readS8) referenced from lswitch.o(i.s_in)
 <LI><a href="#[78]">readS9</a> from lswitch.o(i.readS9) referenced from lswitch.o(i.s_in)
</UL>
<P>
<H3>
Global Symbols
</H3>
<P><STRONG><a name="[48]"></a>__main</STRONG> (Thumb, 0 bytes, Stack size unknown bytes, entry.o(.ARM.Collect$$$$00000000))
<BR>[Address Reference Count : 1]<UL><LI> startup_stm32f10x_hd.o(.text)
</UL>
<P><STRONG><a name="[e8]"></a>_main_stk</STRONG> (Thumb, 0 bytes, Stack size unknown bytes, entry2.o(.ARM.Collect$$$$00000001))

<P><STRONG><a name="[93]"></a>_main_scatterload</STRONG> (Thumb, 0 bytes, Stack size unknown bytes, entry5.o(.ARM.Collect$$$$00000004))
<BR><BR>[Calls]<UL><LI><a href="#[94]">&gt;&gt;</a>&nbsp;&nbsp;&nbsp;__scatterload
</UL>

<P><STRONG><a name="[98]"></a>__main_after_scatterload</STRONG> (Thumb, 0 bytes, Stack size unknown bytes, entry5.o(.ARM.Collect$$$$00000004))
<BR><BR>[Called By]<UL><LI><a href="#[94]">&gt;&gt;</a>&nbsp;&nbsp;&nbsp;__scatterload
</UL>

<P><STRONG><a name="[e9]"></a>_main_clock</STRONG> (Thumb, 0 bytes, Stack size unknown bytes, entry7b.o(.ARM.Collect$$$$00000008))

<P><STRONG><a name="[ea]"></a>_main_cpp_init</STRONG> (Thumb, 0 bytes, Stack size unknown bytes, entry8b.o(.ARM.Collect$$$$0000000A))

<P><STRONG><a name="[eb]"></a>_main_init</STRONG> (Thumb, 0 bytes, Stack size unknown bytes, entry9a.o(.ARM.Collect$$$$0000000B))

<P><STRONG><a name="[ec]"></a>__rt_final_cpp</STRONG> (Thumb, 0 bytes, Stack size unknown bytes, entry10a.o(.ARM.Collect$$$$0000000D))

<P><STRONG><a name="[ed]"></a>__rt_final_exit</STRONG> (Thumb, 0 bytes, Stack size unknown bytes, entry11a.o(.ARM.Collect$$$$0000000F))

<P><STRONG><a name="[0]"></a>Reset_Handler</STRONG> (Thumb, 8 bytes, Stack size 0 bytes, startup_stm32f10x_hd.o(.text))
<BR>[Address Reference Count : 1]<UL><LI> startup_stm32f10x_hd.o(RESET)
</UL>
<P><STRONG><a name="[1c]"></a>ADC1_2_IRQHandler</STRONG> (Thumb, 0 bytes, Stack size 0 bytes, startup_stm32f10x_hd.o(.text))
<BR><BR>[Calls]<UL><LI><a href="#[1c]">&gt;&gt;</a>&nbsp;&nbsp;&nbsp;ADC1_2_IRQHandler
</UL>
<BR>[Called By]<UL><LI><a href="#[1c]">&gt;&gt;</a>&nbsp;&nbsp;&nbsp;ADC1_2_IRQHandler
</UL>
<BR>[Address Reference Count : 1]<UL><LI> startup_stm32f10x_hd.o(RESET)
</UL>
<P><STRONG><a name="[39]"></a>ADC3_IRQHandler</STRONG> (Thumb, 0 bytes, Stack size 0 bytes, startup_stm32f10x_hd.o(.text))
<BR>[Address Reference Count : 1]<UL><LI> startup_stm32f10x_hd.o(RESET)
</UL>
<P><STRONG><a name="[1f]"></a>CAN1_RX1_IRQHandler</STRONG> (Thumb, 0 bytes, Stack size 0 bytes, startup_stm32f10x_hd.o(.text))
<BR>[Address Reference Count : 1]<UL><LI> startup_stm32f10x_hd.o(RESET)
</UL>
<P><STRONG><a name="[20]"></a>CAN1_SCE_IRQHandler</STRONG> (Thumb, 0 bytes, Stack size 0 bytes, startup_stm32f10x_hd.o(.text))
<BR>[Address Reference Count : 1]<UL><LI> startup_stm32f10x_hd.o(RESET)
</UL>
<P><STRONG><a name="[15]"></a>DMA1_Channel1_IRQHandler</STRONG> (Thumb, 0 bytes, Stack size 0 bytes, startup_stm32f10x_hd.o(.text))
<BR>[Address Reference Count : 1]<UL><LI> startup_stm32f10x_hd.o(RESET)
</UL>
<P><STRONG><a name="[16]"></a>DMA1_Channel2_IRQHandler</STRONG> (Thumb, 0 bytes, Stack size 0 bytes, startup_stm32f10x_hd.o(.text))
<BR>[Address Reference Count : 1]<UL><LI> startup_stm32f10x_hd.o(RESET)
</UL>
<P><STRONG><a name="[17]"></a>DMA1_Channel3_IRQHandler</STRONG> (Thumb, 0 bytes, Stack size 0 bytes, startup_stm32f10x_hd.o(.text))
<BR>[Address Reference Count : 1]<UL><LI> startup_stm32f10x_hd.o(RESET)
</UL>
<P><STRONG><a name="[18]"></a>DMA1_Channel4_IRQHandler</STRONG> (Thumb, 0 bytes, Stack size 0 bytes, startup_stm32f10x_hd.o(.text))
<BR>[Address Reference Count : 1]<UL><LI> startup_stm32f10x_hd.o(RESET)
</UL>
<P><STRONG><a name="[19]"></a>DMA1_Channel5_IRQHandler</STRONG> (Thumb, 0 bytes, Stack size 0 bytes, startup_stm32f10x_hd.o(.text))
<BR>[Address Reference Count : 1]<UL><LI> startup_stm32f10x_hd.o(RESET)
</UL>
<P><STRONG><a name="[1a]"></a>DMA1_Channel6_IRQHandler</STRONG> (Thumb, 0 bytes, Stack size 0 bytes, startup_stm32f10x_hd.o(.text))
<BR>[Address Reference Count : 1]<UL><LI> startup_stm32f10x_hd.o(RESET)
</UL>
<P><STRONG><a name="[1b]"></a>DMA1_Channel7_IRQHandler</STRONG> (Thumb, 0 bytes, Stack size 0 bytes, startup_stm32f10x_hd.o(.text))
<BR>[Address Reference Count : 1]<UL><LI> startup_stm32f10x_hd.o(RESET)
</UL>
<P><STRONG><a name="[42]"></a>DMA2_Channel1_IRQHandler</STRONG> (Thumb, 0 bytes, Stack size 0 bytes, startup_stm32f10x_hd.o(.text))
<BR>[Address Reference Count : 1]<UL><LI> startup_stm32f10x_hd.o(RESET)
</UL>
<P><STRONG><a name="[43]"></a>DMA2_Channel2_IRQHandler</STRONG> (Thumb, 0 bytes, Stack size 0 bytes, startup_stm32f10x_hd.o(.text))
<BR>[Address Reference Count : 1]<UL><LI> startup_stm32f10x_hd.o(RESET)
</UL>
<P><STRONG><a name="[44]"></a>DMA2_Channel3_IRQHandler</STRONG> (Thumb, 0 bytes, Stack size 0 bytes, startup_stm32f10x_hd.o(.text))
<BR>[Address Reference Count : 1]<UL><LI> startup_stm32f10x_hd.o(RESET)
</UL>
<P><STRONG><a name="[45]"></a>DMA2_Channel4_5_IRQHandler</STRONG> (Thumb, 0 bytes, Stack size 0 bytes, startup_stm32f10x_hd.o(.text))
<BR>[Address Reference Count : 1]<UL><LI> startup_stm32f10x_hd.o(RESET)
</UL>
<P><STRONG><a name="[10]"></a>EXTI0_IRQHandler</STRONG> (Thumb, 0 bytes, Stack size 0 bytes, startup_stm32f10x_hd.o(.text))
<BR>[Address Reference Count : 1]<UL><LI> startup_stm32f10x_hd.o(RESET)
</UL>
<P><STRONG><a name="[32]"></a>EXTI15_10_IRQHandler</STRONG> (Thumb, 0 bytes, Stack size 0 bytes, startup_stm32f10x_hd.o(.text))
<BR>[Address Reference Count : 1]<UL><LI> startup_stm32f10x_hd.o(RESET)
</UL>
<P><STRONG><a name="[11]"></a>EXTI1_IRQHandler</STRONG> (Thumb, 0 bytes, Stack size 0 bytes, startup_stm32f10x_hd.o(.text))
<BR>[Address Reference Count : 1]<UL><LI> startup_stm32f10x_hd.o(RESET)
</UL>
<P><STRONG><a name="[12]"></a>EXTI2_IRQHandler</STRONG> (Thumb, 0 bytes, Stack size 0 bytes, startup_stm32f10x_hd.o(.text))
<BR>[Address Reference Count : 1]<UL><LI> startup_stm32f10x_hd.o(RESET)
</UL>
<P><STRONG><a name="[13]"></a>EXTI3_IRQHandler</STRONG> (Thumb, 0 bytes, Stack size 0 bytes, startup_stm32f10x_hd.o(.text))
<BR>[Address Reference Count : 1]<UL><LI> startup_stm32f10x_hd.o(RESET)
</UL>
<P><STRONG><a name="[14]"></a>EXTI4_IRQHandler</STRONG> (Thumb, 0 bytes, Stack size 0 bytes, startup_stm32f10x_hd.o(.text))
<BR>[Address Reference Count : 1]<UL><LI> startup_stm32f10x_hd.o(RESET)
</UL>
<P><STRONG><a name="[21]"></a>EXTI9_5_IRQHandler</STRONG> (Thumb, 0 bytes, Stack size 0 bytes, startup_stm32f10x_hd.o(.text))
<BR>[Address Reference Count : 1]<UL><LI> startup_stm32f10x_hd.o(RESET)
</UL>
<P><STRONG><a name="[e]"></a>FLASH_IRQHandler</STRONG> (Thumb, 0 bytes, Stack size 0 bytes, startup_stm32f10x_hd.o(.text))
<BR>[Address Reference Count : 1]<UL><LI> startup_stm32f10x_hd.o(RESET)
</UL>
<P><STRONG><a name="[3a]"></a>FSMC_IRQHandler</STRONG> (Thumb, 0 bytes, Stack size 0 bytes, startup_stm32f10x_hd.o(.text))
<BR>[Address Reference Count : 1]<UL><LI> startup_stm32f10x_hd.o(RESET)
</UL>
<P><STRONG><a name="[2a]"></a>I2C1_ER_IRQHandler</STRONG> (Thumb, 0 bytes, Stack size 0 bytes, startup_stm32f10x_hd.o(.text))
<BR>[Address Reference Count : 1]<UL><LI> startup_stm32f10x_hd.o(RESET)
</UL>
<P><STRONG><a name="[29]"></a>I2C1_EV_IRQHandler</STRONG> (Thumb, 0 bytes, Stack size 0 bytes, startup_stm32f10x_hd.o(.text))
<BR>[Address Reference Count : 1]<UL><LI> startup_stm32f10x_hd.o(RESET)
</UL>
<P><STRONG><a name="[2c]"></a>I2C2_ER_IRQHandler</STRONG> (Thumb, 0 bytes, Stack size 0 bytes, startup_stm32f10x_hd.o(.text))
<BR>[Address Reference Count : 1]<UL><LI> startup_stm32f10x_hd.o(RESET)
</UL>
<P><STRONG><a name="[2b]"></a>I2C2_EV_IRQHandler</STRONG> (Thumb, 0 bytes, Stack size 0 bytes, startup_stm32f10x_hd.o(.text))
<BR>[Address Reference Count : 1]<UL><LI> startup_stm32f10x_hd.o(RESET)
</UL>
<P><STRONG><a name="[b]"></a>PVD_IRQHandler</STRONG> (Thumb, 0 bytes, Stack size 0 bytes, startup_stm32f10x_hd.o(.text))
<BR>[Address Reference Count : 1]<UL><LI> startup_stm32f10x_hd.o(RESET)
</UL>
<P><STRONG><a name="[f]"></a>RCC_IRQHandler</STRONG> (Thumb, 0 bytes, Stack size 0 bytes, startup_stm32f10x_hd.o(.text))
<BR>[Address Reference Count : 1]<UL><LI> startup_stm32f10x_hd.o(RESET)
</UL>
<P><STRONG><a name="[33]"></a>RTCAlarm_IRQHandler</STRONG> (Thumb, 0 bytes, Stack size 0 bytes, startup_stm32f10x_hd.o(.text))
<BR>[Address Reference Count : 1]<UL><LI> startup_stm32f10x_hd.o(RESET)
</UL>
<P><STRONG><a name="[d]"></a>RTC_IRQHandler</STRONG> (Thumb, 0 bytes, Stack size 0 bytes, startup_stm32f10x_hd.o(.text))
<BR>[Address Reference Count : 1]<UL><LI> startup_stm32f10x_hd.o(RESET)
</UL>
<P><STRONG><a name="[3b]"></a>SDIO_IRQHandler</STRONG> (Thumb, 0 bytes, Stack size 0 bytes, startup_stm32f10x_hd.o(.text))
<BR>[Address Reference Count : 1]<UL><LI> startup_stm32f10x_hd.o(RESET)
</UL>
<P><STRONG><a name="[2d]"></a>SPI1_IRQHandler</STRONG> (Thumb, 0 bytes, Stack size 0 bytes, startup_stm32f10x_hd.o(.text))
<BR>[Address Reference Count : 1]<UL><LI> startup_stm32f10x_hd.o(RESET)
</UL>
<P><STRONG><a name="[2e]"></a>SPI2_IRQHandler</STRONG> (Thumb, 0 bytes, Stack size 0 bytes, startup_stm32f10x_hd.o(.text))
<BR>[Address Reference Count : 1]<UL><LI> startup_stm32f10x_hd.o(RESET)
</UL>
<P><STRONG><a name="[3d]"></a>SPI3_IRQHandler</STRONG> (Thumb, 0 bytes, Stack size 0 bytes, startup_stm32f10x_hd.o(.text))
<BR>[Address Reference Count : 1]<UL><LI> startup_stm32f10x_hd.o(RESET)
</UL>
<P><STRONG><a name="[c]"></a>TAMPER_IRQHandler</STRONG> (Thumb, 0 bytes, Stack size 0 bytes, startup_stm32f10x_hd.o(.text))
<BR>[Address Reference Count : 1]<UL><LI> startup_stm32f10x_hd.o(RESET)
</UL>
<P><STRONG><a name="[22]"></a>TIM1_BRK_IRQHandler</STRONG> (Thumb, 0 bytes, Stack size 0 bytes, startup_stm32f10x_hd.o(.text))
<BR>[Address Reference Count : 1]<UL><LI> startup_stm32f10x_hd.o(RESET)
</UL>
<P><STRONG><a name="[25]"></a>TIM1_CC_IRQHandler</STRONG> (Thumb, 0 bytes, Stack size 0 bytes, startup_stm32f10x_hd.o(.text))
<BR>[Address Reference Count : 1]<UL><LI> startup_stm32f10x_hd.o(RESET)
</UL>
<P><STRONG><a name="[24]"></a>TIM1_TRG_COM_IRQHandler</STRONG> (Thumb, 0 bytes, Stack size 0 bytes, startup_stm32f10x_hd.o(.text))
<BR>[Address Reference Count : 1]<UL><LI> startup_stm32f10x_hd.o(RESET)
</UL>
<P><STRONG><a name="[23]"></a>TIM1_UP_IRQHandler</STRONG> (Thumb, 0 bytes, Stack size 0 bytes, startup_stm32f10x_hd.o(.text))
<BR>[Address Reference Count : 1]<UL><LI> startup_stm32f10x_hd.o(RESET)
</UL>
<P><STRONG><a name="[26]"></a>TIM2_IRQHandler</STRONG> (Thumb, 0 bytes, Stack size 0 bytes, startup_stm32f10x_hd.o(.text))
<BR>[Address Reference Count : 1]<UL><LI> startup_stm32f10x_hd.o(RESET)
</UL>
<P><STRONG><a name="[3c]"></a>TIM5_IRQHandler</STRONG> (Thumb, 0 bytes, Stack size 0 bytes, startup_stm32f10x_hd.o(.text))
<BR>[Address Reference Count : 1]<UL><LI> startup_stm32f10x_hd.o(RESET)
</UL>
<P><STRONG><a name="[40]"></a>TIM6_IRQHandler</STRONG> (Thumb, 0 bytes, Stack size 0 bytes, startup_stm32f10x_hd.o(.text))
<BR>[Address Reference Count : 1]<UL><LI> startup_stm32f10x_hd.o(RESET)
</UL>
<P><STRONG><a name="[41]"></a>TIM7_IRQHandler</STRONG> (Thumb, 0 bytes, Stack size 0 bytes, startup_stm32f10x_hd.o(.text))
<BR>[Address Reference Count : 1]<UL><LI> startup_stm32f10x_hd.o(RESET)
</UL>
<P><STRONG><a name="[35]"></a>TIM8_BRK_IRQHandler</STRONG> (Thumb, 0 bytes, Stack size 0 bytes, startup_stm32f10x_hd.o(.text))
<BR>[Address Reference Count : 1]<UL><LI> startup_stm32f10x_hd.o(RESET)
</UL>
<P><STRONG><a name="[38]"></a>TIM8_CC_IRQHandler</STRONG> (Thumb, 0 bytes, Stack size 0 bytes, startup_stm32f10x_hd.o(.text))
<BR>[Address Reference Count : 1]<UL><LI> startup_stm32f10x_hd.o(RESET)
</UL>
<P><STRONG><a name="[37]"></a>TIM8_TRG_COM_IRQHandler</STRONG> (Thumb, 0 bytes, Stack size 0 bytes, startup_stm32f10x_hd.o(.text))
<BR>[Address Reference Count : 1]<UL><LI> startup_stm32f10x_hd.o(RESET)
</UL>
<P><STRONG><a name="[36]"></a>TIM8_UP_IRQHandler</STRONG> (Thumb, 0 bytes, Stack size 0 bytes, startup_stm32f10x_hd.o(.text))
<BR>[Address Reference Count : 1]<UL><LI> startup_stm32f10x_hd.o(RESET)
</UL>
<P><STRONG><a name="[3e]"></a>UART4_IRQHandler</STRONG> (Thumb, 0 bytes, Stack size 0 bytes, startup_stm32f10x_hd.o(.text))
<BR>[Address Reference Count : 1]<UL><LI> startup_stm32f10x_hd.o(RESET)
</UL>
<P><STRONG><a name="[3f]"></a>UART5_IRQHandler</STRONG> (Thumb, 0 bytes, Stack size 0 bytes, startup_stm32f10x_hd.o(.text))
<BR>[Address Reference Count : 1]<UL><LI> startup_stm32f10x_hd.o(RESET)
</UL>
<P><STRONG><a name="[30]"></a>USART2_IRQHandler</STRONG> (Thumb, 0 bytes, Stack size 0 bytes, startup_stm32f10x_hd.o(.text))
<BR>[Address Reference Count : 1]<UL><LI> startup_stm32f10x_hd.o(RESET)
</UL>
<P><STRONG><a name="[31]"></a>USART3_IRQHandler</STRONG> (Thumb, 0 bytes, Stack size 0 bytes, startup_stm32f10x_hd.o(.text))
<BR>[Address Reference Count : 1]<UL><LI> startup_stm32f10x_hd.o(RESET)
</UL>
<P><STRONG><a name="[34]"></a>USBWakeUp_IRQHandler</STRONG> (Thumb, 0 bytes, Stack size 0 bytes, startup_stm32f10x_hd.o(.text))
<BR>[Address Reference Count : 1]<UL><LI> startup_stm32f10x_hd.o(RESET)
</UL>
<P><STRONG><a name="[1d]"></a>USB_HP_CAN1_TX_IRQHandler</STRONG> (Thumb, 0 bytes, Stack size 0 bytes, startup_stm32f10x_hd.o(.text))
<BR>[Address Reference Count : 1]<UL><LI> startup_stm32f10x_hd.o(RESET)
</UL>
<P><STRONG><a name="[1e]"></a>USB_LP_CAN1_RX0_IRQHandler</STRONG> (Thumb, 0 bytes, Stack size 0 bytes, startup_stm32f10x_hd.o(.text))
<BR>[Address Reference Count : 1]<UL><LI> startup_stm32f10x_hd.o(RESET)
</UL>
<P><STRONG><a name="[a]"></a>WWDG_IRQHandler</STRONG> (Thumb, 0 bytes, Stack size 0 bytes, startup_stm32f10x_hd.o(.text))
<BR>[Address Reference Count : 1]<UL><LI> startup_stm32f10x_hd.o(RESET)
</UL>
<P><STRONG><a name="[e0]"></a>strcmp</STRONG> (Thumb, 28 bytes, Stack size 8 bytes, strcmp.o(.text))
<BR><BR>[Stack]<UL><LI>Max Depth = 8<LI>Call Chain = strcmp
</UL>
<BR>[Called By]<UL><LI><a href="#[de]">&gt;&gt;</a>&nbsp;&nbsp;&nbsp;u485_process
</UL>

<P><STRONG><a name="[df]"></a>strtok</STRONG> (Thumb, 62 bytes, Stack size 16 bytes, strtok.o(.text))
<BR><BR>[Stack]<UL><LI>Max Depth = 16<LI>Call Chain = strtok
</UL>
<BR>[Called By]<UL><LI><a href="#[de]">&gt;&gt;</a>&nbsp;&nbsp;&nbsp;u485_process
</UL>

<P><STRONG><a name="[95]"></a>__aeabi_uldivmod</STRONG> (Thumb, 98 bytes, Stack size 40 bytes, uldiv.o(.text), UNUSED)
<BR><BR>[Calls]<UL><LI><a href="#[96]">&gt;&gt;</a>&nbsp;&nbsp;&nbsp;__aeabi_llsr
<LI><a href="#[97]">&gt;&gt;</a>&nbsp;&nbsp;&nbsp;__aeabi_llsl
</UL>
<BR>[Called By]<UL><LI><a href="#[ba]">&gt;&gt;</a>&nbsp;&nbsp;&nbsp;_printf_core
</UL>

<P><STRONG><a name="[94]"></a>__scatterload</STRONG> (Thumb, 28 bytes, Stack size 0 bytes, init.o(.text))
<BR><BR>[Calls]<UL><LI><a href="#[98]">&gt;&gt;</a>&nbsp;&nbsp;&nbsp;__main_after_scatterload
</UL>
<BR>[Called By]<UL><LI><a href="#[93]">&gt;&gt;</a>&nbsp;&nbsp;&nbsp;_main_scatterload
</UL>

<P><STRONG><a name="[ee]"></a>__scatterload_rt2</STRONG> (Thumb, 0 bytes, Stack size 0 bytes, init.o(.text), UNUSED)

<P><STRONG><a name="[97]"></a>__aeabi_llsl</STRONG> (Thumb, 30 bytes, Stack size 0 bytes, llshl.o(.text), UNUSED)
<BR><BR>[Called By]<UL><LI><a href="#[95]">&gt;&gt;</a>&nbsp;&nbsp;&nbsp;__aeabi_uldivmod
</UL>

<P><STRONG><a name="[ef]"></a>_ll_shift_l</STRONG> (Thumb, 0 bytes, Stack size 0 bytes, llshl.o(.text), UNUSED)

<P><STRONG><a name="[96]"></a>__aeabi_llsr</STRONG> (Thumb, 32 bytes, Stack size 0 bytes, llushr.o(.text), UNUSED)
<BR><BR>[Called By]<UL><LI><a href="#[95]">&gt;&gt;</a>&nbsp;&nbsp;&nbsp;__aeabi_uldivmod
</UL>

<P><STRONG><a name="[f0]"></a>_ll_ushift_r</STRONG> (Thumb, 0 bytes, Stack size 0 bytes, llushr.o(.text), UNUSED)

<P><STRONG><a name="[c1]"></a>ADC_Cmd</STRONG> (Thumb, 22 bytes, Stack size 0 bytes, stm32f10x_adc.o(i.ADC_Cmd))
<BR><BR>[Called By]<UL><LI><a href="#[bc]">&gt;&gt;</a>&nbsp;&nbsp;&nbsp;adc_init
</UL>

<P><STRONG><a name="[99]"></a>ADC_DeInit</STRONG> (Thumb, 78 bytes, Stack size 8 bytes, stm32f10x_adc.o(i.ADC_DeInit))
<BR><BR>[Stack]<UL><LI>Max Depth = 8<LI>Call Chain = ADC_DeInit
</UL>
<BR>[Calls]<UL><LI><a href="#[9a]">&gt;&gt;</a>&nbsp;&nbsp;&nbsp;RCC_APB2PeriphResetCmd
</UL>
<BR>[Called By]<UL><LI><a href="#[bc]">&gt;&gt;</a>&nbsp;&nbsp;&nbsp;adc_init
</UL>

<P><STRONG><a name="[c5]"></a>ADC_GetCalibrationStatus</STRONG> (Thumb, 20 bytes, Stack size 0 bytes, stm32f10x_adc.o(i.ADC_GetCalibrationStatus))
<BR><BR>[Called By]<UL><LI><a href="#[bc]">&gt;&gt;</a>&nbsp;&nbsp;&nbsp;adc_init
</UL>

<P><STRONG><a name="[9f]"></a>ADC_GetConversionValue</STRONG> (Thumb, 8 bytes, Stack size 0 bytes, stm32f10x_adc.o(i.ADC_GetConversionValue))
<BR><BR>[Called By]<UL><LI><a href="#[9b]">&gt;&gt;</a>&nbsp;&nbsp;&nbsp;Get_ADC_Value
</UL>

<P><STRONG><a name="[9e]"></a>ADC_GetFlagStatus</STRONG> (Thumb, 18 bytes, Stack size 0 bytes, stm32f10x_adc.o(i.ADC_GetFlagStatus))
<BR><BR>[Called By]<UL><LI><a href="#[9b]">&gt;&gt;</a>&nbsp;&nbsp;&nbsp;Get_ADC_Value
</UL>

<P><STRONG><a name="[c3]"></a>ADC_GetResetCalibrationStatus</STRONG> (Thumb, 20 bytes, Stack size 0 bytes, stm32f10x_adc.o(i.ADC_GetResetCalibrationStatus))
<BR><BR>[Called By]<UL><LI><a href="#[bc]">&gt;&gt;</a>&nbsp;&nbsp;&nbsp;adc_init
</UL>

<P><STRONG><a name="[c0]"></a>ADC_Init</STRONG> (Thumb, 70 bytes, Stack size 12 bytes, stm32f10x_adc.o(i.ADC_Init))
<BR><BR>[Stack]<UL><LI>Max Depth = 12<LI>Call Chain = ADC_Init
</UL>
<BR>[Called By]<UL><LI><a href="#[bc]">&gt;&gt;</a>&nbsp;&nbsp;&nbsp;adc_init
</UL>

<P><STRONG><a name="[9c]"></a>ADC_RegularChannelConfig</STRONG> (Thumb, 184 bytes, Stack size 20 bytes, stm32f10x_adc.o(i.ADC_RegularChannelConfig))
<BR><BR>[Stack]<UL><LI>Max Depth = 20<LI>Call Chain = ADC_RegularChannelConfig
</UL>
<BR>[Called By]<UL><LI><a href="#[9b]">&gt;&gt;</a>&nbsp;&nbsp;&nbsp;Get_ADC_Value
</UL>

<P><STRONG><a name="[c2]"></a>ADC_ResetCalibration</STRONG> (Thumb, 10 bytes, Stack size 0 bytes, stm32f10x_adc.o(i.ADC_ResetCalibration))
<BR><BR>[Called By]<UL><LI><a href="#[bc]">&gt;&gt;</a>&nbsp;&nbsp;&nbsp;adc_init
</UL>

<P><STRONG><a name="[9d]"></a>ADC_SoftwareStartConvCmd</STRONG> (Thumb, 22 bytes, Stack size 0 bytes, stm32f10x_adc.o(i.ADC_SoftwareStartConvCmd))
<BR><BR>[Called By]<UL><LI><a href="#[9b]">&gt;&gt;</a>&nbsp;&nbsp;&nbsp;Get_ADC_Value
</UL>

<P><STRONG><a name="[c4]"></a>ADC_StartCalibration</STRONG> (Thumb, 10 bytes, Stack size 0 bytes, stm32f10x_adc.o(i.ADC_StartCalibration))
<BR><BR>[Called By]<UL><LI><a href="#[bc]">&gt;&gt;</a>&nbsp;&nbsp;&nbsp;adc_init
</UL>

<P><STRONG><a name="[4]"></a>BusFault_Handler</STRONG> (Thumb, 4 bytes, Stack size 0 bytes, stm32f10x_it.o(i.BusFault_Handler))
<BR>[Address Reference Count : 1]<UL><LI> startup_stm32f10x_hd.o(RESET)
</UL>
<P><STRONG><a name="[c7]"></a>CRC_ResetDR</STRONG> (Thumb, 8 bytes, Stack size 0 bytes, stm32f10x_crc.o(i.CRC_ResetDR))
<BR><BR>[Called By]<UL><LI><a href="#[c6]">&gt;&gt;</a>&nbsp;&nbsp;&nbsp;crc_calculate
<LI><a href="#[db]">&gt;&gt;</a>&nbsp;&nbsp;&nbsp;motor_overtime_print
</UL>

<P><STRONG><a name="[7]"></a>DebugMon_Handler</STRONG> (Thumb, 2 bytes, Stack size 0 bytes, stm32f10x_it.o(i.DebugMon_Handler))
<BR>[Address Reference Count : 1]<UL><LI> startup_stm32f10x_hd.o(RESET)
</UL>
<P><STRONG><a name="[bf]"></a>GPIO_Init</STRONG> (Thumb, 278 bytes, Stack size 24 bytes, stm32f10x_gpio.o(i.GPIO_Init))
<BR><BR>[Stack]<UL><LI>Max Depth = 24<LI>Call Chain = GPIO_Init
</UL>
<BR>[Called By]<UL><LI><a href="#[d4]">&gt;&gt;</a>&nbsp;&nbsp;&nbsp;u485_init
<LI><a href="#[d5]">&gt;&gt;</a>&nbsp;&nbsp;&nbsp;motor_init
<LI><a href="#[d6]">&gt;&gt;</a>&nbsp;&nbsp;&nbsp;mos_init
<LI><a href="#[d1]">&gt;&gt;</a>&nbsp;&nbsp;&nbsp;lmtswitch_init
<LI><a href="#[bc]">&gt;&gt;</a>&nbsp;&nbsp;&nbsp;adc_init
</UL>

<P><STRONG><a name="[d2]"></a>GPIO_PinRemapConfig</STRONG> (Thumb, 138 bytes, Stack size 20 bytes, stm32f10x_gpio.o(i.GPIO_PinRemapConfig))
<BR><BR>[Stack]<UL><LI>Max Depth = 20<LI>Call Chain = GPIO_PinRemapConfig
</UL>
<BR>[Called By]<UL><LI><a href="#[d1]">&gt;&gt;</a>&nbsp;&nbsp;&nbsp;lmtswitch_init
</UL>

<P><STRONG><a name="[d9]"></a>GPIO_ResetBits</STRONG> (Thumb, 4 bytes, Stack size 0 bytes, stm32f10x_gpio.o(i.GPIO_ResetBits))
<BR><BR>[Called By]<UL><LI><a href="#[d4]">&gt;&gt;</a>&nbsp;&nbsp;&nbsp;u485_init
<LI><a href="#[d5]">&gt;&gt;</a>&nbsp;&nbsp;&nbsp;motor_init
</UL>

<P><STRONG><a name="[9b]"></a>Get_ADC_Value</STRONG> (Thumb, 80 bytes, Stack size 24 bytes, current.o(i.Get_ADC_Value))
<BR><BR>[Stack]<UL><LI>Max Depth = 44<LI>Call Chain = Get_ADC_Value &rArr; ADC_RegularChannelConfig
</UL>
<BR>[Calls]<UL><LI><a href="#[9d]">&gt;&gt;</a>&nbsp;&nbsp;&nbsp;ADC_SoftwareStartConvCmd
<LI><a href="#[9c]">&gt;&gt;</a>&nbsp;&nbsp;&nbsp;ADC_RegularChannelConfig
<LI><a href="#[9e]">&gt;&gt;</a>&nbsp;&nbsp;&nbsp;ADC_GetFlagStatus
<LI><a href="#[9f]">&gt;&gt;</a>&nbsp;&nbsp;&nbsp;ADC_GetConversionValue
<LI><a href="#[a0]">&gt;&gt;</a>&nbsp;&nbsp;&nbsp;delay_ms
</UL>
<BR>[Called By]<UL><LI><a href="#[d8]">&gt;&gt;</a>&nbsp;&nbsp;&nbsp;motor_chk
<LI><a href="#[46]">&gt;&gt;</a>&nbsp;&nbsp;&nbsp;main
<LI><a href="#[de]">&gt;&gt;</a>&nbsp;&nbsp;&nbsp;u485_process
</UL>

<P><STRONG><a name="[2]"></a>HardFault_Handler</STRONG> (Thumb, 4 bytes, Stack size 0 bytes, stm32f10x_it.o(i.HardFault_Handler))
<BR>[Address Reference Count : 1]<UL><LI> startup_stm32f10x_hd.o(RESET)
</UL>
<P><STRONG><a name="[a1]"></a>IWDG_Config</STRONG> (Thumb, 48 bytes, Stack size 16 bytes, wdg.o(i.IWDG_Config))
<BR><BR>[Stack]<UL><LI>Max Depth = 24<LI>Call Chain = IWDG_Config &rArr; RCC_GetFlagStatus
</UL>
<BR>[Calls]<UL><LI><a href="#[a2]">&gt;&gt;</a>&nbsp;&nbsp;&nbsp;RCC_GetFlagStatus
<LI><a href="#[a3]">&gt;&gt;</a>&nbsp;&nbsp;&nbsp;RCC_ClearFlag
<LI><a href="#[a4]">&gt;&gt;</a>&nbsp;&nbsp;&nbsp;IWDG_WriteAccessCmd
<LI><a href="#[a6]">&gt;&gt;</a>&nbsp;&nbsp;&nbsp;IWDG_SetReload
<LI><a href="#[a5]">&gt;&gt;</a>&nbsp;&nbsp;&nbsp;IWDG_SetPrescaler
<LI><a href="#[a7]">&gt;&gt;</a>&nbsp;&nbsp;&nbsp;IWDG_ReloadCounter
<LI><a href="#[a8]">&gt;&gt;</a>&nbsp;&nbsp;&nbsp;IWDG_Enable
</UL>
<BR>[Called By]<UL><LI><a href="#[46]">&gt;&gt;</a>&nbsp;&nbsp;&nbsp;main
</UL>

<P><STRONG><a name="[a8]"></a>IWDG_Enable</STRONG> (Thumb, 10 bytes, Stack size 0 bytes, stm32f10x_iwdg.o(i.IWDG_Enable))
<BR><BR>[Called By]<UL><LI><a href="#[a1]">&gt;&gt;</a>&nbsp;&nbsp;&nbsp;IWDG_Config
</UL>

<P><STRONG><a name="[a9]"></a>IWDG_Feed</STRONG> (Thumb, 8 bytes, Stack size 8 bytes, wdg.o(i.IWDG_Feed))
<BR><BR>[Stack]<UL><LI>Max Depth = 8<LI>Call Chain = IWDG_Feed
</UL>
<BR>[Calls]<UL><LI><a href="#[a7]">&gt;&gt;</a>&nbsp;&nbsp;&nbsp;IWDG_ReloadCounter
</UL>
<BR>[Called By]<UL><LI><a href="#[46]">&gt;&gt;</a>&nbsp;&nbsp;&nbsp;main
</UL>

<P><STRONG><a name="[a7]"></a>IWDG_ReloadCounter</STRONG> (Thumb, 10 bytes, Stack size 0 bytes, stm32f10x_iwdg.o(i.IWDG_ReloadCounter))
<BR><BR>[Called By]<UL><LI><a href="#[a9]">&gt;&gt;</a>&nbsp;&nbsp;&nbsp;IWDG_Feed
<LI><a href="#[a1]">&gt;&gt;</a>&nbsp;&nbsp;&nbsp;IWDG_Config
</UL>

<P><STRONG><a name="[a5]"></a>IWDG_SetPrescaler</STRONG> (Thumb, 6 bytes, Stack size 0 bytes, stm32f10x_iwdg.o(i.IWDG_SetPrescaler))
<BR><BR>[Called By]<UL><LI><a href="#[a1]">&gt;&gt;</a>&nbsp;&nbsp;&nbsp;IWDG_Config
</UL>

<P><STRONG><a name="[a6]"></a>IWDG_SetReload</STRONG> (Thumb, 6 bytes, Stack size 0 bytes, stm32f10x_iwdg.o(i.IWDG_SetReload))
<BR><BR>[Called By]<UL><LI><a href="#[a1]">&gt;&gt;</a>&nbsp;&nbsp;&nbsp;IWDG_Config
</UL>

<P><STRONG><a name="[a4]"></a>IWDG_WriteAccessCmd</STRONG> (Thumb, 6 bytes, Stack size 0 bytes, stm32f10x_iwdg.o(i.IWDG_WriteAccessCmd))
<BR><BR>[Called By]<UL><LI><a href="#[a1]">&gt;&gt;</a>&nbsp;&nbsp;&nbsp;IWDG_Config
</UL>

<P><STRONG><a name="[3]"></a>MemManage_Handler</STRONG> (Thumb, 4 bytes, Stack size 0 bytes, stm32f10x_it.o(i.MemManage_Handler))
<BR>[Address Reference Count : 1]<UL><LI> startup_stm32f10x_hd.o(RESET)
</UL>
<P><STRONG><a name="[1]"></a>NMI_Handler</STRONG> (Thumb, 2 bytes, Stack size 0 bytes, stm32f10x_it.o(i.NMI_Handler))
<BR>[Address Reference Count : 1]<UL><LI> startup_stm32f10x_hd.o(RESET)
</UL>
<P><STRONG><a name="[b2]"></a>NVIC_Init</STRONG> (Thumb, 100 bytes, Stack size 16 bytes, misc.o(i.NVIC_Init))
<BR><BR>[Stack]<UL><LI>Max Depth = 16<LI>Call Chain = NVIC_Init
</UL>
<BR>[Called By]<UL><LI><a href="#[d4]">&gt;&gt;</a>&nbsp;&nbsp;&nbsp;u485_init
<LI><a href="#[ae]">&gt;&gt;</a>&nbsp;&nbsp;&nbsp;TIM3_Int_Init
</UL>

<P><STRONG><a name="[d3]"></a>NVIC_PriorityGroupConfig</STRONG> (Thumb, 10 bytes, Stack size 0 bytes, misc.o(i.NVIC_PriorityGroupConfig))
<BR><BR>[Called By]<UL><LI><a href="#[46]">&gt;&gt;</a>&nbsp;&nbsp;&nbsp;main
</UL>

<P><STRONG><a name="[8]"></a>PendSV_Handler</STRONG> (Thumb, 2 bytes, Stack size 0 bytes, stm32f10x_it.o(i.PendSV_Handler))
<BR>[Address Reference Count : 1]<UL><LI> startup_stm32f10x_hd.o(RESET)
</UL>
<P><STRONG><a name="[be]"></a>RCC_ADCCLKConfig</STRONG> (Thumb, 18 bytes, Stack size 0 bytes, stm32f10x_rcc.o(i.RCC_ADCCLKConfig))
<BR><BR>[Called By]<UL><LI><a href="#[bc]">&gt;&gt;</a>&nbsp;&nbsp;&nbsp;adc_init
</UL>

<P><STRONG><a name="[c9]"></a>RCC_AHBPeriphClockCmd</STRONG> (Thumb, 26 bytes, Stack size 0 bytes, stm32f10x_rcc.o(i.RCC_AHBPeriphClockCmd))
<BR><BR>[Called By]<UL><LI><a href="#[c8]">&gt;&gt;</a>&nbsp;&nbsp;&nbsp;crc_init
</UL>

<P><STRONG><a name="[af]"></a>RCC_APB1PeriphClockCmd</STRONG> (Thumb, 26 bytes, Stack size 0 bytes, stm32f10x_rcc.o(i.RCC_APB1PeriphClockCmd))
<BR><BR>[Called By]<UL><LI><a href="#[ae]">&gt;&gt;</a>&nbsp;&nbsp;&nbsp;TIM3_Int_Init
</UL>

<P><STRONG><a name="[bd]"></a>RCC_APB2PeriphClockCmd</STRONG> (Thumb, 26 bytes, Stack size 0 bytes, stm32f10x_rcc.o(i.RCC_APB2PeriphClockCmd))
<BR><BR>[Called By]<UL><LI><a href="#[d4]">&gt;&gt;</a>&nbsp;&nbsp;&nbsp;u485_init
<LI><a href="#[d5]">&gt;&gt;</a>&nbsp;&nbsp;&nbsp;motor_init
<LI><a href="#[d6]">&gt;&gt;</a>&nbsp;&nbsp;&nbsp;mos_init
<LI><a href="#[d1]">&gt;&gt;</a>&nbsp;&nbsp;&nbsp;lmtswitch_init
<LI><a href="#[bc]">&gt;&gt;</a>&nbsp;&nbsp;&nbsp;adc_init
</UL>

<P><STRONG><a name="[9a]"></a>RCC_APB2PeriphResetCmd</STRONG> (Thumb, 26 bytes, Stack size 0 bytes, stm32f10x_rcc.o(i.RCC_APB2PeriphResetCmd))
<BR><BR>[Called By]<UL><LI><a href="#[99]">&gt;&gt;</a>&nbsp;&nbsp;&nbsp;ADC_DeInit
</UL>

<P><STRONG><a name="[a3]"></a>RCC_ClearFlag</STRONG> (Thumb, 14 bytes, Stack size 0 bytes, stm32f10x_rcc.o(i.RCC_ClearFlag))
<BR><BR>[Called By]<UL><LI><a href="#[a1]">&gt;&gt;</a>&nbsp;&nbsp;&nbsp;IWDG_Config
</UL>

<P><STRONG><a name="[b8]"></a>RCC_GetClocksFreq</STRONG> (Thumb, 192 bytes, Stack size 12 bytes, stm32f10x_rcc.o(i.RCC_GetClocksFreq))
<BR><BR>[Stack]<UL><LI>Max Depth = 12<LI>Call Chain = RCC_GetClocksFreq
</UL>
<BR>[Called By]<UL><LI><a href="#[b7]">&gt;&gt;</a>&nbsp;&nbsp;&nbsp;USART_Init
</UL>

<P><STRONG><a name="[a2]"></a>RCC_GetFlagStatus</STRONG> (Thumb, 56 bytes, Stack size 8 bytes, stm32f10x_rcc.o(i.RCC_GetFlagStatus))
<BR><BR>[Stack]<UL><LI>Max Depth = 8<LI>Call Chain = RCC_GetFlagStatus
</UL>
<BR>[Called By]<UL><LI><a href="#[a1]">&gt;&gt;</a>&nbsp;&nbsp;&nbsp;IWDG_Config
</UL>

<P><STRONG><a name="[6]"></a>SVC_Handler</STRONG> (Thumb, 2 bytes, Stack size 0 bytes, stm32f10x_it.o(i.SVC_Handler))
<BR>[Address Reference Count : 1]<UL><LI> startup_stm32f10x_hd.o(RESET)
</UL>
<P><STRONG><a name="[cb]"></a>SysTick_CLKSourceConfig</STRONG> (Thumb, 40 bytes, Stack size 0 bytes, misc.o(i.SysTick_CLKSourceConfig))
<BR><BR>[Called By]<UL><LI><a href="#[ca]">&gt;&gt;</a>&nbsp;&nbsp;&nbsp;delay_init
</UL>

<P><STRONG><a name="[9]"></a>SysTick_Handler</STRONG> (Thumb, 2 bytes, Stack size 0 bytes, stm32f10x_it.o(i.SysTick_Handler))
<BR>[Address Reference Count : 1]<UL><LI> startup_stm32f10x_hd.o(RESET)
</UL>
<P><STRONG><a name="[47]"></a>SystemInit</STRONG> (Thumb, 76 bytes, Stack size 8 bytes, system_stm32f10x.o(i.SystemInit))
<BR><BR>[Stack]<UL><LI>Max Depth = 28<LI>Call Chain = SystemInit &rArr; SetSysClock &rArr; SetSysClockTo72
</UL>
<BR>[Calls]<UL><LI><a href="#[aa]">&gt;&gt;</a>&nbsp;&nbsp;&nbsp;SetSysClock
</UL>
<BR>[Address Reference Count : 1]<UL><LI> startup_stm32f10x_hd.o(.text)
</UL>
<P><STRONG><a name="[27]"></a>TIM3_IRQHandler</STRONG> (Thumb, 2610 bytes, Stack size 8 bytes, timer.o(i.TIM3_IRQHandler))
<BR><BR>[Stack]<UL><LI>Max Depth = 20<LI>Call Chain = TIM3_IRQHandler &rArr; TIM_GetITStatus
</UL>
<BR>[Calls]<UL><LI><a href="#[ac]">&gt;&gt;</a>&nbsp;&nbsp;&nbsp;TIM_GetITStatus
<LI><a href="#[ad]">&gt;&gt;</a>&nbsp;&nbsp;&nbsp;TIM_ClearITPendingBit
</UL>
<BR>[Address Reference Count : 1]<UL><LI> startup_stm32f10x_hd.o(RESET)
</UL>
<P><STRONG><a name="[ae]"></a>TIM3_Int_Init</STRONG> (Thumb, 90 bytes, Stack size 32 bytes, timer.o(i.TIM3_Int_Init))
<BR><BR>[Stack]<UL><LI>Max Depth = 48<LI>Call Chain = TIM3_Int_Init &rArr; NVIC_Init
</UL>
<BR>[Calls]<UL><LI><a href="#[b2]">&gt;&gt;</a>&nbsp;&nbsp;&nbsp;NVIC_Init
<LI><a href="#[af]">&gt;&gt;</a>&nbsp;&nbsp;&nbsp;RCC_APB1PeriphClockCmd
<LI><a href="#[b0]">&gt;&gt;</a>&nbsp;&nbsp;&nbsp;TIM_TimeBaseInit
<LI><a href="#[b1]">&gt;&gt;</a>&nbsp;&nbsp;&nbsp;TIM_ITConfig
<LI><a href="#[b3]">&gt;&gt;</a>&nbsp;&nbsp;&nbsp;TIM_Cmd
</UL>
<BR>[Called By]<UL><LI><a href="#[46]">&gt;&gt;</a>&nbsp;&nbsp;&nbsp;main
</UL>

<P><STRONG><a name="[28]"></a>TIM4_IRQHandler</STRONG> (Thumb, 34 bytes, Stack size 8 bytes, timer.o(i.TIM4_IRQHandler))
<BR><BR>[Stack]<UL><LI>Max Depth = 20<LI>Call Chain = TIM4_IRQHandler &rArr; TIM_GetITStatus
</UL>
<BR>[Calls]<UL><LI><a href="#[ac]">&gt;&gt;</a>&nbsp;&nbsp;&nbsp;TIM_GetITStatus
<LI><a href="#[ad]">&gt;&gt;</a>&nbsp;&nbsp;&nbsp;TIM_ClearITPendingBit
</UL>
<BR>[Address Reference Count : 1]<UL><LI> startup_stm32f10x_hd.o(RESET)
</UL>
<P><STRONG><a name="[ad]"></a>TIM_ClearITPendingBit</STRONG> (Thumb, 6 bytes, Stack size 0 bytes, stm32f10x_tim.o(i.TIM_ClearITPendingBit))
<BR><BR>[Called By]<UL><LI><a href="#[28]">&gt;&gt;</a>&nbsp;&nbsp;&nbsp;TIM4_IRQHandler
<LI><a href="#[27]">&gt;&gt;</a>&nbsp;&nbsp;&nbsp;TIM3_IRQHandler
</UL>

<P><STRONG><a name="[b3]"></a>TIM_Cmd</STRONG> (Thumb, 24 bytes, Stack size 0 bytes, stm32f10x_tim.o(i.TIM_Cmd))
<BR><BR>[Called By]<UL><LI><a href="#[ae]">&gt;&gt;</a>&nbsp;&nbsp;&nbsp;TIM3_Int_Init
</UL>

<P><STRONG><a name="[ac]"></a>TIM_GetITStatus</STRONG> (Thumb, 34 bytes, Stack size 12 bytes, stm32f10x_tim.o(i.TIM_GetITStatus))
<BR><BR>[Stack]<UL><LI>Max Depth = 12<LI>Call Chain = TIM_GetITStatus
</UL>
<BR>[Called By]<UL><LI><a href="#[28]">&gt;&gt;</a>&nbsp;&nbsp;&nbsp;TIM4_IRQHandler
<LI><a href="#[27]">&gt;&gt;</a>&nbsp;&nbsp;&nbsp;TIM3_IRQHandler
</UL>

<P><STRONG><a name="[b1]"></a>TIM_ITConfig</STRONG> (Thumb, 18 bytes, Stack size 0 bytes, stm32f10x_tim.o(i.TIM_ITConfig))
<BR><BR>[Called By]<UL><LI><a href="#[ae]">&gt;&gt;</a>&nbsp;&nbsp;&nbsp;TIM3_Int_Init
</UL>

<P><STRONG><a name="[b0]"></a>TIM_TimeBaseInit</STRONG> (Thumb, 122 bytes, Stack size 0 bytes, stm32f10x_tim.o(i.TIM_TimeBaseInit))
<BR><BR>[Called By]<UL><LI><a href="#[ae]">&gt;&gt;</a>&nbsp;&nbsp;&nbsp;TIM3_Int_Init
</UL>

<P><STRONG><a name="[2f]"></a>USART1_IRQHandler</STRONG> (Thumb, 146 bytes, Stack size 16 bytes, usart.o(i.USART1_IRQHandler))
<BR><BR>[Stack]<UL><LI>Max Depth = 32<LI>Call Chain = USART1_IRQHandler &rArr; USART_GetITStatus
</UL>
<BR>[Calls]<UL><LI><a href="#[b6]">&gt;&gt;</a>&nbsp;&nbsp;&nbsp;u485_queue_init
<LI><a href="#[b5]">&gt;&gt;</a>&nbsp;&nbsp;&nbsp;USART_ReceiveData
<LI><a href="#[b4]">&gt;&gt;</a>&nbsp;&nbsp;&nbsp;USART_GetITStatus
</UL>
<BR>[Address Reference Count : 1]<UL><LI> startup_stm32f10x_hd.o(RESET)
</UL>
<P><STRONG><a name="[dd]"></a>USART_Cmd</STRONG> (Thumb, 24 bytes, Stack size 0 bytes, stm32f10x_usart.o(i.USART_Cmd))
<BR><BR>[Called By]<UL><LI><a href="#[d4]">&gt;&gt;</a>&nbsp;&nbsp;&nbsp;u485_init
</UL>

<P><STRONG><a name="[b4]"></a>USART_GetITStatus</STRONG> (Thumb, 84 bytes, Stack size 16 bytes, stm32f10x_usart.o(i.USART_GetITStatus))
<BR><BR>[Stack]<UL><LI>Max Depth = 16<LI>Call Chain = USART_GetITStatus
</UL>
<BR>[Called By]<UL><LI><a href="#[2f]">&gt;&gt;</a>&nbsp;&nbsp;&nbsp;USART1_IRQHandler
</UL>

<P><STRONG><a name="[dc]"></a>USART_ITConfig</STRONG> (Thumb, 74 bytes, Stack size 20 bytes, stm32f10x_usart.o(i.USART_ITConfig))
<BR><BR>[Stack]<UL><LI>Max Depth = 20<LI>Call Chain = USART_ITConfig
</UL>
<BR>[Called By]<UL><LI><a href="#[d4]">&gt;&gt;</a>&nbsp;&nbsp;&nbsp;u485_init
</UL>

<P><STRONG><a name="[b7]"></a>USART_Init</STRONG> (Thumb, 210 bytes, Stack size 56 bytes, stm32f10x_usart.o(i.USART_Init))
<BR><BR>[Stack]<UL><LI>Max Depth = 68<LI>Call Chain = USART_Init &rArr; RCC_GetClocksFreq
</UL>
<BR>[Calls]<UL><LI><a href="#[b8]">&gt;&gt;</a>&nbsp;&nbsp;&nbsp;RCC_GetClocksFreq
</UL>
<BR>[Called By]<UL><LI><a href="#[d4]">&gt;&gt;</a>&nbsp;&nbsp;&nbsp;u485_init
</UL>

<P><STRONG><a name="[b5]"></a>USART_ReceiveData</STRONG> (Thumb, 10 bytes, Stack size 0 bytes, stm32f10x_usart.o(i.USART_ReceiveData))
<BR><BR>[Called By]<UL><LI><a href="#[2f]">&gt;&gt;</a>&nbsp;&nbsp;&nbsp;USART1_IRQHandler
</UL>

<P><STRONG><a name="[5]"></a>UsageFault_Handler</STRONG> (Thumb, 4 bytes, Stack size 0 bytes, stm32f10x_it.o(i.UsageFault_Handler))
<BR>[Address Reference Count : 1]<UL><LI> startup_stm32f10x_hd.o(RESET)
</UL>
<P><STRONG><a name="[b9]"></a>__0printf$5</STRONG> (Thumb, 22 bytes, Stack size 24 bytes, printf5.o(i.__0printf$5), UNUSED)
<BR><BR>[Calls]<UL><LI><a href="#[ba]">&gt;&gt;</a>&nbsp;&nbsp;&nbsp;_printf_core
</UL>

<P><STRONG><a name="[f1]"></a>__1printf$5</STRONG> (Thumb, 0 bytes, Stack size 24 bytes, printf5.o(i.__0printf$5), UNUSED)

<P><STRONG><a name="[ce]"></a>__2printf</STRONG> (Thumb, 0 bytes, Stack size 24 bytes, printf5.o(i.__0printf$5))
<BR><BR>[Stack]<UL><LI>Max Depth = 24<LI>Call Chain = __2printf
</UL>
<BR>[Called By]<UL><LI><a href="#[d8]">&gt;&gt;</a>&nbsp;&nbsp;&nbsp;motor_chk
<LI><a href="#[cc]">&gt;&gt;</a>&nbsp;&nbsp;&nbsp;lmtswitch_dect
<LI><a href="#[e3]">&gt;&gt;</a>&nbsp;&nbsp;&nbsp;u485_process_in
<LI><a href="#[de]">&gt;&gt;</a>&nbsp;&nbsp;&nbsp;u485_process
<LI><a href="#[db]">&gt;&gt;</a>&nbsp;&nbsp;&nbsp;motor_overtime_print
</UL>

<P><STRONG><a name="[bb]"></a>__0snprintf$5</STRONG> (Thumb, 36 bytes, Stack size 32 bytes, printf5.o(i.__0snprintf$5), UNUSED)
<BR><BR>[Calls]<UL><LI><a href="#[ba]">&gt;&gt;</a>&nbsp;&nbsp;&nbsp;_printf_core
</UL>

<P><STRONG><a name="[f2]"></a>__1snprintf$5</STRONG> (Thumb, 0 bytes, Stack size 32 bytes, printf5.o(i.__0snprintf$5), UNUSED)

<P><STRONG><a name="[cd]"></a>__2snprintf</STRONG> (Thumb, 0 bytes, Stack size 32 bytes, printf5.o(i.__0snprintf$5))
<BR><BR>[Stack]<UL><LI>Max Depth = 32<LI>Call Chain = __2snprintf
</UL>
<BR>[Called By]<UL><LI><a href="#[d8]">&gt;&gt;</a>&nbsp;&nbsp;&nbsp;motor_chk
<LI><a href="#[cc]">&gt;&gt;</a>&nbsp;&nbsp;&nbsp;lmtswitch_dect
<LI><a href="#[e3]">&gt;&gt;</a>&nbsp;&nbsp;&nbsp;u485_process_in
<LI><a href="#[de]">&gt;&gt;</a>&nbsp;&nbsp;&nbsp;u485_process
<LI><a href="#[db]">&gt;&gt;</a>&nbsp;&nbsp;&nbsp;motor_overtime_print
</UL>

<P><STRONG><a name="[f3]"></a>__scatterload_copy</STRONG> (Thumb, 14 bytes, Stack size unknown bytes, handlers.o(i.__scatterload_copy), UNUSED)

<P><STRONG><a name="[f4]"></a>__scatterload_null</STRONG> (Thumb, 2 bytes, Stack size unknown bytes, handlers.o(i.__scatterload_null), UNUSED)

<P><STRONG><a name="[f5]"></a>__scatterload_zeroinit</STRONG> (Thumb, 14 bytes, Stack size unknown bytes, handlers.o(i.__scatterload_zeroinit), UNUSED)

<P><STRONG><a name="[bc]"></a>adc_init</STRONG> (Thumb, 132 bytes, Stack size 32 bytes, current.o(i.adc_init))
<BR><BR>[Stack]<UL><LI>Max Depth = 56<LI>Call Chain = adc_init &rArr; GPIO_Init
</UL>
<BR>[Calls]<UL><LI><a href="#[c4]">&gt;&gt;</a>&nbsp;&nbsp;&nbsp;ADC_StartCalibration
<LI><a href="#[c2]">&gt;&gt;</a>&nbsp;&nbsp;&nbsp;ADC_ResetCalibration
<LI><a href="#[c0]">&gt;&gt;</a>&nbsp;&nbsp;&nbsp;ADC_Init
<LI><a href="#[c3]">&gt;&gt;</a>&nbsp;&nbsp;&nbsp;ADC_GetResetCalibrationStatus
<LI><a href="#[c5]">&gt;&gt;</a>&nbsp;&nbsp;&nbsp;ADC_GetCalibrationStatus
<LI><a href="#[99]">&gt;&gt;</a>&nbsp;&nbsp;&nbsp;ADC_DeInit
<LI><a href="#[c1]">&gt;&gt;</a>&nbsp;&nbsp;&nbsp;ADC_Cmd
<LI><a href="#[bd]">&gt;&gt;</a>&nbsp;&nbsp;&nbsp;RCC_APB2PeriphClockCmd
<LI><a href="#[bf]">&gt;&gt;</a>&nbsp;&nbsp;&nbsp;GPIO_Init
<LI><a href="#[be]">&gt;&gt;</a>&nbsp;&nbsp;&nbsp;RCC_ADCCLKConfig
</UL>
<BR>[Called By]<UL><LI><a href="#[46]">&gt;&gt;</a>&nbsp;&nbsp;&nbsp;main
</UL>

<P><STRONG><a name="[d0]"></a>bufclr</STRONG> (Thumb, 20 bytes, Stack size 0 bytes, u485.o(i.bufclr))
<BR><BR>[Called By]<UL><LI><a href="#[cc]">&gt;&gt;</a>&nbsp;&nbsp;&nbsp;lmtswitch_dect
<LI><a href="#[e3]">&gt;&gt;</a>&nbsp;&nbsp;&nbsp;u485_process_in
<LI><a href="#[de]">&gt;&gt;</a>&nbsp;&nbsp;&nbsp;u485_process
<LI><a href="#[db]">&gt;&gt;</a>&nbsp;&nbsp;&nbsp;motor_overtime_print
</UL>

<P><STRONG><a name="[c6]"></a>crc_calculate</STRONG> (Thumb, 42 bytes, Stack size 24 bytes, crc.o(i.crc_calculate))
<BR><BR>[Stack]<UL><LI>Max Depth = 24<LI>Call Chain = crc_calculate
</UL>
<BR>[Calls]<UL><LI><a href="#[c7]">&gt;&gt;</a>&nbsp;&nbsp;&nbsp;CRC_ResetDR
</UL>
<BR>[Called By]<UL><LI><a href="#[d7]">&gt;&gt;</a>&nbsp;&nbsp;&nbsp;u485_tick
<LI><a href="#[d8]">&gt;&gt;</a>&nbsp;&nbsp;&nbsp;motor_chk
<LI><a href="#[cc]">&gt;&gt;</a>&nbsp;&nbsp;&nbsp;lmtswitch_dect
<LI><a href="#[e3]">&gt;&gt;</a>&nbsp;&nbsp;&nbsp;u485_process_in
<LI><a href="#[de]">&gt;&gt;</a>&nbsp;&nbsp;&nbsp;u485_process
</UL>

<P><STRONG><a name="[c8]"></a>crc_init</STRONG> (Thumb, 12 bytes, Stack size 8 bytes, crc.o(i.crc_init))
<BR><BR>[Stack]<UL><LI>Max Depth = 8<LI>Call Chain = crc_init
</UL>
<BR>[Calls]<UL><LI><a href="#[c9]">&gt;&gt;</a>&nbsp;&nbsp;&nbsp;RCC_AHBPeriphClockCmd
</UL>
<BR>[Called By]<UL><LI><a href="#[46]">&gt;&gt;</a>&nbsp;&nbsp;&nbsp;main
</UL>

<P><STRONG><a name="[e1]"></a>decode_hexword</STRONG> (Thumb, 134 bytes, Stack size 12 bytes, u485.o(i.decode_hexword))
<BR><BR>[Stack]<UL><LI>Max Depth = 12<LI>Call Chain = decode_hexword
</UL>
<BR>[Called By]<UL><LI><a href="#[de]">&gt;&gt;</a>&nbsp;&nbsp;&nbsp;u485_process
</UL>

<P><STRONG><a name="[ca]"></a>delay_init</STRONG> (Thumb, 50 bytes, Stack size 8 bytes, delay.o(i.delay_init))
<BR><BR>[Stack]<UL><LI>Max Depth = 8<LI>Call Chain = delay_init
</UL>
<BR>[Calls]<UL><LI><a href="#[cb]">&gt;&gt;</a>&nbsp;&nbsp;&nbsp;SysTick_CLKSourceConfig
</UL>
<BR>[Called By]<UL><LI><a href="#[46]">&gt;&gt;</a>&nbsp;&nbsp;&nbsp;main
</UL>

<P><STRONG><a name="[a0]"></a>delay_ms</STRONG> (Thumb, 72 bytes, Stack size 0 bytes, delay.o(i.delay_ms))
<BR><BR>[Called By]<UL><LI><a href="#[d8]">&gt;&gt;</a>&nbsp;&nbsp;&nbsp;motor_chk
<LI><a href="#[9b]">&gt;&gt;</a>&nbsp;&nbsp;&nbsp;Get_ADC_Value
<LI><a href="#[46]">&gt;&gt;</a>&nbsp;&nbsp;&nbsp;main
</UL>

<P><STRONG><a name="[cf]"></a>delay_us</STRONG> (Thumb, 72 bytes, Stack size 0 bytes, delay.o(i.delay_us))
<BR><BR>[Called By]<UL><LI><a href="#[d8]">&gt;&gt;</a>&nbsp;&nbsp;&nbsp;motor_chk
<LI><a href="#[cc]">&gt;&gt;</a>&nbsp;&nbsp;&nbsp;lmtswitch_dect
<LI><a href="#[e3]">&gt;&gt;</a>&nbsp;&nbsp;&nbsp;u485_process_in
<LI><a href="#[de]">&gt;&gt;</a>&nbsp;&nbsp;&nbsp;u485_process
<LI><a href="#[db]">&gt;&gt;</a>&nbsp;&nbsp;&nbsp;motor_overtime_print
</UL>

<P><STRONG><a name="[49]"></a>fputc</STRONG> (Thumb, 24 bytes, Stack size 0 bytes, usart.o(i.fputc))
<BR>[Address Reference Count : 1]<UL><LI> printf5.o(i.__0printf$5)
</UL>
<P><STRONG><a name="[cc]"></a>lmtswitch_dect</STRONG> (Thumb, 3676 bytes, Stack size 16 bytes, lswitch.o(i.lmtswitch_dect))
<BR><BR>[Stack]<UL><LI>Max Depth = 48<LI>Call Chain = lmtswitch_dect &rArr; __2snprintf
</UL>
<BR>[Calls]<UL><LI><a href="#[cf]">&gt;&gt;</a>&nbsp;&nbsp;&nbsp;delay_us
<LI><a href="#[c6]">&gt;&gt;</a>&nbsp;&nbsp;&nbsp;crc_calculate
<LI><a href="#[d0]">&gt;&gt;</a>&nbsp;&nbsp;&nbsp;bufclr
<LI><a href="#[cd]">&gt;&gt;</a>&nbsp;&nbsp;&nbsp;__2snprintf
<LI><a href="#[ce]">&gt;&gt;</a>&nbsp;&nbsp;&nbsp;__2printf
</UL>
<BR>[Called By]<UL><LI><a href="#[46]">&gt;&gt;</a>&nbsp;&nbsp;&nbsp;main
</UL>

<P><STRONG><a name="[d1]"></a>lmtswitch_init</STRONG> (Thumb, 236 bytes, Stack size 8 bytes, lswitch.o(i.lmtswitch_init))
<BR><BR>[Stack]<UL><LI>Max Depth = 32<LI>Call Chain = lmtswitch_init &rArr; GPIO_Init
</UL>
<BR>[Calls]<UL><LI><a href="#[bd]">&gt;&gt;</a>&nbsp;&nbsp;&nbsp;RCC_APB2PeriphClockCmd
<LI><a href="#[bf]">&gt;&gt;</a>&nbsp;&nbsp;&nbsp;GPIO_Init
<LI><a href="#[d2]">&gt;&gt;</a>&nbsp;&nbsp;&nbsp;GPIO_PinRemapConfig
</UL>
<BR>[Called By]<UL><LI><a href="#[46]">&gt;&gt;</a>&nbsp;&nbsp;&nbsp;main
</UL>

<P><STRONG><a name="[46]"></a>main</STRONG> (Thumb, 106 bytes, Stack size 0 bytes, main.o(i.main))
<BR><BR>[Stack]<UL><LI>Max Depth = 176<LI>Call Chain = main &rArr; u485_tick &rArr; u485_process &rArr; u485_process_in &rArr; __2snprintf
</UL>
<BR>[Calls]<UL><LI><a href="#[d7]">&gt;&gt;</a>&nbsp;&nbsp;&nbsp;u485_tick
<LI><a href="#[d4]">&gt;&gt;</a>&nbsp;&nbsp;&nbsp;u485_init
<LI><a href="#[d5]">&gt;&gt;</a>&nbsp;&nbsp;&nbsp;motor_init
<LI><a href="#[d8]">&gt;&gt;</a>&nbsp;&nbsp;&nbsp;motor_chk
<LI><a href="#[d6]">&gt;&gt;</a>&nbsp;&nbsp;&nbsp;mos_init
<LI><a href="#[d1]">&gt;&gt;</a>&nbsp;&nbsp;&nbsp;lmtswitch_init
<LI><a href="#[cc]">&gt;&gt;</a>&nbsp;&nbsp;&nbsp;lmtswitch_dect
<LI><a href="#[a0]">&gt;&gt;</a>&nbsp;&nbsp;&nbsp;delay_ms
<LI><a href="#[ca]">&gt;&gt;</a>&nbsp;&nbsp;&nbsp;delay_init
<LI><a href="#[c8]">&gt;&gt;</a>&nbsp;&nbsp;&nbsp;crc_init
<LI><a href="#[bc]">&gt;&gt;</a>&nbsp;&nbsp;&nbsp;adc_init
<LI><a href="#[ae]">&gt;&gt;</a>&nbsp;&nbsp;&nbsp;TIM3_Int_Init
<LI><a href="#[d3]">&gt;&gt;</a>&nbsp;&nbsp;&nbsp;NVIC_PriorityGroupConfig
<LI><a href="#[a9]">&gt;&gt;</a>&nbsp;&nbsp;&nbsp;IWDG_Feed
<LI><a href="#[a1]">&gt;&gt;</a>&nbsp;&nbsp;&nbsp;IWDG_Config
<LI><a href="#[9b]">&gt;&gt;</a>&nbsp;&nbsp;&nbsp;Get_ADC_Value
</UL>
<BR>[Address Reference Count : 1]<UL><LI> entry9a.o(.ARM.Collect$$$$0000000B)
</UL>
<P><STRONG><a name="[d6]"></a>mos_init</STRONG> (Thumb, 40 bytes, Stack size 8 bytes, mos.o(i.mos_init))
<BR><BR>[Stack]<UL><LI>Max Depth = 32<LI>Call Chain = mos_init &rArr; GPIO_Init
</UL>
<BR>[Calls]<UL><LI><a href="#[bd]">&gt;&gt;</a>&nbsp;&nbsp;&nbsp;RCC_APB2PeriphClockCmd
<LI><a href="#[bf]">&gt;&gt;</a>&nbsp;&nbsp;&nbsp;GPIO_Init
</UL>
<BR>[Called By]<UL><LI><a href="#[46]">&gt;&gt;</a>&nbsp;&nbsp;&nbsp;main
</UL>

<P><STRONG><a name="[4b]"></a>motor1</STRONG> (Thumb, 20 bytes, Stack size 0 bytes, motor.o(i.motor1))
<BR>[Address Reference Count : 1]<UL><LI> motor.o(i.motor_function)
</UL>
<P><STRONG><a name="[54]"></a>motor10</STRONG> (Thumb, 20 bytes, Stack size 0 bytes, motor.o(i.motor10))
<BR>[Address Reference Count : 1]<UL><LI> motor.o(i.motor_function)
</UL>
<P><STRONG><a name="[55]"></a>motor11</STRONG> (Thumb, 20 bytes, Stack size 0 bytes, motor.o(i.motor11))
<BR>[Address Reference Count : 1]<UL><LI> motor.o(i.motor_function)
</UL>
<P><STRONG><a name="[56]"></a>motor12</STRONG> (Thumb, 20 bytes, Stack size 0 bytes, motor.o(i.motor12))
<BR>[Address Reference Count : 1]<UL><LI> motor.o(i.motor_function)
</UL>
<P><STRONG><a name="[57]"></a>motor13</STRONG> (Thumb, 20 bytes, Stack size 0 bytes, motor.o(i.motor13))
<BR>[Address Reference Count : 1]<UL><LI> motor.o(i.motor_function)
</UL>
<P><STRONG><a name="[58]"></a>motor14</STRONG> (Thumb, 20 bytes, Stack size 0 bytes, motor.o(i.motor14))
<BR>[Address Reference Count : 1]<UL><LI> motor.o(i.motor_function)
</UL>
<P><STRONG><a name="[59]"></a>motor15</STRONG> (Thumb, 20 bytes, Stack size 0 bytes, motor.o(i.motor15))
<BR>[Address Reference Count : 1]<UL><LI> motor.o(i.motor_function)
</UL>
<P><STRONG><a name="[5a]"></a>motor16</STRONG> (Thumb, 20 bytes, Stack size 0 bytes, motor.o(i.motor16))
<BR>[Address Reference Count : 1]<UL><LI> motor.o(i.motor_function)
</UL>
<P><STRONG><a name="[5b]"></a>motor17</STRONG> (Thumb, 20 bytes, Stack size 0 bytes, motor.o(i.motor17))
<BR>[Address Reference Count : 1]<UL><LI> motor.o(i.motor_function)
</UL>
<P><STRONG><a name="[5c]"></a>motor18</STRONG> (Thumb, 20 bytes, Stack size 0 bytes, motor.o(i.motor18))
<BR>[Address Reference Count : 1]<UL><LI> motor.o(i.motor_function)
</UL>
<P><STRONG><a name="[5d]"></a>motor19</STRONG> (Thumb, 20 bytes, Stack size 0 bytes, motor.o(i.motor19))
<BR>[Address Reference Count : 1]<UL><LI> motor.o(i.motor_function)
</UL>
<P><STRONG><a name="[4c]"></a>motor2</STRONG> (Thumb, 20 bytes, Stack size 0 bytes, motor.o(i.motor2))
<BR>[Address Reference Count : 1]<UL><LI> motor.o(i.motor_function)
</UL>
<P><STRONG><a name="[5e]"></a>motor20</STRONG> (Thumb, 20 bytes, Stack size 0 bytes, motor.o(i.motor20))
<BR>[Address Reference Count : 1]<UL><LI> motor.o(i.motor_function)
</UL>
<P><STRONG><a name="[5f]"></a>motor21</STRONG> (Thumb, 20 bytes, Stack size 0 bytes, motor.o(i.motor21))
<BR>[Address Reference Count : 1]<UL><LI> motor.o(i.motor_function)
</UL>
<P><STRONG><a name="[60]"></a>motor22</STRONG> (Thumb, 20 bytes, Stack size 0 bytes, motor.o(i.motor22))
<BR>[Address Reference Count : 1]<UL><LI> motor.o(i.motor_function)
</UL>
<P><STRONG><a name="[61]"></a>motor23</STRONG> (Thumb, 20 bytes, Stack size 0 bytes, motor.o(i.motor23))
<BR>[Address Reference Count : 1]<UL><LI> motor.o(i.motor_function)
</UL>
<P><STRONG><a name="[62]"></a>motor24</STRONG> (Thumb, 20 bytes, Stack size 0 bytes, motor.o(i.motor24))
<BR>[Address Reference Count : 1]<UL><LI> motor.o(i.motor_function)
</UL>
<P><STRONG><a name="[63]"></a>motor25</STRONG> (Thumb, 20 bytes, Stack size 0 bytes, motor.o(i.motor25))
<BR>[Address Reference Count : 1]<UL><LI> motor.o(i.motor_function)
</UL>
<P><STRONG><a name="[64]"></a>motor26</STRONG> (Thumb, 20 bytes, Stack size 0 bytes, motor.o(i.motor26))
<BR>[Address Reference Count : 1]<UL><LI> motor.o(i.motor_function)
</UL>
<P><STRONG><a name="[65]"></a>motor27</STRONG> (Thumb, 20 bytes, Stack size 0 bytes, motor.o(i.motor27))
<BR>[Address Reference Count : 1]<UL><LI> motor.o(i.motor_function)
</UL>
<P><STRONG><a name="[66]"></a>motor28</STRONG> (Thumb, 20 bytes, Stack size 0 bytes, motor.o(i.motor28))
<BR>[Address Reference Count : 1]<UL><LI> motor.o(i.motor_function)
</UL>
<P><STRONG><a name="[67]"></a>motor29</STRONG> (Thumb, 20 bytes, Stack size 0 bytes, motor.o(i.motor29))
<BR>[Address Reference Count : 1]<UL><LI> motor.o(i.motor_function)
</UL>
<P><STRONG><a name="[4d]"></a>motor3</STRONG> (Thumb, 20 bytes, Stack size 0 bytes, motor.o(i.motor3))
<BR>[Address Reference Count : 1]<UL><LI> motor.o(i.motor_function)
</UL>
<P><STRONG><a name="[68]"></a>motor30</STRONG> (Thumb, 20 bytes, Stack size 0 bytes, motor.o(i.motor30))
<BR>[Address Reference Count : 1]<UL><LI> motor.o(i.motor_function)
</UL>
<P><STRONG><a name="[69]"></a>motor31</STRONG> (Thumb, 20 bytes, Stack size 0 bytes, motor.o(i.motor31))
<BR>[Address Reference Count : 1]<UL><LI> motor.o(i.motor_function)
</UL>
<P><STRONG><a name="[6a]"></a>motor32</STRONG> (Thumb, 20 bytes, Stack size 0 bytes, motor.o(i.motor32))
<BR>[Address Reference Count : 1]<UL><LI> motor.o(i.motor_function)
</UL>
<P><STRONG><a name="[6b]"></a>motor33</STRONG> (Thumb, 20 bytes, Stack size 0 bytes, motor.o(i.motor33))
<BR>[Address Reference Count : 1]<UL><LI> motor.o(i.motor_function)
</UL>
<P><STRONG><a name="[6c]"></a>motor34</STRONG> (Thumb, 20 bytes, Stack size 0 bytes, motor.o(i.motor34))
<BR>[Address Reference Count : 1]<UL><LI> motor.o(i.motor_function)
</UL>
<P><STRONG><a name="[6d]"></a>motor35</STRONG> (Thumb, 20 bytes, Stack size 0 bytes, motor.o(i.motor35))
<BR>[Address Reference Count : 1]<UL><LI> motor.o(i.motor_function)
</UL>
<P><STRONG><a name="[6e]"></a>motor36</STRONG> (Thumb, 20 bytes, Stack size 0 bytes, motor.o(i.motor36))
<BR>[Address Reference Count : 1]<UL><LI> motor.o(i.motor_function)
</UL>
<P><STRONG><a name="[4e]"></a>motor4</STRONG> (Thumb, 20 bytes, Stack size 0 bytes, motor.o(i.motor4))
<BR>[Address Reference Count : 1]<UL><LI> motor.o(i.motor_function)
</UL>
<P><STRONG><a name="[4f]"></a>motor5</STRONG> (Thumb, 20 bytes, Stack size 0 bytes, motor.o(i.motor5))
<BR>[Address Reference Count : 1]<UL><LI> motor.o(i.motor_function)
</UL>
<P><STRONG><a name="[50]"></a>motor6</STRONG> (Thumb, 20 bytes, Stack size 0 bytes, motor.o(i.motor6))
<BR>[Address Reference Count : 1]<UL><LI> motor.o(i.motor_function)
</UL>
<P><STRONG><a name="[51]"></a>motor7</STRONG> (Thumb, 20 bytes, Stack size 0 bytes, motor.o(i.motor7))
<BR>[Address Reference Count : 1]<UL><LI> motor.o(i.motor_function)
</UL>
<P><STRONG><a name="[52]"></a>motor8</STRONG> (Thumb, 20 bytes, Stack size 0 bytes, motor.o(i.motor8))
<BR>[Address Reference Count : 1]<UL><LI> motor.o(i.motor_function)
</UL>
<P><STRONG><a name="[53]"></a>motor9</STRONG> (Thumb, 20 bytes, Stack size 0 bytes, motor.o(i.motor9))
<BR>[Address Reference Count : 1]<UL><LI> motor.o(i.motor_function)
</UL>
<P><STRONG><a name="[d8]"></a>motor_chk</STRONG> (Thumb, 290 bytes, Stack size 24 bytes, motor.o(i.motor_chk))
<BR><BR>[Stack]<UL><LI>Max Depth = 68<LI>Call Chain = motor_chk &rArr; Get_ADC_Value &rArr; ADC_RegularChannelConfig
</UL>
<BR>[Calls]<UL><LI><a href="#[cf]">&gt;&gt;</a>&nbsp;&nbsp;&nbsp;delay_us
<LI><a href="#[a0]">&gt;&gt;</a>&nbsp;&nbsp;&nbsp;delay_ms
<LI><a href="#[9b]">&gt;&gt;</a>&nbsp;&nbsp;&nbsp;Get_ADC_Value
<LI><a href="#[c6]">&gt;&gt;</a>&nbsp;&nbsp;&nbsp;crc_calculate
<LI><a href="#[cd]">&gt;&gt;</a>&nbsp;&nbsp;&nbsp;__2snprintf
<LI><a href="#[ce]">&gt;&gt;</a>&nbsp;&nbsp;&nbsp;__2printf
</UL>
<BR>[Called By]<UL><LI><a href="#[46]">&gt;&gt;</a>&nbsp;&nbsp;&nbsp;main
</UL>

<P><STRONG><a name="[e4]"></a>motor_close</STRONG> (Thumb, 178 bytes, Stack size 0 bytes, motor.o(i.motor_close))
<BR><BR>[Called By]<UL><LI><a href="#[de]">&gt;&gt;</a>&nbsp;&nbsp;&nbsp;u485_process
</UL>

<P><STRONG><a name="[da]"></a>motor_function</STRONG> (Thumb, 156 bytes, Stack size 0 bytes, motor.o(i.motor_function))
<BR><BR>[Called By]<UL><LI><a href="#[d5]">&gt;&gt;</a>&nbsp;&nbsp;&nbsp;motor_init
</UL>

<P><STRONG><a name="[d5]"></a>motor_init</STRONG> (Thumb, 198 bytes, Stack size 8 bytes, motor.o(i.motor_init))
<BR><BR>[Stack]<UL><LI>Max Depth = 32<LI>Call Chain = motor_init &rArr; GPIO_Init
</UL>
<BR>[Calls]<UL><LI><a href="#[bd]">&gt;&gt;</a>&nbsp;&nbsp;&nbsp;RCC_APB2PeriphClockCmd
<LI><a href="#[d9]">&gt;&gt;</a>&nbsp;&nbsp;&nbsp;GPIO_ResetBits
<LI><a href="#[bf]">&gt;&gt;</a>&nbsp;&nbsp;&nbsp;GPIO_Init
<LI><a href="#[da]">&gt;&gt;</a>&nbsp;&nbsp;&nbsp;motor_function
</UL>
<BR>[Called By]<UL><LI><a href="#[46]">&gt;&gt;</a>&nbsp;&nbsp;&nbsp;main
</UL>

<P><STRONG><a name="[db]"></a>motor_overtime_print</STRONG> (Thumb, 262 bytes, Stack size 48 bytes, u485.o(i.motor_overtime_print))
<BR><BR>[Stack]<UL><LI>Max Depth = 80<LI>Call Chain = motor_overtime_print &rArr; __2snprintf
</UL>
<BR>[Calls]<UL><LI><a href="#[c7]">&gt;&gt;</a>&nbsp;&nbsp;&nbsp;CRC_ResetDR
<LI><a href="#[cf]">&gt;&gt;</a>&nbsp;&nbsp;&nbsp;delay_us
<LI><a href="#[d0]">&gt;&gt;</a>&nbsp;&nbsp;&nbsp;bufclr
<LI><a href="#[cd]">&gt;&gt;</a>&nbsp;&nbsp;&nbsp;__2snprintf
<LI><a href="#[ce]">&gt;&gt;</a>&nbsp;&nbsp;&nbsp;__2printf
</UL>
<BR>[Called By]<UL><LI><a href="#[d7]">&gt;&gt;</a>&nbsp;&nbsp;&nbsp;u485_tick
</UL>

<P><STRONG><a name="[e2]"></a>motor_start_manage</STRONG> (Thumb, 754 bytes, Stack size 16 bytes, motor.o(i.motor_start_manage))
<BR><BR>[Stack]<UL><LI>Max Depth = 16<LI>Call Chain = motor_start_manage
</UL>
<BR>[Called By]<UL><LI><a href="#[de]">&gt;&gt;</a>&nbsp;&nbsp;&nbsp;u485_process
</UL>

<P><STRONG><a name="[6f]"></a>readS0</STRONG> (Thumb, 8 bytes, Stack size 0 bytes, lswitch.o(i.readS0))
<BR>[Address Reference Count : 1]<UL><LI> lswitch.o(i.s_in)
</UL>
<P><STRONG><a name="[70]"></a>readS1</STRONG> (Thumb, 8 bytes, Stack size 0 bytes, lswitch.o(i.readS1))
<BR>[Address Reference Count : 1]<UL><LI> lswitch.o(i.s_in)
</UL>
<P><STRONG><a name="[79]"></a>readS10</STRONG> (Thumb, 8 bytes, Stack size 0 bytes, lswitch.o(i.readS10))
<BR>[Address Reference Count : 1]<UL><LI> lswitch.o(i.s_in)
</UL>
<P><STRONG><a name="[7a]"></a>readS11</STRONG> (Thumb, 8 bytes, Stack size 0 bytes, lswitch.o(i.readS11))
<BR>[Address Reference Count : 1]<UL><LI> lswitch.o(i.s_in)
</UL>
<P><STRONG><a name="[7b]"></a>readS12</STRONG> (Thumb, 8 bytes, Stack size 0 bytes, lswitch.o(i.readS12))
<BR>[Address Reference Count : 1]<UL><LI> lswitch.o(i.s_in)
</UL>
<P><STRONG><a name="[7c]"></a>readS13</STRONG> (Thumb, 8 bytes, Stack size 0 bytes, lswitch.o(i.readS13))
<BR>[Address Reference Count : 1]<UL><LI> lswitch.o(i.s_in)
</UL>
<P><STRONG><a name="[7d]"></a>readS14</STRONG> (Thumb, 8 bytes, Stack size 0 bytes, lswitch.o(i.readS14))
<BR>[Address Reference Count : 1]<UL><LI> lswitch.o(i.s_in)
</UL>
<P><STRONG><a name="[7e]"></a>readS15</STRONG> (Thumb, 8 bytes, Stack size 0 bytes, lswitch.o(i.readS15))
<BR>[Address Reference Count : 1]<UL><LI> lswitch.o(i.s_in)
</UL>
<P><STRONG><a name="[7f]"></a>readS16</STRONG> (Thumb, 8 bytes, Stack size 0 bytes, lswitch.o(i.readS16))
<BR>[Address Reference Count : 1]<UL><LI> lswitch.o(i.s_in)
</UL>
<P><STRONG><a name="[80]"></a>readS17</STRONG> (Thumb, 8 bytes, Stack size 0 bytes, lswitch.o(i.readS17))
<BR>[Address Reference Count : 1]<UL><LI> lswitch.o(i.s_in)
</UL>
<P><STRONG><a name="[81]"></a>readS18</STRONG> (Thumb, 8 bytes, Stack size 0 bytes, lswitch.o(i.readS18))
<BR>[Address Reference Count : 1]<UL><LI> lswitch.o(i.s_in)
</UL>
<P><STRONG><a name="[82]"></a>readS19</STRONG> (Thumb, 8 bytes, Stack size 0 bytes, lswitch.o(i.readS19))
<BR>[Address Reference Count : 1]<UL><LI> lswitch.o(i.s_in)
</UL>
<P><STRONG><a name="[71]"></a>readS2</STRONG> (Thumb, 8 bytes, Stack size 0 bytes, lswitch.o(i.readS2))
<BR>[Address Reference Count : 1]<UL><LI> lswitch.o(i.s_in)
</UL>
<P><STRONG><a name="[83]"></a>readS20</STRONG> (Thumb, 8 bytes, Stack size 0 bytes, lswitch.o(i.readS20))
<BR>[Address Reference Count : 1]<UL><LI> lswitch.o(i.s_in)
</UL>
<P><STRONG><a name="[84]"></a>readS21</STRONG> (Thumb, 8 bytes, Stack size 0 bytes, lswitch.o(i.readS21))
<BR>[Address Reference Count : 1]<UL><LI> lswitch.o(i.s_in)
</UL>
<P><STRONG><a name="[85]"></a>readS22</STRONG> (Thumb, 8 bytes, Stack size 0 bytes, lswitch.o(i.readS22))
<BR>[Address Reference Count : 1]<UL><LI> lswitch.o(i.s_in)
</UL>
<P><STRONG><a name="[86]"></a>readS23</STRONG> (Thumb, 8 bytes, Stack size 0 bytes, lswitch.o(i.readS23))
<BR>[Address Reference Count : 1]<UL><LI> lswitch.o(i.s_in)
</UL>
<P><STRONG><a name="[87]"></a>readS24</STRONG> (Thumb, 8 bytes, Stack size 0 bytes, lswitch.o(i.readS24))
<BR>[Address Reference Count : 1]<UL><LI> lswitch.o(i.s_in)
</UL>
<P><STRONG><a name="[88]"></a>readS25</STRONG> (Thumb, 8 bytes, Stack size 0 bytes, lswitch.o(i.readS25))
<BR>[Address Reference Count : 1]<UL><LI> lswitch.o(i.s_in)
</UL>
<P><STRONG><a name="[89]"></a>readS26</STRONG> (Thumb, 8 bytes, Stack size 0 bytes, lswitch.o(i.readS26))
<BR>[Address Reference Count : 1]<UL><LI> lswitch.o(i.s_in)
</UL>
<P><STRONG><a name="[8a]"></a>readS27</STRONG> (Thumb, 8 bytes, Stack size 0 bytes, lswitch.o(i.readS27))
<BR>[Address Reference Count : 1]<UL><LI> lswitch.o(i.s_in)
</UL>
<P><STRONG><a name="[8b]"></a>readS28</STRONG> (Thumb, 8 bytes, Stack size 0 bytes, lswitch.o(i.readS28))
<BR>[Address Reference Count : 1]<UL><LI> lswitch.o(i.s_in)
</UL>
<P><STRONG><a name="[8c]"></a>readS29</STRONG> (Thumb, 8 bytes, Stack size 0 bytes, lswitch.o(i.readS29))
<BR>[Address Reference Count : 1]<UL><LI> lswitch.o(i.s_in)
</UL>
<P><STRONG><a name="[72]"></a>readS3</STRONG> (Thumb, 8 bytes, Stack size 0 bytes, lswitch.o(i.readS3))
<BR>[Address Reference Count : 1]<UL><LI> lswitch.o(i.s_in)
</UL>
<P><STRONG><a name="[8d]"></a>readS30</STRONG> (Thumb, 8 bytes, Stack size 0 bytes, lswitch.o(i.readS30))
<BR>[Address Reference Count : 1]<UL><LI> lswitch.o(i.s_in)
</UL>
<P><STRONG><a name="[8e]"></a>readS31</STRONG> (Thumb, 8 bytes, Stack size 0 bytes, lswitch.o(i.readS31))
<BR>[Address Reference Count : 1]<UL><LI> lswitch.o(i.s_in)
</UL>
<P><STRONG><a name="[8f]"></a>readS32</STRONG> (Thumb, 8 bytes, Stack size 0 bytes, lswitch.o(i.readS32))
<BR>[Address Reference Count : 1]<UL><LI> lswitch.o(i.s_in)
</UL>
<P><STRONG><a name="[90]"></a>readS33</STRONG> (Thumb, 8 bytes, Stack size 0 bytes, lswitch.o(i.readS33))
<BR>[Address Reference Count : 1]<UL><LI> lswitch.o(i.s_in)
</UL>
<P><STRONG><a name="[91]"></a>readS34</STRONG> (Thumb, 8 bytes, Stack size 0 bytes, lswitch.o(i.readS34))
<BR>[Address Reference Count : 1]<UL><LI> lswitch.o(i.s_in)
</UL>
<P><STRONG><a name="[92]"></a>readS35</STRONG> (Thumb, 8 bytes, Stack size 0 bytes, lswitch.o(i.readS35))
<BR>[Address Reference Count : 1]<UL><LI> lswitch.o(i.s_in)
</UL>
<P><STRONG><a name="[73]"></a>readS4</STRONG> (Thumb, 8 bytes, Stack size 0 bytes, lswitch.o(i.readS4))
<BR>[Address Reference Count : 1]<UL><LI> lswitch.o(i.s_in)
</UL>
<P><STRONG><a name="[74]"></a>readS5</STRONG> (Thumb, 8 bytes, Stack size 0 bytes, lswitch.o(i.readS5))
<BR>[Address Reference Count : 1]<UL><LI> lswitch.o(i.s_in)
</UL>
<P><STRONG><a name="[75]"></a>readS6</STRONG> (Thumb, 8 bytes, Stack size 0 bytes, lswitch.o(i.readS6))
<BR>[Address Reference Count : 1]<UL><LI> lswitch.o(i.s_in)
</UL>
<P><STRONG><a name="[76]"></a>readS7</STRONG> (Thumb, 8 bytes, Stack size 0 bytes, lswitch.o(i.readS7))
<BR>[Address Reference Count : 1]<UL><LI> lswitch.o(i.s_in)
</UL>
<P><STRONG><a name="[77]"></a>readS8</STRONG> (Thumb, 8 bytes, Stack size 0 bytes, lswitch.o(i.readS8))
<BR>[Address Reference Count : 1]<UL><LI> lswitch.o(i.s_in)
</UL>
<P><STRONG><a name="[78]"></a>readS9</STRONG> (Thumb, 8 bytes, Stack size 0 bytes, lswitch.o(i.readS9))
<BR>[Address Reference Count : 1]<UL><LI> lswitch.o(i.s_in)
</UL>
<P><STRONG><a name="[e7]"></a>s_in</STRONG> (Thumb, 156 bytes, Stack size 0 bytes, lswitch.o(i.s_in))
<BR><BR>[Called By]<UL><LI><a href="#[e3]">&gt;&gt;</a>&nbsp;&nbsp;&nbsp;u485_process_in
</UL>

<P><STRONG><a name="[d4]"></a>u485_init</STRONG> (Thumb, 198 bytes, Stack size 32 bytes, usart.o(i.u485_init))
<BR><BR>[Stack]<UL><LI>Max Depth = 100<LI>Call Chain = u485_init &rArr; USART_Init &rArr; RCC_GetClocksFreq
</UL>
<BR>[Calls]<UL><LI><a href="#[b7]">&gt;&gt;</a>&nbsp;&nbsp;&nbsp;USART_Init
<LI><a href="#[dc]">&gt;&gt;</a>&nbsp;&nbsp;&nbsp;USART_ITConfig
<LI><a href="#[dd]">&gt;&gt;</a>&nbsp;&nbsp;&nbsp;USART_Cmd
<LI><a href="#[bd]">&gt;&gt;</a>&nbsp;&nbsp;&nbsp;RCC_APB2PeriphClockCmd
<LI><a href="#[b2]">&gt;&gt;</a>&nbsp;&nbsp;&nbsp;NVIC_Init
<LI><a href="#[d9]">&gt;&gt;</a>&nbsp;&nbsp;&nbsp;GPIO_ResetBits
<LI><a href="#[bf]">&gt;&gt;</a>&nbsp;&nbsp;&nbsp;GPIO_Init
</UL>
<BR>[Called By]<UL><LI><a href="#[46]">&gt;&gt;</a>&nbsp;&nbsp;&nbsp;main
</UL>

<P><STRONG><a name="[de]"></a>u485_process</STRONG> (Thumb, 1840 bytes, Stack size 72 bytes, u485.o(i.u485_process))
<BR><BR>[Stack]<UL><LI>Max Depth = 168<LI>Call Chain = u485_process &rArr; u485_process_in &rArr; __2snprintf
</UL>
<BR>[Calls]<UL><LI><a href="#[cf]">&gt;&gt;</a>&nbsp;&nbsp;&nbsp;delay_us
<LI><a href="#[9b]">&gt;&gt;</a>&nbsp;&nbsp;&nbsp;Get_ADC_Value
<LI><a href="#[c6]">&gt;&gt;</a>&nbsp;&nbsp;&nbsp;crc_calculate
<LI><a href="#[d0]">&gt;&gt;</a>&nbsp;&nbsp;&nbsp;bufclr
<LI><a href="#[cd]">&gt;&gt;</a>&nbsp;&nbsp;&nbsp;__2snprintf
<LI><a href="#[ce]">&gt;&gt;</a>&nbsp;&nbsp;&nbsp;__2printf
<LI><a href="#[df]">&gt;&gt;</a>&nbsp;&nbsp;&nbsp;strtok
<LI><a href="#[e0]">&gt;&gt;</a>&nbsp;&nbsp;&nbsp;strcmp
<LI><a href="#[e5]">&gt;&gt;</a>&nbsp;&nbsp;&nbsp;u485_tx_on
<LI><a href="#[e6]">&gt;&gt;</a>&nbsp;&nbsp;&nbsp;u485_tx_off
<LI><a href="#[e3]">&gt;&gt;</a>&nbsp;&nbsp;&nbsp;u485_process_in
<LI><a href="#[e1]">&gt;&gt;</a>&nbsp;&nbsp;&nbsp;decode_hexword
<LI><a href="#[e2]">&gt;&gt;</a>&nbsp;&nbsp;&nbsp;motor_start_manage
<LI><a href="#[e4]">&gt;&gt;</a>&nbsp;&nbsp;&nbsp;motor_close
</UL>
<BR>[Called By]<UL><LI><a href="#[d7]">&gt;&gt;</a>&nbsp;&nbsp;&nbsp;u485_tick
</UL>

<P><STRONG><a name="[e3]"></a>u485_process_in</STRONG> (Thumb, 266 bytes, Stack size 64 bytes, u485.o(i.u485_process_in))
<BR><BR>[Stack]<UL><LI>Max Depth = 96<LI>Call Chain = u485_process_in &rArr; __2snprintf
</UL>
<BR>[Calls]<UL><LI><a href="#[cf]">&gt;&gt;</a>&nbsp;&nbsp;&nbsp;delay_us
<LI><a href="#[c6]">&gt;&gt;</a>&nbsp;&nbsp;&nbsp;crc_calculate
<LI><a href="#[d0]">&gt;&gt;</a>&nbsp;&nbsp;&nbsp;bufclr
<LI><a href="#[e7]">&gt;&gt;</a>&nbsp;&nbsp;&nbsp;s_in
<LI><a href="#[cd]">&gt;&gt;</a>&nbsp;&nbsp;&nbsp;__2snprintf
<LI><a href="#[ce]">&gt;&gt;</a>&nbsp;&nbsp;&nbsp;__2printf
</UL>
<BR>[Called By]<UL><LI><a href="#[de]">&gt;&gt;</a>&nbsp;&nbsp;&nbsp;u485_process
</UL>

<P><STRONG><a name="[b6]"></a>u485_queue_init</STRONG> (Thumb, 52 bytes, Stack size 0 bytes, u485.o(i.u485_queue_init))
<BR><BR>[Called By]<UL><LI><a href="#[2f]">&gt;&gt;</a>&nbsp;&nbsp;&nbsp;USART1_IRQHandler
<LI><a href="#[d7]">&gt;&gt;</a>&nbsp;&nbsp;&nbsp;u485_tick
</UL>

<P><STRONG><a name="[d7]"></a>u485_tick</STRONG> (Thumb, 290 bytes, Stack size 8 bytes, u485.o(i.u485_tick))
<BR><BR>[Stack]<UL><LI>Max Depth = 176<LI>Call Chain = u485_tick &rArr; u485_process &rArr; u485_process_in &rArr; __2snprintf
</UL>
<BR>[Calls]<UL><LI><a href="#[b6]">&gt;&gt;</a>&nbsp;&nbsp;&nbsp;u485_queue_init
<LI><a href="#[c6]">&gt;&gt;</a>&nbsp;&nbsp;&nbsp;crc_calculate
<LI><a href="#[de]">&gt;&gt;</a>&nbsp;&nbsp;&nbsp;u485_process
<LI><a href="#[db]">&gt;&gt;</a>&nbsp;&nbsp;&nbsp;motor_overtime_print
</UL>
<BR>[Called By]<UL><LI><a href="#[46]">&gt;&gt;</a>&nbsp;&nbsp;&nbsp;main
</UL>

<P><STRONG><a name="[e6]"></a>u485_tx_off</STRONG> (Thumb, 8 bytes, Stack size 0 bytes, u485.o(i.u485_tx_off))
<BR><BR>[Called By]<UL><LI><a href="#[de]">&gt;&gt;</a>&nbsp;&nbsp;&nbsp;u485_process
</UL>

<P><STRONG><a name="[e5]"></a>u485_tx_on</STRONG> (Thumb, 8 bytes, Stack size 0 bytes, u485.o(i.u485_tx_on))
<BR><BR>[Called By]<UL><LI><a href="#[de]">&gt;&gt;</a>&nbsp;&nbsp;&nbsp;u485_process
</UL>
<P>
<H3>
Local Symbols
</H3>
<P><STRONG><a name="[aa]"></a>SetSysClock</STRONG> (Thumb, 8 bytes, Stack size 8 bytes, system_stm32f10x.o(i.SetSysClock))
<BR><BR>[Stack]<UL><LI>Max Depth = 20<LI>Call Chain = SetSysClock &rArr; SetSysClockTo72
</UL>
<BR>[Calls]<UL><LI><a href="#[ab]">&gt;&gt;</a>&nbsp;&nbsp;&nbsp;SetSysClockTo72
</UL>
<BR>[Called By]<UL><LI><a href="#[47]">&gt;&gt;</a>&nbsp;&nbsp;&nbsp;SystemInit
</UL>

<P><STRONG><a name="[ab]"></a>SetSysClockTo72</STRONG> (Thumb, 214 bytes, Stack size 12 bytes, system_stm32f10x.o(i.SetSysClockTo72))
<BR><BR>[Stack]<UL><LI>Max Depth = 12<LI>Call Chain = SetSysClockTo72
</UL>
<BR>[Called By]<UL><LI><a href="#[aa]">&gt;&gt;</a>&nbsp;&nbsp;&nbsp;SetSysClock
</UL>

<P><STRONG><a name="[ba]"></a>_printf_core</STRONG> (Thumb, 658 bytes, Stack size 104 bytes, printf5.o(i._printf_core), UNUSED)
<BR><BR>[Calls]<UL><LI><a href="#[95]">&gt;&gt;</a>&nbsp;&nbsp;&nbsp;__aeabi_uldivmod
</UL>
<BR>[Called By]<UL><LI><a href="#[bb]">&gt;&gt;</a>&nbsp;&nbsp;&nbsp;__0snprintf$5
<LI><a href="#[b9]">&gt;&gt;</a>&nbsp;&nbsp;&nbsp;__0printf$5
</UL>

<P><STRONG><a name="[4a]"></a>_snputc</STRONG> (Thumb, 22 bytes, Stack size 0 bytes, printf5.o(i._snputc))
<BR>[Address Reference Count : 1]<UL><LI> printf5.o(i.__0snprintf$5)
</UL><P>
<H3>
Undefined Global Symbols
</H3><HR></body></html>
